Modules list:
-------------
main.o:
    CODE              Offs=000000  Size=00416B  Align=00001  Fill=0000
    RODATA            Offs=000000  Size=0003BD  Align=00001  Fill=0000
    BSS               Offs=000000  Size=00008C  Align=00001  Fill=0000
    DATA              Offs=000000  Size=0003F7  Align=00001  Fill=0000
libsedoric-ca65.o:
    CODE              Offs=00416B  Size=0001EA  Align=00001  Fill=0000
mymplayer-ca65.o:
    CODE              Offs=004355  Size=00028C  Align=00001  Fill=0000
    ZEROPAGE          Offs=000000  Size=00000C  Align=00001  Fill=0000
/mnt/l/cc65/lib/atmos.lib(_cursor.o):
    BSS               Offs=00008C  Size=000001  Align=00001  Fill=0000
/mnt/l/cc65/lib/atmos.lib(_directerrno.o):
    CODE              Offs=0045E1  Size=00000A  Align=00001  Fill=0000
/mnt/l/cc65/lib/atmos.lib(_heap.o):
    DATA              Offs=0003F7  Size=00000A  Align=00001  Fill=0000
    ONCE              Offs=000000  Size=000010  Align=00001  Fill=0000
/mnt/l/cc65/lib/atmos.lib(_hextab.o):
    RODATA            Offs=0003BD  Size=000010  Align=00001  Fill=0000
/mnt/l/cc65/lib/atmos.lib(_longminstr.o):
    RODATA            Offs=0003CD  Size=00000C  Align=00001  Fill=0000
/mnt/l/cc65/lib/atmos.lib(_oserror.o):
    BSS               Offs=00008D  Size=000001  Align=00001  Fill=0000
/mnt/l/cc65/lib/atmos.lib(_printf.o):
    CODE              Offs=0045EB  Size=0003A5  Align=00001  Fill=0000
    BSS               Offs=00008E  Size=00002B  Align=00001  Fill=0000
    DATA              Offs=000401  Size=000003  Align=00001  Fill=0000
/mnt/l/cc65/lib/atmos.lib(_seterrno.o):
    CODE              Offs=004990  Size=000009  Align=00001  Fill=0000
/mnt/l/cc65/lib/atmos.lib(add.o):
    CODE              Offs=004999  Size=00001C  Align=00001  Fill=0000
/mnt/l/cc65/lib/atmos.lib(addeqsp.o):
    CODE              Offs=0049B5  Size=000011  Align=00001  Fill=0000
/mnt/l/cc65/lib/atmos.lib(addysp.o):
    CODE              Offs=0049C6  Size=00000E  Align=00001  Fill=0000
/mnt/l/cc65/lib/atmos.lib(aslax2.o):
    CODE              Offs=0049D4  Size=00000B  Align=00001  Fill=0000
/mnt/l/cc65/lib/atmos.lib(aslax3.o):
    CODE              Offs=0049DF  Size=00000E  Align=00001  Fill=0000
/mnt/l/cc65/lib/atmos.lib(aslax4.o):
    CODE              Offs=0049ED  Size=000011  Align=00001  Fill=0000
/mnt/l/cc65/lib/atmos.lib(axlong.o):
    CODE              Offs=0049FE  Size=00000D  Align=00001  Fill=0000
/mnt/l/cc65/lib/atmos.lib(callmain.o):
    CODE              Offs=004A0B  Size=000017  Align=00001  Fill=0000
    DATA              Offs=000404  Size=000004  Align=00001  Fill=0000
/mnt/l/cc65/lib/atmos.lib(capslock.o):
    CODE              Offs=004A22  Size=000007  Align=00001  Fill=0000
    ONCE              Offs=000010  Size=00000C  Align=00001  Fill=0000
    INIT              Offs=000000  Size=000001  Align=00001  Fill=0000
/mnt/l/cc65/lib/atmos.lib(cgetc.o):
    CODE              Offs=004A29  Size=00002F  Align=00001  Fill=0000
/mnt/l/cc65/lib/atmos.lib(clock.o):
    CODE              Offs=004A58  Size=000011  Align=00001  Fill=0000
/mnt/l/cc65/lib/atmos.lib(clrscr.o):
    CODE              Offs=004A69  Size=000026  Align=00001  Fill=0000
/mnt/l/cc65/lib/atmos.lib(color.o):
/mnt/l/cc65/lib/atmos.lib(condes.o):
    CODE              Offs=004A8F  Size=00000C  Align=00001  Fill=0000
    DATA              Offs=000408  Size=000025  Align=00001  Fill=0000
    ONCE              Offs=00001C  Size=00000C  Align=00001  Fill=0000
/mnt/l/cc65/lib/atmos.lib(cprintf.o):
    CODE              Offs=004A9B  Size=00002A  Align=00001  Fill=0000
    BSS               Offs=0000B9  Size=000001  Align=00001  Fill=0000
/mnt/l/cc65/lib/atmos.lib(cputc.o):
    CODE              Offs=004AC5  Size=00004A  Align=00001  Fill=0000
    RODATA            Offs=0003D9  Size=000038  Align=00001  Fill=0000
    ONCE              Offs=000028  Size=000007  Align=00001  Fill=0000
/mnt/l/cc65/lib/atmos.lib(cputs.o):
    CODE              Offs=004B0F  Size=000023  Align=00001  Fill=0000
/mnt/l/cc65/lib/atmos.lib(crt0.o):
    STARTUP           Offs=000000  Size=000025  Align=00001  Fill=0000
    ONCE              Offs=00002F  Size=000020  Align=00001  Fill=0000
    INIT              Offs=000001  Size=00001C  Align=00001  Fill=0000
/mnt/l/cc65/lib/atmos.lib(ctype.o):
    RODATA            Offs=000411  Size=00008B  Align=00001  Fill=0000
/mnt/l/cc65/lib/atmos.lib(ctypemask.o):
    CODE              Offs=004B32  Size=00001E  Align=00001  Fill=0000
/mnt/l/cc65/lib/atmos.lib(decsp1.o):
    CODE              Offs=004B50  Size=000009  Align=00001  Fill=0000
/mnt/l/cc65/lib/atmos.lib(decsp2.o):
    CODE              Offs=004B59  Size=00000D  Align=00001  Fill=0000
/mnt/l/cc65/lib/atmos.lib(decsp3.o):
    CODE              Offs=004B66  Size=00000D  Align=00001  Fill=0000
/mnt/l/cc65/lib/atmos.lib(decsp4.o):
    CODE              Offs=004B73  Size=00000D  Align=00001  Fill=0000
/mnt/l/cc65/lib/atmos.lib(decsp5.o):
    CODE              Offs=004B80  Size=00000D  Align=00001  Fill=0000
/mnt/l/cc65/lib/atmos.lib(decsp6.o):
    CODE              Offs=004B8D  Size=00000D  Align=00001  Fill=0000
/mnt/l/cc65/lib/atmos.lib(decsp7.o):
    CODE              Offs=004B9A  Size=00000D  Align=00001  Fill=0000
/mnt/l/cc65/lib/atmos.lib(decsp8.o):
    CODE              Offs=004BA7  Size=00000D  Align=00001  Fill=0000
/mnt/l/cc65/lib/atmos.lib(errno.o):
    BSS               Offs=0000BA  Size=000002  Align=00001  Fill=0000
/mnt/l/cc65/lib/atmos.lib(free.o):
    CODE              Offs=004BB4  Size=0001D3  Align=00001  Fill=0000
/mnt/l/cc65/lib/atmos.lib(gotoxy.o):
    CODE              Offs=004D87  Size=00000D  Align=00001  Fill=0000
/mnt/l/cc65/lib/atmos.lib(icmp.o):
    CODE              Offs=004D94  Size=00002E  Align=00001  Fill=0000
/mnt/l/cc65/lib/atmos.lib(incsp1.o):
    CODE              Offs=004DC2  Size=000007  Align=00001  Fill=0000
/mnt/l/cc65/lib/atmos.lib(incsp2.o):
    CODE              Offs=004DC9  Size=000016  Align=00001  Fill=0000
/mnt/l/cc65/lib/atmos.lib(incsp3.o):
    CODE              Offs=004DDF  Size=000005  Align=00001  Fill=0000
/mnt/l/cc65/lib/atmos.lib(incsp4.o):
    CODE              Offs=004DE4  Size=000005  Align=00001  Fill=0000
/mnt/l/cc65/lib/atmos.lib(incsp5.o):
    CODE              Offs=004DE9  Size=000005  Align=00001  Fill=0000
/mnt/l/cc65/lib/atmos.lib(incsp6.o):
    CODE              Offs=004DEE  Size=000005  Align=00001  Fill=0000
/mnt/l/cc65/lib/atmos.lib(incsp8.o):
    CODE              Offs=004DF3  Size=000005  Align=00001  Fill=0000
/mnt/l/cc65/lib/atmos.lib(kbhit.o):
    CODE              Offs=004DF8  Size=000009  Align=00001  Fill=0000
/mnt/l/cc65/lib/atmos.lib(lcmp.o):
    CODE              Offs=004E01  Size=00003B  Align=00001  Fill=0000
/mnt/l/cc65/lib/atmos.lib(ldai.o):
    CODE              Offs=004E3C  Size=00000C  Align=00001  Fill=0000
/mnt/l/cc65/lib/atmos.lib(ldaxsp.o):
    CODE              Offs=004E48  Size=000009  Align=00001  Fill=0000
/mnt/l/cc65/lib/atmos.lib(lneg.o):
    CODE              Offs=004E51  Size=00001E  Align=00001  Fill=0000
/mnt/l/cc65/lib/atmos.lib(lpush.o):
    CODE              Offs=004E6F  Size=000021  Align=00001  Fill=0000
/mnt/l/cc65/lib/atmos.lib(lsub.o):
    CODE              Offs=004E90  Size=000027  Align=00001  Fill=0000
/mnt/l/cc65/lib/atmos.lib(ltoa.o):
    CODE              Offs=004EB7  Size=000095  Align=00001  Fill=0000
/mnt/l/cc65/lib/atmos.lib(lult.o):
    CODE              Offs=004F4C  Size=000006  Align=00001  Fill=0000
/mnt/l/cc65/lib/atmos.lib(makebool.o):
    CODE              Offs=004F52  Size=00002C  Align=00001  Fill=0000
/mnt/l/cc65/lib/atmos.lib(malloc.o):
    CODE              Offs=004F7E  Size=00010E  Align=00001  Fill=0000
/mnt/l/cc65/lib/atmos.lib(memcpy.o):
    CODE              Offs=00508C  Size=00003C  Align=00001  Fill=0000
/mnt/l/cc65/lib/atmos.lib(mod.o):
    CODE              Offs=0050C8  Size=000011  Align=00001  Fill=0000
/mnt/l/cc65/lib/atmos.lib(mul8.o):
    CODE              Offs=0050D9  Size=00003A  Align=00001  Fill=0000
/mnt/l/cc65/lib/atmos.lib(mulax10.o):
    CODE              Offs=005113  Size=000019  Align=00001  Fill=0000
/mnt/l/cc65/lib/atmos.lib(mulax6.o):
    CODE              Offs=00512C  Size=000016  Align=00001  Fill=0000
/mnt/l/cc65/lib/atmos.lib(negabs.o):
    CODE              Offs=005142  Size=000012  Align=00001  Fill=0000
/mnt/l/cc65/lib/atmos.lib(popa.o):
    CODE              Offs=005154  Size=00000C  Align=00001  Fill=0000
/mnt/l/cc65/lib/atmos.lib(popptr1.o):
    CODE              Offs=005160  Size=00000E  Align=00001  Fill=0000
/mnt/l/cc65/lib/atmos.lib(push1.o):
    CODE              Offs=00516E  Size=000005  Align=00001  Fill=0000
/mnt/l/cc65/lib/atmos.lib(pusha.o):
    CODE              Offs=005173  Size=000016  Align=00001  Fill=0000
/mnt/l/cc65/lib/atmos.lib(pushax.o):
    CODE              Offs=005189  Size=00001A  Align=00001  Fill=0000
/mnt/l/cc65/lib/atmos.lib(pushwsp.o):
    CODE              Offs=0051A3  Size=00001C  Align=00001  Fill=0000
/mnt/l/cc65/lib/atmos.lib(rand.o):
    CODE              Offs=0051BF  Size=000034  Align=00001  Fill=0000
    DATA              Offs=00042D  Size=000004  Align=00001  Fill=0000
/mnt/l/cc65/lib/atmos.lib(return0.o):
    CODE              Offs=0051F3  Size=000004  Align=00001  Fill=0000
/mnt/l/cc65/lib/atmos.lib(return1.o):
    CODE              Offs=0051F7  Size=000005  Align=00001  Fill=0000
/mnt/l/cc65/lib/atmos.lib(revers.o):
    CODE              Offs=0051FC  Size=000016  Align=00001  Fill=0000
    BSS               Offs=0000BC  Size=000001  Align=00001  Fill=0000
/mnt/l/cc65/lib/atmos.lib(shelp.o):
    CODE              Offs=005212  Size=000020  Align=00001  Fill=0000
/mnt/l/cc65/lib/atmos.lib(shrax1.o):
    CODE              Offs=005232  Size=000008  Align=00001  Fill=0000
/mnt/l/cc65/lib/atmos.lib(sprintf.o):
    CODE              Offs=00523A  Size=00002B  Align=00001  Fill=0000
    BSS               Offs=0000BD  Size=000001  Align=00001  Fill=0000
/mnt/l/cc65/lib/atmos.lib(staspidx.o):
    CODE              Offs=005265  Size=000016  Align=00001  Fill=0000
/mnt/l/cc65/lib/atmos.lib(staxsp.o):
    CODE              Offs=00527B  Size=00000B  Align=00001  Fill=0000
/mnt/l/cc65/lib/atmos.lib(strcat.o):
    CODE              Offs=005286  Size=000031  Align=00001  Fill=0000
/mnt/l/cc65/lib/atmos.lib(strchr.o):
    CODE              Offs=0052B7  Size=000027  Align=00001  Fill=0000
/mnt/l/cc65/lib/atmos.lib(strlen.o):
    CODE              Offs=0052DE  Size=000016  Align=00001  Fill=0000
/mnt/l/cc65/lib/atmos.lib(strlower.o):
    CODE              Offs=0052F4  Size=000027  Align=00001  Fill=0000
/mnt/l/cc65/lib/atmos.lib(sub.o):
    CODE              Offs=00531B  Size=000015  Align=00001  Fill=0000
/mnt/l/cc65/lib/atmos.lib(subysp.o):
    CODE              Offs=005330  Size=00000D  Align=00001  Fill=0000
/mnt/l/cc65/lib/atmos.lib(udiv.o):
    CODE              Offs=00533D  Size=00004F  Align=00001  Fill=0000
/mnt/l/cc65/lib/atmos.lib(umod.o):
    CODE              Offs=00538C  Size=000011  Align=00001  Fill=0000
/mnt/l/cc65/lib/atmos.lib(vcprintf.o):
    CODE              Offs=00539D  Size=00007A  Align=00001  Fill=0000
    DATA              Offs=000431  Size=000008  Align=00001  Fill=0000
/mnt/l/cc65/lib/atmos.lib(vsnprintf.o):
    CODE              Offs=005417  Size=0000DA  Align=00001  Fill=0000
    DATA              Offs=000439  Size=000008  Align=00001  Fill=0000
/mnt/l/cc65/lib/atmos.lib(vsprintf.o):
    CODE              Offs=0054F1  Size=000012  Align=00001  Fill=0000
/mnt/l/cc65/lib/atmos.lib(zerobss.o):
    CODE              Offs=005503  Size=000023  Align=00001  Fill=0000
/mnt/l/cc65/lib/atmos.lib(zeropage.o):
    ZEROPAGE          Offs=00000C  Size=00001A  Align=00001  Fill=0000


Segment list:
-------------
Name                   Start     End    Size  Align
----------------------------------------------------
ZEROPAGE              000050  000075  000026  00001
STARTUP               000501  000525  000025  00001
CODE                  000600  005B25  005526  00001
RODATA                005B26  005FC3  00049E  00001
DATA                  005FC4  006404  000441  00001
INIT                  006405  006421  00001D  00001
BSS                   006422  0064DF  0000BE  00001
ONCE                  006422  006476  000055  00001


Exports list by name:
---------------------
__BSS_RUN__               006422 RLA    __BSS_SIZE__              0000BE REA    
__CONSTRUCTOR_COUNT__     000003 REA    __CONSTRUCTOR_TABLE__     006471 RLA    
__DESTRUCTOR_COUNT__      000001 REA    __DESTRUCTOR_TABLE__      005FC2 RLA    
__MAIN_SIZE__             0080FF REA    __MAIN_START__            000501 RLA    
__ONCE_RUN__              006422 RLA    __RAMEND__                008600 REA    
__STACKSIZE__             000800 REA    __STARTUP__               000001 REA    
__ctype                   005F37 RLA    __ctypeidx                005F42 RLA    
__directerrno             004BE1 RLA    __errno                   0064DC RLA    
__heapend                 0063BF RLA    __heapfirst               0063C1 RLA    
__heaplast                0063C3 RLA    __heapptr                 0063BD RLA    
__hextab                  005EE3 RLA    __longminstr              005EF3 RLA    
__oserror                 0064AF RLA    __printf                  004CDE RLA    
__seterrno                004F90 RLA    _bgcolor                  0057F3 REA    
_cgetc                    005029 RLA    _clock                    005058 RLA    
_clrscr                   005069 RLA    _cprintf                  00509B RLA    
_cputc                    0050D0 RLA    _cputcxy                  0050C5 RLA    
_cputs                    005119 RLA    _cputsxy                  00510F RLA    
_endmusic                 0049AE REA    _free                     0051B4 RLA    
_gotoxy                   00538A RLA    _kbhit                    0053F8 RLA    
_ltoa                     0054CF RLA    _main                     0044FD RLA    
_malloc                   00557E RLA    _memcpy                   00568C RLA    
_rand                     0057CB RLA    _sed_begin                00476D RLA    
_sed_end                  00476F RLA    _sed_err                  004773 RLA    
_sed_fname                00476B RLA    _sed_loadfile             0047CF RLA    
_sed_savefile             004775 RLA    _sed_size                 004771 RLA    
_sprintf                  00583A RLA    _srand                    0057BF RLA    
_startmusic               004955 REA    _strcat                   005886 RLA    
_strchr                   0058B7 RLA    _strlen                   0058DE RLA    
_strlower                 0058F4 RLA    _textcolor                0057F7 REA    
_ultoa                    005510 RLA    _vcprintf                 0059E7 RLA    
_vsprintf                 005AF1 RLA    addeqysp                  004FB7 RLA    
addysp                    004FC7 RLA    addysp1                   004FC6 RLA    
aslax2                    004FD4 RLA    aslax3                    004FDF RLA    
aslax4                    004FED RLA    axlong                    004FFE RLA    
axulong                   005004 RLA    booleq                    005558 RLA    
boolult                   005571 RLA    callmain                  00500B RLA    
ctypemaskdirect           005136 RLA    cursor                    0064AE RLA    
decsp1                    005150 RLA    decsp2                    005159 RLA    
decsp3                    005166 RLA    decsp4                    005173 RLA    
decsp5                    005180 RLA    decsp6                    00518D RLA    
decsp7                    00519A RLA    decsp8                    0051A7 RLA    
disable_caps              006432 RLAI   donelib                   00508F RLA    
gotoxy                    005387 RLA    incsp1                    0053C2 RLA    
incsp2                    0053D1 RLA    incsp3                    0053DF RLA    
incsp4                    0053E4 RLA    incsp5                    0053E9 RLA    
incsp6                    0053EE RLA    incsp8                    0053F3 RLA    
initcputc                 00644A  LAI   initheap                  006422  LAI   
initlib                   00643E RLA    ldaidx                    00543C RLA    
ldaxysp                   00544A RLA    mulax10                   005713 RLA    
mulax6                    00572C RLA    negax                     005746 RLA    
negeax                    005451 RLA    popa                      005754 RLA    
popax                     0053C9 RLA    popptr1                   005760 RLA    
popsargsudiv16            005812 RLA    ptr1                      000064 RLZ    
ptr2                      000066 RLZ    ptr3                      000068 RLZ    
ptr4                      00006A RLZ    push0                     005789 RLA    
push1                     00576E RLA    pusha                     005777 RLA    
pusha0                    00578B RLA    pushax                    00578D RLA    
pusheax                   005478 RLA    pushw0sp                  0057A3 RLA    
pushwysp                  0057A5 RLA    regbank                   000070 RLZ    
restore_caps              005022  LAI   return0                   0057F3 RLA    
return1                   0057F7 RLA    rvs                       0064DE RLA    
shlax2                    004FD4 RLA    shlax3                    004FDF RLA    
shlax4                    004FED RLA    shrax1                    005832 RLA    
sp                        00005C RLZ    sreg                      00005E RLZ    
staspidx                  005865 RLA    staxysp                   00587D RLA    
subysp                    005930 RLA    tmp1                      00006C RLZ    
tmp2                      00006D RLZ    tmp3                      00006E RLZ    
tosaddax                  004F9B RLA    tosicmp                   005396 RLA    
toslcmp                   005401 RLA    tosmoda0                  0056C8 RLA    
tosmula0                  0056D9 RLA    tossub0ax                 005490 RLA    
tossuba0                  00591B RLA    tossubax                  00591D RLA    
tosudiva0                 00593D RLA    tosulteax                 00554C RLA    
tosumoda0                 00598C RLA    tosumula0                 0056D9 RLA    
udiv16                    00594E RLA    vsnprintf                 005A1A RLA    
zerobss                   005B03 RLA    


Exports list by value:
----------------------
__DESTRUCTOR_COUNT__      000001 REA    __STARTUP__               000001 REA    
__CONSTRUCTOR_COUNT__     000003 REA    sp                        00005C RLZ    
sreg                      00005E RLZ    ptr1                      000064 RLZ    
ptr2                      000066 RLZ    ptr3                      000068 RLZ    
ptr4                      00006A RLZ    tmp1                      00006C RLZ    
tmp2                      00006D RLZ    tmp3                      00006E RLZ    
regbank                   000070 RLZ    __BSS_SIZE__              0000BE REA    
__MAIN_START__            000501 RLA    __STACKSIZE__             000800 REA    
_main                     0044FD RLA    _sed_fname                00476B RLA    
_sed_begin                00476D RLA    _sed_end                  00476F RLA    
_sed_size                 004771 RLA    _sed_err                  004773 RLA    
_sed_savefile             004775 RLA    _sed_loadfile             0047CF RLA    
_startmusic               004955 REA    _endmusic                 0049AE REA    
__directerrno             004BE1 RLA    __printf                  004CDE RLA    
__seterrno                004F90 RLA    tosaddax                  004F9B RLA    
addeqysp                  004FB7 RLA    addysp1                   004FC6 RLA    
addysp                    004FC7 RLA    aslax2                    004FD4 RLA    
shlax2                    004FD4 RLA    aslax3                    004FDF RLA    
shlax3                    004FDF RLA    aslax4                    004FED RLA    
shlax4                    004FED RLA    axlong                    004FFE RLA    
axulong                   005004 RLA    callmain                  00500B RLA    
restore_caps              005022  LAI   _cgetc                    005029 RLA    
_clock                    005058 RLA    _clrscr                   005069 RLA    
donelib                   00508F RLA    _cprintf                  00509B RLA    
_cputcxy                  0050C5 RLA    _cputc                    0050D0 RLA    
_cputsxy                  00510F RLA    _cputs                    005119 RLA    
ctypemaskdirect           005136 RLA    decsp1                    005150 RLA    
decsp2                    005159 RLA    decsp3                    005166 RLA    
decsp4                    005173 RLA    decsp5                    005180 RLA    
decsp6                    00518D RLA    decsp7                    00519A RLA    
decsp8                    0051A7 RLA    _free                     0051B4 RLA    
gotoxy                    005387 RLA    _gotoxy                   00538A RLA    
tosicmp                   005396 RLA    incsp1                    0053C2 RLA    
popax                     0053C9 RLA    incsp2                    0053D1 RLA    
incsp3                    0053DF RLA    incsp4                    0053E4 RLA    
incsp5                    0053E9 RLA    incsp6                    0053EE RLA    
incsp8                    0053F3 RLA    _kbhit                    0053F8 RLA    
toslcmp                   005401 RLA    ldaidx                    00543C RLA    
ldaxysp                   00544A RLA    negeax                    005451 RLA    
pusheax                   005478 RLA    tossub0ax                 005490 RLA    
_ltoa                     0054CF RLA    _ultoa                    005510 RLA    
tosulteax                 00554C RLA    booleq                    005558 RLA    
boolult                   005571 RLA    _malloc                   00557E RLA    
_memcpy                   00568C RLA    tosmoda0                  0056C8 RLA    
tosmula0                  0056D9 RLA    tosumula0                 0056D9 RLA    
mulax10                   005713 RLA    mulax6                    00572C RLA    
negax                     005746 RLA    popa                      005754 RLA    
popptr1                   005760 RLA    push1                     00576E RLA    
pusha                     005777 RLA    push0                     005789 RLA    
pusha0                    00578B RLA    pushax                    00578D RLA    
pushw0sp                  0057A3 RLA    pushwysp                  0057A5 RLA    
_srand                    0057BF RLA    _rand                     0057CB RLA    
_bgcolor                  0057F3 REA    return0                   0057F3 RLA    
_textcolor                0057F7 REA    return1                   0057F7 RLA    
popsargsudiv16            005812 RLA    shrax1                    005832 RLA    
_sprintf                  00583A RLA    staspidx                  005865 RLA    
staxysp                   00587D RLA    _strcat                   005886 RLA    
_strchr                   0058B7 RLA    _strlen                   0058DE RLA    
_strlower                 0058F4 RLA    tossuba0                  00591B RLA    
tossubax                  00591D RLA    subysp                    005930 RLA    
tosudiva0                 00593D RLA    udiv16                    00594E RLA    
tosumoda0                 00598C RLA    _vcprintf                 0059E7 RLA    
vsnprintf                 005A1A RLA    _vsprintf                 005AF1 RLA    
zerobss                   005B03 RLA    __hextab                  005EE3 RLA    
__longminstr              005EF3 RLA    __ctype                   005F37 RLA    
__ctypeidx                005F42 RLA    __DESTRUCTOR_TABLE__      005FC2 RLA    
__heapptr                 0063BD RLA    __heapend                 0063BF RLA    
__heapfirst               0063C1 RLA    __heaplast                0063C3 RLA    
__BSS_RUN__               006422 RLA    __ONCE_RUN__              006422 RLA    
initheap                  006422  LAI   disable_caps              006432 RLAI   
initlib                   00643E RLA    initcputc                 00644A  LAI   
__CONSTRUCTOR_TABLE__     006471 RLA    cursor                    0064AE RLA    
__oserror                 0064AF RLA    __errno                   0064DC RLA    
rvs                       0064DE RLA    __MAIN_SIZE__             0080FF REA    
__RAMEND__                008600 REA    


Imports list:
-------------
__BSS_RUN__ ([linker generated]):
    _heap.o                   common/_heap.s(8)
    zerobss.o                 common/zerobss.s(8)
__BSS_SIZE__ ([linker generated]):
    _heap.o                   common/_heap.s(8)
    zerobss.o                 common/zerobss.s(8)
__CONSTRUCTOR_COUNT__ ([linker generated]):
    condes.o                  runtime/condes.s(18)
__CONSTRUCTOR_TABLE__ ([linker generated]):
    condes.o                  runtime/condes.s(18)
__DESTRUCTOR_COUNT__ ([linker generated]):
    condes.o                  runtime/condes.s(19)
__DESTRUCTOR_TABLE__ ([linker generated]):
    condes.o                  runtime/condes.s(19)
__MAIN_SIZE__ ([linker generated]):
    crt0.o                    atmos/crt0.s(13)
__MAIN_START__ ([linker generated]):
    crt0.o                    atmos/crt0.s(13)
    [linker generated]        /mnt/l/cc65/cfg/atmos.cfg(14)
__ONCE_RUN__ ([linker generated]):
    [linker generated]        /mnt/l/cc65/cfg/atmos.cfg(15)
    [linker generated]        /mnt/l/cc65/cfg/atmos.cfg(15)
__RAMEND__ ([linker generated]):
    [linker generated]        /mnt/l/cc65/cfg/atmos.cfg(15)
    [linker generated]        /mnt/l/cc65/cfg/atmos.cfg(14)
__STACKSIZE__ ([linker generated]):
    _heap.o                   common/_heap.s(8)
    [linker generated]        /mnt/l/cc65/cfg/atmos.cfg(15)
__STARTUP__ (crt0.o):
    main.o                    src/main.s(13)
__ctype (ctype.o):
    ctypemask.o               common/ctypemask.s(23)
__ctypeidx (ctype.o):
    ctypemask.o               common/ctypemask.s(24)
__directerrno (_directerrno.o):
    vsnprintf.o               /mnt/l/cc65/asminc/errno.inc(10)
__errno (errno.o):
    _seterrno.o               /mnt/l/cc65/asminc/errno.inc(7)
__heapend (_heap.o):
    malloc.o                  /mnt/l/cc65/asminc/_heap.inc(33)
__heapfirst (_heap.o):
    malloc.o                  /mnt/l/cc65/asminc/_heap.inc(34)
    free.o                    /mnt/l/cc65/asminc/_heap.inc(34)
__heaplast (_heap.o):
    malloc.o                  /mnt/l/cc65/asminc/_heap.inc(35)
    free.o                    /mnt/l/cc65/asminc/_heap.inc(35)
__heapptr (_heap.o):
    malloc.o                  /mnt/l/cc65/asminc/_heap.inc(32)
    free.o                    /mnt/l/cc65/asminc/_heap.inc(32)
__hextab (_hextab.o):
    ltoa.o                    common/ltoa.s(10)
__longminstr (_longminstr.o):
    ltoa.o                    common/ltoa.s(10)
__oserror (_oserror.o):
    _directerrno.o            /mnt/l/cc65/asminc/errno.inc(7)
__printf (_printf.o):
    vsnprintf.o               common/vsnprintf.s(10)
    vcprintf.o                conio/vcprintf.s(9)
__seterrno (_seterrno.o):
    _directerrno.o            /mnt/l/cc65/asminc/errno.inc(9)
_bgcolor (color.o):
    main.o                    src/main.s(29)
_cgetc (cgetc.o):
    main.o                    src/main.s(27)
_clock (clock.o):
    main.o                    src/main.s(35)
_clrscr (clrscr.o):
    main.o                    src/main.s(19)
_cprintf (cprintf.o):
    main.o                    src/main.s(26)
_cputc (cputc.o):
    vcprintf.o                conio/vcprintf.s(9)
    cputs.o                   conio/cputs.s(9)
    main.o                    src/main.s(22)
_cputcxy (cputc.o):
    main.o                    src/main.s(23)
_cputs (cputs.o):
    main.o                    src/main.s(24)
_cputsxy (cputs.o):
    main.o                    src/main.s(25)
_endmusic (mymplayer-ca65.o):
    main.o                    src/main.s(44)
_free (free.o):
    main.o                    src/main.s(15)
_gotoxy (gotoxy.o):
    main.o                    src/main.s(21)
_kbhit (kbhit.o):
    main.o                    src/main.s(20)
_ltoa (ltoa.o):
    _printf.o                 common/_printf.s(12)
_main (main.o):
    callmain.o                runtime/callmain.s(11)
_malloc (malloc.o):
    main.o                    src/main.s(14)
_memcpy (memcpy.o):
    vsnprintf.o               common/vsnprintf.s(10)
    main.o                    src/main.s(34)
_rand (rand.o):
    main.o                    src/main.s(16)
_sed_begin (libsedoric-ca65.o):
    main.o                    src/main.s(37)
_sed_end (libsedoric-ca65.o):
    main.o                    src/main.s(38)
_sed_err (libsedoric-ca65.o):
    main.o                    src/main.s(40)
_sed_fname (libsedoric-ca65.o):
    main.o                    src/main.s(36)
_sed_loadfile (libsedoric-ca65.o):
    main.o                    src/main.s(9607)
_sed_savefile (libsedoric-ca65.o):
    main.o                    src/main.s(9607)
_sed_size (libsedoric-ca65.o):
    main.o                    src/main.s(39)
_sprintf (sprintf.o):
    main.o                    src/main.s(18)
_srand (rand.o):
    main.o                    src/main.s(17)
_startmusic (mymplayer-ca65.o):
    main.o                    src/main.s(43)
_strcat (strcat.o):
    main.o                    src/main.s(30)
_strchr (strchr.o):
    main.o                    src/main.s(31)
_strlen (strlen.o):
    _printf.o                 common/_printf.s(13)
    main.o                    src/main.s(33)
_strlower (strlower.o):
    _printf.o                 common/_printf.s(13)
_textcolor (color.o):
    main.o                    src/main.s(28)
_ultoa (ltoa.o):
    _printf.o                 common/_printf.s(12)
_vcprintf (vcprintf.o):
    cprintf.o                 conio/cprintf.s(8)
_vsprintf (vsprintf.o):
    sprintf.o                 common/sprintf.s(8)
addeqysp (addeqsp.o):
    main.o                    src/main.s(9607)
addysp (addysp.o):
    sprintf.o                 common/sprintf.s(8)
    incsp8.o                  runtime/incsp8.s(8)
    incsp6.o                  runtime/incsp6.s(8)
    incsp5.o                  runtime/incsp5.s(8)
    incsp4.o                  runtime/incsp4.s(8)
    incsp3.o                  runtime/incsp3.s(8)
    cprintf.o                 conio/cprintf.s(8)
    main.o                    src/main.s(9607)
    main.o                    src/main.s(9607)
    main.o                    src/main.s(9607)
    main.o                    src/main.s(9607)
    main.o                    src/main.s(9607)
    main.o                    src/main.s(9607)
    main.o                    src/main.s(9607)
    main.o                    src/main.s(9607)
addysp1 (addysp.o):
    sub.o                     runtime/sub.s(8)
    lsub.o                    runtime/lsub.s(11)
aslax2 (aslax2.o):
    main.o                    src/main.s(9607)
    main.o                    src/main.s(9607)
    main.o                    src/main.s(9607)
    main.o                    src/main.s(9607)
    main.o                    src/main.s(9607)
    main.o                    src/main.s(9607)
    main.o                    src/main.s(9607)
    main.o                    src/main.s(9607)
    main.o                    src/main.s(9607)
    main.o                    src/main.s(9607)
    main.o                    src/main.s(9607)
aslax3 (aslax3.o):
    main.o                    src/main.s(9607)
    main.o                    src/main.s(9607)
    main.o                    src/main.s(9607)
    main.o                    src/main.s(9607)
    main.o                    src/main.s(9607)
    main.o                    src/main.s(9607)
    main.o                    src/main.s(9607)
aslax4 (aslax4.o):
    main.o                    src/main.s(9607)
    main.o                    src/main.s(9607)
    main.o                    src/main.s(9607)
    main.o                    src/main.s(9607)
axlong (axlong.o):
    _printf.o                 common/_printf.s(11)
axulong (axlong.o):
    _printf.o                 common/_printf.s(11)
booleq (makebool.o):
    main.o                    src/main.s(9607)
boolult (makebool.o):
    lult.o                    runtime/lult.s(8)
callmain (callmain.o):
    crt0.o                    atmos/crt0.s(12)
ctypemaskdirect (ctypemask.o):
    strlower.o                common/strlower.s(14)
cursor (_cursor.o):
    cgetc.o                   atmos/cgetc.s(10)
decsp1 (decsp1.o):
    main.o                    src/main.s(9607)
    main.o                    src/main.s(9607)
    main.o                    src/main.s(9607)
    main.o                    src/main.s(9607)
    main.o                    src/main.s(9607)
decsp2 (decsp2.o):
    main.o                    src/main.s(9607)
    main.o                    src/main.s(9607)
    main.o                    src/main.s(9607)
    main.o                    src/main.s(9607)
    main.o                    src/main.s(9607)
    main.o                    src/main.s(9607)
    main.o                    src/main.s(9607)
    main.o                    src/main.s(9607)
    main.o                    src/main.s(9607)
    main.o                    src/main.s(9607)
    main.o                    src/main.s(9607)
    main.o                    src/main.s(9607)
    main.o                    src/main.s(9607)
    main.o                    src/main.s(9607)
    main.o                    src/main.s(9607)
    main.o                    src/main.s(9607)
    main.o                    src/main.s(9607)
    main.o                    src/main.s(9607)
decsp3 (decsp3.o):
    main.o                    src/main.s(9607)
    main.o                    src/main.s(9607)
    main.o                    src/main.s(9607)
    main.o                    src/main.s(9607)
    main.o                    src/main.s(9607)
decsp4 (decsp4.o):
    sprintf.o                 common/sprintf.s(8)
    lpush.o                   runtime/lpush.s(12)
    main.o                    src/main.s(9607)
    main.o                    src/main.s(9607)
    main.o                    src/main.s(9607)
    main.o                    src/main.s(9607)
    main.o                    src/main.s(9607)
    main.o                    src/main.s(9607)
    main.o                    src/main.s(9607)
    main.o                    src/main.s(9607)
    main.o                    src/main.s(9607)
decsp5 (decsp5.o):
    main.o                    src/main.s(9607)
    main.o                    src/main.s(9607)
    main.o                    src/main.s(9607)
    main.o                    src/main.s(9607)
    main.o                    src/main.s(9607)
    main.o                    src/main.s(9607)
decsp6 (decsp6.o):
    _printf.o                 common/_printf.s(11)
    main.o                    src/main.s(9607)
decsp7 (decsp7.o):
    main.o                    src/main.s(9607)
decsp8 (decsp8.o):
    main.o                    src/main.s(9607)
disable_caps (capslock.o):
    cgetc.o                   atmos/cgetc.s(11)
donelib (condes.o):
    crt0.o                    atmos/crt0.s(11)
gotoxy (gotoxy.o):
    cputs.o                   conio/cputs.s(9)
incsp1 (incsp1.o):
    main.o                    src/main.s(9607)
    main.o                    src/main.s(9607)
    main.o                    src/main.s(9607)
incsp2 (incsp2.o):
    vsnprintf.o               common/vsnprintf.s(9)
    staspidx.o                runtime/staspidx.s(8)
    popptr1.o                 runtime/popptr1.s(8)
    main.o                    src/main.s(9607)
    main.o                    src/main.s(9607)
    main.o                    src/main.s(9607)
    main.o                    src/main.s(9607)
    main.o                    src/main.s(9607)
    main.o                    src/main.s(9607)
    main.o                    src/main.s(9607)
incsp3 (incsp3.o):
    main.o                    src/main.s(9607)
incsp4 (incsp4.o):
    lcmp.o                    runtime/lcmp.s(9)
    main.o                    src/main.s(9607)
    main.o                    src/main.s(9607)
    main.o                    src/main.s(9607)
    main.o                    src/main.s(9607)
incsp5 (incsp5.o):
    main.o                    src/main.s(9607)
incsp6 (incsp6.o):
    vsnprintf.o               common/vsnprintf.s(9)
    main.o                    src/main.s(9607)
    main.o                    src/main.s(9607)
    main.o                    src/main.s(9607)
    main.o                    src/main.s(9607)
    main.o                    src/main.s(9607)
incsp8 (incsp8.o):
    main.o                    src/main.s(9607)
    main.o                    src/main.s(9607)
    main.o                    src/main.s(9607)
initlib (condes.o):
    crt0.o                    atmos/crt0.s(11)
ldaidx (ldai.o):
    main.o                    src/main.s(9607)
    main.o                    src/main.s(9607)
ldaxysp (ldaxsp.o):
    vsnprintf.o               common/vsnprintf.s(9)
mulax10 (mulax10.o):
    main.o                    src/main.s(9607)
    main.o                    src/main.s(9607)
mulax6 (mulax6.o):
    main.o                    src/main.s(9607)
negax (negabs.o):
    shelp.o                   runtime/shelp.s(11)
    mod.o                     runtime/mod.s(11)
    clock.o                   atmos/clock.s(8)
negeax (lneg.o):
    ltoa.o                    common/ltoa.s(9)
popa (popa.o):
    gotoxy.o                  atmos/gotoxy.s(10)
popax (incsp2.o):
    vsnprintf.o               common/vsnprintf.s(9)
    ltoa.o                    common/ltoa.s(9)
    _printf.o                 common/_printf.s(11)
    vcprintf.o                conio/vcprintf.s(8)
    strchr.o                  common/strchr.s(9)
    strcat.o                  common/strcat.s(9)
    shelp.o                   runtime/shelp.s(11)
    memcpy.o                  common/memcpy.s(14)
    cputc.o                   atmos/cputc.s(13)
popptr1 (popptr1.o):
    ltoa.o                    common/ltoa.s(9)
    vcprintf.o                conio/vcprintf.s(8)
    umod.o                    runtime/umod.s(8)
    udiv.o                    runtime/udiv.s(9)
    mul8.o                    runtime/mul8.s(9)
    memcpy.o                  common/memcpy.s(14)
popsargsudiv16 (shelp.o):
    mod.o                     runtime/mod.s(11)
ptr1 (zeropage.o):
    vsnprintf.o               common/vsnprintf.s(11)
    strlower.o                common/strlower.s(13)
    ltoa.o                    common/ltoa.s(11)
    lcmp.o                    runtime/lcmp.s(10)
    _printf.o                 /mnt/l/cc65/asminc/zeropage.inc(12)
    zerobss.o                 common/zerobss.s(9)
    vcprintf.o                conio/vcprintf.s(10)
    udiv.o                    runtime/udiv.s(10)
    strchr.o                  common/strchr.s(10)
    strcat.o                  common/strcat.s(10)
    staspidx.o                runtime/staspidx.s(9)
    sprintf.o                 common/sprintf.s(9)
    shelp.o                   runtime/shelp.s(12)
    popptr1.o                 runtime/popptr1.s(9)
    mulax6.o                  runtime/mulax6.s(9)
    mulax10.o                 runtime/mulax10.s(9)
    mul8.o                    runtime/mul8.s(10)
    memcpy.o                  common/memcpy.s(15)
    malloc.o                  common/malloc.s(108)
    ldai.o                    runtime/ldai.s(8)
    free.o                    common/free.s(62)
    cputs.o                   conio/cputs.s(10)
    cprintf.o                 conio/cprintf.s(9)
    main.o                    src/main.s(11)
ptr2 (zeropage.o):
    strlower.o                common/strlower.s(13)
    ltoa.o                    common/ltoa.s(11)
    _printf.o                 /mnt/l/cc65/asminc/zeropage.inc(12)
    vcprintf.o                conio/vcprintf.s(10)
    strlen.o                  common/strlen.s(12)
    strcat.o                  common/strcat.s(10)
    memcpy.o                  common/memcpy.s(15)
    malloc.o                  common/malloc.s(108)
    free.o                    common/free.s(62)
    cputc.o                   atmos/cputc.s(14)
    clrscr.o                  atmos/clrscr.s(7)
ptr3 (zeropage.o):
    ltoa.o                    common/ltoa.s(11)
    vcprintf.o                conio/vcprintf.s(10)
    memcpy.o                  common/memcpy.s(15)
    malloc.o                  common/malloc.s(108)
    free.o                    common/free.s(62)
ptr4 (zeropage.o):
    umod.o                    runtime/umod.s(9)
    udiv.o                    runtime/udiv.s(10)
    shelp.o                   runtime/shelp.s(12)
    mul8.o                    runtime/mul8.s(10)
    free.o                    common/free.s(62)
push0 (pushax.o):
    main.o                    src/main.s(9607)
    main.o                    src/main.s(9607)
    main.o                    src/main.s(9607)
push1 (push1.o):
    _printf.o                 common/_printf.s(11)
pusha (pusha.o):
    main.o                    src/main.s(9607)
    main.o                    src/main.s(9607)
    main.o                    src/main.s(9607)
    main.o                    src/main.s(9607)
    main.o                    src/main.s(9607)
    main.o                    src/main.s(9607)
    main.o                    src/main.s(9607)
    main.o                    src/main.s(9607)
    main.o                    src/main.s(9607)
    main.o                    src/main.s(9607)
    main.o                    src/main.s(9607)
    main.o                    src/main.s(9607)
    main.o                    src/main.s(9607)
    main.o                    src/main.s(9607)
    main.o                    src/main.s(9607)
    main.o                    src/main.s(9607)
    main.o                    src/main.s(9607)
    main.o                    src/main.s(9607)
    main.o                    src/main.s(9607)
    main.o                    src/main.s(9607)
    main.o                    src/main.s(9607)
    main.o                    src/main.s(9607)
    main.o                    src/main.s(9607)
    main.o                    src/main.s(9607)
pusha0 (pushax.o):
    push1.o                   runtime/push1.s(8)
    main.o                    src/main.s(9607)
    main.o                    src/main.s(9607)
    main.o                    src/main.s(9607)
    main.o                    src/main.s(9607)
    main.o                    src/main.s(9607)
    main.o                    src/main.s(9607)
    main.o                    src/main.s(9607)
    main.o                    src/main.s(9607)
    main.o                    src/main.s(9607)
    main.o                    src/main.s(9607)
    main.o                    src/main.s(9607)
    main.o                    src/main.s(9607)
    main.o                    src/main.s(9607)
    main.o                    src/main.s(9607)
    main.o                    src/main.s(9607)
    main.o                    src/main.s(9607)
    main.o                    src/main.s(9607)
    main.o                    src/main.s(9607)
    main.o                    src/main.s(9607)
    main.o                    src/main.s(9607)
pushax (pushax.o):
    callmain.o                runtime/callmain.s(11)
    _printf.o                 common/_printf.s(11)
    vcprintf.o                conio/vcprintf.s(8)
    cprintf.o                 conio/cprintf.s(8)
    main.o                    src/main.s(9607)
    main.o                    src/main.s(9607)
    main.o                    src/main.s(9607)
    main.o                    src/main.s(9607)
    main.o                    src/main.s(9607)
    main.o                    src/main.s(9607)
    main.o                    src/main.s(9607)
    main.o                    src/main.s(9607)
    main.o                    src/main.s(9607)
    main.o                    src/main.s(9607)
    main.o                    src/main.s(9607)
    main.o                    src/main.s(9607)
    main.o                    src/main.s(9607)
    main.o                    src/main.s(9607)
    main.o                    src/main.s(9607)
    main.o                    src/main.s(9607)
    main.o                    src/main.s(9607)
    main.o                    src/main.s(9607)
    main.o                    src/main.s(9607)
pusheax (lpush.o):
    _printf.o                 common/_printf.s(11)
    main.o                    src/main.s(9607)
pushw0sp (pushwsp.o):
    vsprintf.o                common/vsprintf.s(8)
pushwysp (pushwsp.o):
    main.o                    src/main.s(9607)
regbank (zeropage.o):
    _printf.o                 /mnt/l/cc65/asminc/zeropage.inc(14)
return0 (return0.o):
    color.o                   atmos/color.s(10)
return1 (return1.o):
    color.o                   atmos/color.s(10)
rvs (revers.o):
    cputc.o                   atmos/cputc.s(12)
shlax2 (aslax2.o):
    main.o                    src/main.s(9607)
    main.o                    src/main.s(9607)
shlax3 (aslax3.o):
    main.o                    src/main.s(9607)
    main.o                    src/main.s(9607)
shlax4 (aslax4.o):
    main.o                    src/main.s(9607)
shrax1 (shrax1.o):
    main.o                    src/main.s(9607)
sp (zeropage.o):
    ldaxsp.o                  runtime/ldaxsp.s(8)
    vsnprintf.o               common/vsnprintf.s(11)
    lcmp.o                    runtime/lcmp.s(10)
    _printf.o                 /mnt/l/cc65/asminc/zeropage.inc(11)
    _heap.o                   common/_heap.s(9)
    vcprintf.o                conio/vcprintf.s(10)
    subysp.o                  runtime/subysp.s(9)
    sub.o                     runtime/sub.s(9)
    staxsp.o                  runtime/staxsp.s(8)
    staspidx.o                runtime/staspidx.s(9)
    sprintf.o                 common/sprintf.s(9)
    pushwsp.o                 runtime/pushwsp.s(8)
    pushax.o                  runtime/pushax.s(8)
    pusha.o                   runtime/pusha.s(8)
    popptr1.o                 runtime/popptr1.s(9)
    popa.o                    runtime/popa.s(8)
    memcpy.o                  common/memcpy.s(15)
    lsub.o                    runtime/lsub.s(12)
    lpush.o                   runtime/lpush.s(13)
    incsp2.o                  runtime/incsp2.s(8)
    incsp1.o                  runtime/incsp1.s(8)
    icmp.o                    runtime/icmp.s(9)
    decsp8.o                  runtime/decsp8.s(8)
    decsp7.o                  runtime/decsp7.s(8)
    decsp6.o                  runtime/decsp6.s(8)
    decsp5.o                  runtime/decsp5.s(8)
    decsp4.o                  runtime/decsp4.s(8)
    decsp3.o                  runtime/decsp3.s(8)
    decsp2.o                  runtime/decsp2.s(8)
    decsp1.o                  runtime/decsp1.s(8)
    crt0.o                    /mnt/l/cc65/asminc/zeropage.inc(11)
    cprintf.o                 conio/cprintf.s(9)
    addysp.o                  runtime/addysp.s(8)
    addeqsp.o                 runtime/addeqsp.s(8)
    add.o                     runtime/add.s(12)
    main.o                    src/main.s(10)
sreg (zeropage.o):
    lneg.o                    runtime/lneg.s(11)
    ltoa.o                    common/ltoa.s(11)
    lcmp.o                    runtime/lcmp.s(10)
    axlong.o                  runtime/axlong.s(9)
    _printf.o                 /mnt/l/cc65/asminc/zeropage.inc(11)
    umod.o                    runtime/umod.s(9)
    udiv.o                    runtime/udiv.s(10)
    mod.o                     runtime/mod.s(12)
    lsub.o                    runtime/lsub.s(12)
    lpush.o                   runtime/lpush.s(13)
    icmp.o                    runtime/icmp.s(9)
    clock.o                   atmos/clock.s(9)
    main.o                    src/main.s(10)
staspidx (staspidx.o):
    main.o                    src/main.s(9607)
    main.o                    src/main.s(9607)
    main.o                    src/main.s(9607)
staxysp (staxsp.o):
    vsprintf.o                common/vsprintf.s(8)
    main.o                    src/main.s(9607)
    main.o                    src/main.s(9607)
    main.o                    src/main.s(9607)
subysp (subysp.o):
    main.o                    src/main.s(9607)
    main.o                    src/main.s(9607)
    main.o                    src/main.s(9607)
    main.o                    src/main.s(9607)
    main.o                    src/main.s(9607)
    main.o                    src/main.s(9607)
    main.o                    src/main.s(9607)
tmp1 (zeropage.o):
    ltoa.o                    common/ltoa.s(11)
    _printf.o                 /mnt/l/cc65/asminc/zeropage.inc(13)
    vcprintf.o                conio/vcprintf.s(10)
    strchr.o                  common/strchr.s(10)
    staspidx.o                runtime/staspidx.s(9)
    shrax1.o                  runtime/shrax1.s(8)
    shelp.o                   runtime/shelp.s(12)
    mod.o                     runtime/mod.s(12)
    cputs.o                   conio/cputs.s(10)
    aslax4.o                  runtime/aslax4.s(8)
    aslax3.o                  runtime/aslax3.s(8)
    aslax2.o                  runtime/aslax2.s(8)
    add.o                     runtime/add.s(12)
    main.o                    src/main.s(11)
tmp2 (zeropage.o):
    shelp.o                   runtime/shelp.s(12)
tmp3 (zeropage.o):
    strcat.o                  common/strcat.s(10)
tosaddax (add.o):
    main.o                    src/main.s(9607)
    main.o                    src/main.s(9607)
    main.o                    src/main.s(9607)
tosicmp (icmp.o):
    main.o                    src/main.s(9607)
    main.o                    src/main.s(9607)
    main.o                    src/main.s(9607)
    main.o                    src/main.s(9607)
toslcmp (lcmp.o):
    lult.o                    runtime/lult.s(8)
tosmoda0 (mod.o):
    main.o                    src/main.s(9607)
tosmula0 (mul8.o):
    main.o                    src/main.s(9607)
    main.o                    src/main.s(9607)
    main.o                    src/main.s(9607)
    main.o                    src/main.s(9607)
    main.o                    src/main.s(9607)
    main.o                    src/main.s(9607)
    main.o                    src/main.s(9607)
    main.o                    src/main.s(9607)
tossub0ax (lsub.o):
    main.o                    src/main.s(9607)
tossuba0 (sub.o):
    main.o                    src/main.s(9607)
tossubax (sub.o):
    main.o                    src/main.s(9607)
    main.o                    src/main.s(9607)
tosudiva0 (udiv.o):
    main.o                    src/main.s(9607)
tosulteax (lult.o):
    main.o                    src/main.s(9607)
tosumoda0 (umod.o):
    main.o                    src/main.s(9607)
tosumula0 (mul8.o):
    main.o                    src/main.s(9607)
    main.o                    src/main.s(9607)
    main.o                    src/main.s(9607)
    main.o                    src/main.s(9607)
udiv16 (udiv.o):
    umod.o                    runtime/umod.s(8)
    shelp.o                   runtime/shelp.s(11)
vsnprintf (vsnprintf.o):
    vsprintf.o                common/vsprintf.s(9)
zerobss (zerobss.o):
    crt0.o                    atmos/crt0.s(12)

