Modules list:
-------------
geoludo.o:
    DIRENTRY          Offs=000000  Size=00003A  Align=00001  Fill=0000
    FILEINFO          Offs=000000  Size=0000CB  Align=00001  Fill=0000
main.o:
    CODE              Offs=000000  Size=0030CB  Align=00001  Fill=0000
    RODATA            Offs=000000  Size=00037D  Align=00001  Fill=0000
    BSS               Offs=000000  Size=0000F9  Align=00001  Fill=0000
    DATA              Offs=000000  Size=00066F  Align=00001  Fill=0000
geoscore.o:
    CODE              Offs=0030CB  Size=0001C3  Align=00001  Fill=0000
interface.o:
    CODE              Offs=00328E  Size=000948  Align=00001  Fill=0000
    BSS               Offs=0000F9  Size=000046  Align=00001  Fill=0000
    DATA              Offs=00066F  Size=0000F3  Align=00001  Fill=0000
geoludoHdr.o:
    FILEHEADER        Offs=000000  Size=000100  Align=00100  Fill=0000
/mnt/d/retro/cc65/lib/geos-cbm.lib(_directerrno.o):
    CODE              Offs=003BD6  Size=00000A  Align=00001  Fill=0000
/mnt/d/retro/cc65/lib/geos-cbm.lib(_hextab.o):
    RODATA            Offs=00037D  Size=000010  Align=00001  Fill=0000
/mnt/d/retro/cc65/lib/geos-cbm.lib(_longminstr.o):
    RODATA            Offs=00038D  Size=00000C  Align=00001  Fill=0000
/mnt/d/retro/cc65/lib/geos-cbm.lib(_oserror.o):
    BSS               Offs=00013F  Size=000001  Align=00001  Fill=0000
/mnt/d/retro/cc65/lib/geos-cbm.lib(_printf.o):
    CODE              Offs=003BE0  Size=0003A5  Align=00001  Fill=0000
    BSS               Offs=000140  Size=00002B  Align=00001  Fill=0000
    DATA              Offs=000762  Size=000003  Align=00001  Fill=0000
/mnt/d/retro/cc65/lib/geos-cbm.lib(_seterrno.o):
    CODE              Offs=003F85  Size=000009  Align=00001  Fill=0000
/mnt/d/retro/cc65/lib/geos-cbm.lib(addeqsp.o):
    CODE              Offs=003F8E  Size=000011  Align=00001  Fill=0000
/mnt/d/retro/cc65/lib/geos-cbm.lib(addysp.o):
    CODE              Offs=003F9F  Size=00000E  Align=00001  Fill=0000
/mnt/d/retro/cc65/lib/geos-cbm.lib(aslax1.o):
    CODE              Offs=003FAD  Size=000008  Align=00001  Fill=0000
/mnt/d/retro/cc65/lib/geos-cbm.lib(aslax2.o):
    CODE              Offs=003FB5  Size=00000B  Align=00001  Fill=0000
/mnt/d/retro/cc65/lib/geos-cbm.lib(aslax3.o):
    CODE              Offs=003FC0  Size=00000E  Align=00001  Fill=0000
/mnt/d/retro/cc65/lib/geos-cbm.lib(aslax4.o):
    CODE              Offs=003FCE  Size=000011  Align=00001  Fill=0000
/mnt/d/retro/cc65/lib/geos-cbm.lib(atexit.o):
    CODE              Offs=003FDF  Size=000038  Align=00001  Fill=0000
    BSS               Offs=00016B  Size=00000B  Align=00001  Fill=0000
/mnt/d/retro/cc65/lib/geos-cbm.lib(axlong.o):
    CODE              Offs=004017  Size=00000D  Align=00001  Fill=0000
/mnt/d/retro/cc65/lib/geos-cbm.lib(bitmapregs.o):
    CODE              Offs=004024  Size=000011  Align=00001  Fill=0000
/mnt/d/retro/cc65/lib/geos-cbm.lib(bitmapup.o):
    CODE              Offs=004035  Size=000006  Align=00001  Fill=0000
/mnt/d/retro/cc65/lib/geos-cbm.lib(bneg.o):
    CODE              Offs=00403B  Size=00000E  Align=00001  Fill=0000
/mnt/d/retro/cc65/lib/geos-cbm.lib(call.o):
/mnt/d/retro/cc65/lib/geos-cbm.lib(callmain.o):
    CODE              Offs=004049  Size=000017  Align=00001  Fill=0000
    DATA              Offs=000765  Size=000004  Align=00001  Fill=0000
/mnt/d/retro/cc65/lib/geos-cbm.lib(condes.o):
    CODE              Offs=004060  Size=00000C  Align=00001  Fill=0000
    DATA              Offs=000769  Size=000025  Align=00001  Fill=0000
    ONCE              Offs=000000  Size=00000C  Align=00001  Fill=0000
/mnt/d/retro/cc65/lib/geos-cbm.lib(copystring.o):
    CODE              Offs=00406C  Size=000006  Align=00001  Fill=0000
/mnt/d/retro/cc65/lib/geos-cbm.lib(crt0.o):
    STARTUP           Offs=000000  Size=000021  Align=00001  Fill=0000
/mnt/d/retro/cc65/lib/geos-cbm.lib(ctype.o):
    RODATA            Offs=000399  Size=00008B  Align=00001  Fill=0000
/mnt/d/retro/cc65/lib/geos-cbm.lib(ctypemask.o):
    CODE              Offs=004072  Size=00001E  Align=00001  Fill=0000
/mnt/d/retro/cc65/lib/geos-cbm.lib(dbget2lines.o):
    CODE              Offs=004090  Size=000024  Align=00001  Fill=0000
    RODATA            Offs=000424  Size=000001  Align=00001  Fill=0000
/mnt/d/retro/cc65/lib/geos-cbm.lib(decax1.o):
    CODE              Offs=0040B4  Size=000007  Align=00001  Fill=0000
/mnt/d/retro/cc65/lib/geos-cbm.lib(decaxy.o):
    CODE              Offs=0040BB  Size=000009  Align=00001  Fill=0000
/mnt/d/retro/cc65/lib/geos-cbm.lib(decsp1.o):
    CODE              Offs=0040C4  Size=000009  Align=00001  Fill=0000
/mnt/d/retro/cc65/lib/geos-cbm.lib(decsp2.o):
    CODE              Offs=0040CD  Size=00000D  Align=00001  Fill=0000
/mnt/d/retro/cc65/lib/geos-cbm.lib(decsp3.o):
    CODE              Offs=0040DA  Size=00000D  Align=00001  Fill=0000
/mnt/d/retro/cc65/lib/geos-cbm.lib(decsp4.o):
    CODE              Offs=0040E7  Size=00000D  Align=00001  Fill=0000
/mnt/d/retro/cc65/lib/geos-cbm.lib(decsp5.o):
    CODE              Offs=0040F4  Size=00000D  Align=00001  Fill=0000
/mnt/d/retro/cc65/lib/geos-cbm.lib(decsp6.o):
    CODE              Offs=004101  Size=00000D  Align=00001  Fill=0000
/mnt/d/retro/cc65/lib/geos-cbm.lib(decsp8.o):
    CODE              Offs=00410E  Size=00000D  Align=00001  Fill=0000
/mnt/d/retro/cc65/lib/geos-cbm.lib(deletefile.o):
    CODE              Offs=00411B  Size=00000A  Align=00001  Fill=0000
/mnt/d/retro/cc65/lib/geos-cbm.lib(div.o):
    CODE              Offs=004125  Size=000015  Align=00001  Fill=0000
/mnt/d/retro/cc65/lib/geos-cbm.lib(dlgboxfileselect.o):
    CODE              Offs=00413A  Size=000040  Align=00001  Fill=0000
    RODATA            Offs=000425  Size=00000E  Align=00001  Fill=0000
    BSS               Offs=000176  Size=000005  Align=00001  Fill=0000
/mnt/d/retro/cc65/lib/geos-cbm.lib(dlgboxgetstring.o):
    CODE              Offs=00417A  Size=000017  Align=00001  Fill=0000
    DATA              Offs=00078E  Size=000012  Align=00001  Fill=0000
/mnt/d/retro/cc65/lib/geos-cbm.lib(dlgboxok.o):
    CODE              Offs=004191  Size=00000A  Align=00001  Fill=0000
    RODATA            Offs=000433  Size=00000D  Align=00001  Fill=0000
/mnt/d/retro/cc65/lib/geos-cbm.lib(dlgboxokcancel.o):
    CODE              Offs=00419B  Size=00000A  Align=00001  Fill=0000
    RODATA            Offs=000440  Size=000010  Align=00001  Fill=0000
/mnt/d/retro/cc65/lib/geos-cbm.lib(dlgboxyesno.o):
    CODE              Offs=0041A5  Size=00000A  Align=00001  Fill=0000
    RODATA            Offs=000450  Size=000010  Align=00001  Fill=0000
/mnt/d/retro/cc65/lib/geos-cbm.lib(dodlgbox.o):
    CODE              Offs=0041AF  Size=00000C  Align=00001  Fill=0000
/mnt/d/retro/cc65/lib/geos-cbm.lib(doicons.o):
    CODE              Offs=0041BB  Size=000007  Align=00001  Fill=0000
/mnt/d/retro/cc65/lib/geos-cbm.lib(domenu.o):
    CODE              Offs=0041C2  Size=000009  Align=00001  Fill=0000
/mnt/d/retro/cc65/lib/geos-cbm.lib(doublespop.o):
    CODE              Offs=0041CB  Size=000010  Align=00001  Fill=0000
/mnt/d/retro/cc65/lib/geos-cbm.lib(enterdesktop.o):
    CODE              Offs=0041DB  Size=000006  Align=00001  Fill=0000
/mnt/d/retro/cc65/lib/geos-cbm.lib(errno.o):
    BSS               Offs=00017B  Size=000002  Align=00001  Fill=0000
/mnt/d/retro/cc65/lib/geos-cbm.lib(fillram.o):
    CODE              Offs=0041E1  Size=00001A  Align=00001  Fill=0000
/mnt/d/retro/cc65/lib/geos-cbm.lib(findfile.o):
    CODE              Offs=0041FB  Size=00000A  Align=00001  Fill=0000
/mnt/d/retro/cc65/lib/geos-cbm.lib(framerectangle.o):
/mnt/d/retro/cc65/lib/geos-cbm.lib(get_ostype.o):
    CODE              Offs=004205  Size=00009A  Align=00001  Fill=0000
/mnt/d/retro/cc65/lib/geos-cbm.lib(getcharwidth.o):
    CODE              Offs=00429F  Size=000006  Align=00001  Fill=0000
/mnt/d/retro/cc65/lib/geos-cbm.lib(getfile.o):
    CODE              Offs=0042A5  Size=000028  Align=00001  Fill=0000
/mnt/d/retro/cc65/lib/geos-cbm.lib(getintcharint.o):
    CODE              Offs=0042CD  Size=000011  Align=00001  Fill=0000
/mnt/d/retro/cc65/lib/geos-cbm.lib(getrandom.o):
    CODE              Offs=0042DE  Size=000006  Align=00001  Fill=0000
/mnt/d/retro/cc65/lib/geos-cbm.lib(gotofirstmenu.o):
/mnt/d/retro/cc65/lib/geos-cbm.lib(hlineregs.o):
    CODE              Offs=0042E4  Size=000011  Align=00001  Fill=0000
/mnt/d/retro/cc65/lib/geos-cbm.lib(horizontalline.o):
    CODE              Offs=0042F5  Size=000009  Align=00001  Fill=0000
/mnt/d/retro/cc65/lib/geos-cbm.lib(icmp.o):
    CODE              Offs=0042FE  Size=00002E  Align=00001  Fill=0000
/mnt/d/retro/cc65/lib/geos-cbm.lib(incax1.o):
    CODE              Offs=00432C  Size=000007  Align=00001  Fill=0000
/mnt/d/retro/cc65/lib/geos-cbm.lib(incax2.o):
    CODE              Offs=004333  Size=000007  Align=00001  Fill=0000
/mnt/d/retro/cc65/lib/geos-cbm.lib(incax3.o):
    CODE              Offs=00433A  Size=000005  Align=00001  Fill=0000
/mnt/d/retro/cc65/lib/geos-cbm.lib(incax5.o):
    CODE              Offs=00433F  Size=000005  Align=00001  Fill=0000
/mnt/d/retro/cc65/lib/geos-cbm.lib(incaxy.o):
    CODE              Offs=004344  Size=00000B  Align=00001  Fill=0000
/mnt/d/retro/cc65/lib/geos-cbm.lib(incsp1.o):
    CODE              Offs=00434F  Size=000007  Align=00001  Fill=0000
/mnt/d/retro/cc65/lib/geos-cbm.lib(incsp2.o):
    CODE              Offs=004356  Size=000016  Align=00001  Fill=0000
/mnt/d/retro/cc65/lib/geos-cbm.lib(incsp3.o):
    CODE              Offs=00436C  Size=000005  Align=00001  Fill=0000
/mnt/d/retro/cc65/lib/geos-cbm.lib(incsp4.o):
    CODE              Offs=004371  Size=000005  Align=00001  Fill=0000
/mnt/d/retro/cc65/lib/geos-cbm.lib(incsp5.o):
    CODE              Offs=004376  Size=000005  Align=00001  Fill=0000
/mnt/d/retro/cc65/lib/geos-cbm.lib(incsp6.o):
    CODE              Offs=00437B  Size=000005  Align=00001  Fill=0000
/mnt/d/retro/cc65/lib/geos-cbm.lib(incsp8.o):
    CODE              Offs=004380  Size=000005  Align=00001  Fill=0000
/mnt/d/retro/cc65/lib/geos-cbm.lib(initdrawwindow.o):
    CODE              Offs=004385  Size=000011  Align=00001  Fill=0000
/mnt/d/retro/cc65/lib/geos-cbm.lib(invertrectangle.o):
/mnt/d/retro/cc65/lib/geos-cbm.lib(ldai.o):
    CODE              Offs=004396  Size=00000C  Align=00001  Fill=0000
/mnt/d/retro/cc65/lib/geos-cbm.lib(ldaxi.o):
    CODE              Offs=0043A2  Size=00000D  Align=00001  Fill=0000
/mnt/d/retro/cc65/lib/geos-cbm.lib(ldaxsp.o):
    CODE              Offs=0043AF  Size=000009  Align=00001  Fill=0000
/mnt/d/retro/cc65/lib/geos-cbm.lib(leaaxsp.o):
    CODE              Offs=0043B8  Size=00000C  Align=00001  Fill=0000
/mnt/d/retro/cc65/lib/geos-cbm.lib(lneg.o):
    CODE              Offs=0043C4  Size=00001E  Align=00001  Fill=0000
/mnt/d/retro/cc65/lib/geos-cbm.lib(lpush.o):
    CODE              Offs=0043E2  Size=000021  Align=00001  Fill=0000
/mnt/d/retro/cc65/lib/geos-cbm.lib(ltoa.o):
    CODE              Offs=004403  Size=000095  Align=00001  Fill=0000
/mnt/d/retro/cc65/lib/geos-cbm.lib(mainloop.o):
/mnt/d/retro/cc65/lib/geos-cbm.lib(makebool.o):
    CODE              Offs=004498  Size=00002C  Align=00001  Fill=0000
/mnt/d/retro/cc65/lib/geos-cbm.lib(memcpy.o):
/mnt/d/retro/cc65/lib/geos-cbm.lib(movedata.o):
    CODE              Offs=0044C4  Size=00001A  Align=00001  Fill=0000
/mnt/d/retro/cc65/lib/geos-cbm.lib(mul8.o):
    CODE              Offs=0044DE  Size=00003A  Align=00001  Fill=0000
/mnt/d/retro/cc65/lib/geos-cbm.lib(mulax10.o):
    CODE              Offs=004518  Size=000019  Align=00001  Fill=0000
/mnt/d/retro/cc65/lib/geos-cbm.lib(mulax9.o):
    CODE              Offs=004531  Size=000017  Align=00001  Fill=0000
/mnt/d/retro/cc65/lib/geos-cbm.lib(negabs.o):
    CODE              Offs=004548  Size=000012  Align=00001  Fill=0000
/mnt/d/retro/cc65/lib/geos-cbm.lib(popa.o):
    CODE              Offs=00455A  Size=00000C  Align=00001  Fill=0000
/mnt/d/retro/cc65/lib/geos-cbm.lib(popptr1.o):
    CODE              Offs=004566  Size=00000E  Align=00001  Fill=0000
/mnt/d/retro/cc65/lib/geos-cbm.lib(push1.o):
    CODE              Offs=004574  Size=000005  Align=00001  Fill=0000
/mnt/d/retro/cc65/lib/geos-cbm.lib(pusha.o):
    CODE              Offs=004579  Size=000016  Align=00001  Fill=0000
/mnt/d/retro/cc65/lib/geos-cbm.lib(pushax.o):
    CODE              Offs=00458F  Size=00001A  Align=00001  Fill=0000
/mnt/d/retro/cc65/lib/geos-cbm.lib(pushw.o):
    CODE              Offs=0045A9  Size=00000F  Align=00001  Fill=0000
/mnt/d/retro/cc65/lib/geos-cbm.lib(pushwsp.o):
    CODE              Offs=0045B8  Size=00001C  Align=00001  Fill=0000
/mnt/d/retro/cc65/lib/geos-cbm.lib(putstring.o):
    CODE              Offs=0045D4  Size=000006  Align=00001  Fill=0000
/mnt/d/retro/cc65/lib/geos-cbm.lib(recoverrectangle.o):
/mnt/d/retro/cc65/lib/geos-cbm.lib(rectangle.o):
/mnt/d/retro/cc65/lib/geos-cbm.lib(redomenu.o):
/mnt/d/retro/cc65/lib/geos-cbm.lib(savefile.o):
    CODE              Offs=0045DA  Size=00000F  Align=00001  Fill=0000
/mnt/d/retro/cc65/lib/geos-cbm.lib(setnewmode.o):
    CODE              Offs=0045E9  Size=000009  Align=00001  Fill=0000
/mnt/d/retro/cc65/lib/geos-cbm.lib(setoserror.o):
    CODE              Offs=0045F2  Size=000008  Align=00001  Fill=0000
/mnt/d/retro/cc65/lib/geos-cbm.lib(setpattern.o):
/mnt/d/retro/cc65/lib/geos-cbm.lib(shelp.o):
    CODE              Offs=0045FA  Size=000020  Align=00001  Fill=0000
/mnt/d/retro/cc65/lib/geos-cbm.lib(shrax1.o):
    CODE              Offs=00461A  Size=000008  Align=00001  Fill=0000
/mnt/d/retro/cc65/lib/geos-cbm.lib(shrax3.o):
    CODE              Offs=004622  Size=00000E  Align=00001  Fill=0000
/mnt/d/retro/cc65/lib/geos-cbm.lib(sprintf.o):
    CODE              Offs=004630  Size=00002B  Align=00001  Fill=0000
    BSS               Offs=00017D  Size=000001  Align=00001  Fill=0000
/mnt/d/retro/cc65/lib/geos-cbm.lib(staspidx.o):
    CODE              Offs=00465B  Size=000016  Align=00001  Fill=0000
/mnt/d/retro/cc65/lib/geos-cbm.lib(staxsp.o):
    CODE              Offs=004671  Size=00000B  Align=00001  Fill=0000
/mnt/d/retro/cc65/lib/geos-cbm.lib(strlen.o):
    CODE              Offs=00467C  Size=000016  Align=00001  Fill=0000
/mnt/d/retro/cc65/lib/geos-cbm.lib(strlower.o):
    CODE              Offs=004692  Size=000027  Align=00001  Fill=0000
/mnt/d/retro/cc65/lib/geos-cbm.lib(sub.o):
    CODE              Offs=0046B9  Size=000015  Align=00001  Fill=0000
/mnt/d/retro/cc65/lib/geos-cbm.lib(subeqsp.o):
    CODE              Offs=0046CE  Size=000015  Align=00001  Fill=0000
/mnt/d/retro/cc65/lib/geos-cbm.lib(subysp.o):
    CODE              Offs=0046E3  Size=00000D  Align=00001  Fill=0000
/mnt/d/retro/cc65/lib/geos-cbm.lib(udiv.o):
    CODE              Offs=0046F0  Size=00004F  Align=00001  Fill=0000
/mnt/d/retro/cc65/lib/geos-cbm.lib(umod.o):
    CODE              Offs=00473F  Size=000011  Align=00001  Fill=0000
/mnt/d/retro/cc65/lib/geos-cbm.lib(usesystemfont.o):
/mnt/d/retro/cc65/lib/geos-cbm.lib(vsnprintf.o):
    CODE              Offs=004750  Size=0000DA  Align=00001  Fill=0000
    DATA              Offs=0007A0  Size=000008  Align=00001  Fill=0000
/mnt/d/retro/cc65/lib/geos-cbm.lib(vsprintf.o):
    CODE              Offs=00482A  Size=000012  Align=00001  Fill=0000
/mnt/d/retro/cc65/lib/geos-cbm.lib(zerobss.o):
    CODE              Offs=00483C  Size=000013  Align=00001  Fill=0000
/mnt/d/retro/cc65/lib/geos-cbm.lib(zeropage.o):
    ZEROPAGE          Offs=000000  Size=00001A  Align=00001  Fill=0000


Segment list:
-------------
Name                   Start     End    Size  Align
----------------------------------------------------
DIRENTRY              000000  000039  00003A  00001
FILEHEADER            000000  0000FF  000100  00100
ZEROPAGE              000058  000071  00001A  00001
FILEINFO              0000FE  0001C8  0000CB  00001
STARTUP               000400  000420  000021  00001
ONCE                  000421  00042C  00000C  00001
CODE                  00042D  004C7B  00484F  00001
RODATA                004C7C  0050DD  000462  00001
DATA                  0050DE  005885  0007A8  00001
BSS                   005886  005A03  00017E  00001


Exports list by name:
---------------------
BitmapRegs                004451 RLA    DB_get2lines              0044BD RLA    
DoubleSPop                0045F8 RLA    HLineRegs                 004711 RLA    
_BitmapUp                 004462 RLA    _ColorCardGetCore         003629 RLA    
_ColorCardSetCore         003621 RLA    _ColorRectangle           003C9D RLA    
_ColorRectangleCore       003631 RLA    _CopyString               004499 RLA    
_CreateWindow             003882 RLA    _DeleteFile               004548 RLA    
_DialogueClearColor       003F1C RLA    _DlgBoxFileSelect         004567 RLA    
_DlgBoxGetString          0045A7 RLA    _DlgBoxOk                 0045BE RLA    
_DlgBoxOkCancel           0045C8 RLA    _DlgBoxYesNo              0045D2 RLA    
_DoDlgBox                 0045DC RLA    _DoIcons                  0045E8 RLA    
_DoMenu                   0045EF RLA    _DrawBoard                00042D RLA    
_EnterDeskTop             004608 RLA    _FillRam                  00460E RLA    
_FindFile                 004628 RLA    _FrameRectangle           00C127 REA    
_GetCharWidth             0046CC RLA    _GetFile                  0046D2 RLA    
_GetRandom                00470B RLA    _GotoFirstMenu            00C1BD REA    
_HorizontalLine           004722 RLA    _InitDrawWindow           0047B2 RLA    
_InitVideomode            0036BB RLA    _InvertRectangle          00C12A REA    
_MainLoop                 00C1C3 REA    _MoveData                 0048F1 RLA    
_PutString                004A01 RLA    _ReDoMenu                 00C193 REA    
_RecoverRectangle         00C12D REA    _Rectangle                00C124 REA    
_ReinitScreen             0039B5 RLA    _SaveFile                 004A07 RLA    
_SetColorMode             003E78 RLA    _SetColorModeCore         00361A RLA    
_SetNewMode               004A16 RLA    _SetPattern               00C139 REA    
_SetRectangleCoords       003764 RLA    _UseSystemFont            00C14B REA    
_VDC_DetectVDCMemSize_core 003579 RLA    _VDC_FillArea_core        003600 RLA    
_VDC_addrh                0034FA RLA    _VDC_addrl                0034FB RLA    
_VDC_tmp1                 003501 RLA    _VDC_tmp2                 003502 RLA    
_VDC_tmp4                 003504 RLA    _VDC_value                003500 RLA    
_VIC_FillArea_core        003647 RLA    _WinOKButton              003963 RLA    
__BACKBUFSIZE__           002000 REA    __BSS_RUN__               005886 RLA    
__BSS_SIZE__              00017E REA    __CONSTRUCTOR_COUNT__     000000 REA    
__CONSTRUCTOR_TABLE__     00042D RLA    __DESTRUCTOR_COUNT__      000001 REA    
__DESTRUCTOR_TABLE__      0050DC RLA    __HIMEM__                 006000 REA    
__OVERLAYADDR__           006000 REA    __OVERLAYSIZE__           000000 REA    
__STACKADDR__             005C00 REA    __STACKSIZE__             000400 REA    
__STARTUP_RUN__           000400 RLA    __STARTUP__               000001 REA    
__VLIR0_START__           000400 RLA    __ctype                   005015 RLA    
__ctypeidx                005020 RLA    __directerrno             004003 RLA    
__errno                   005A01 RLA    __hextab                  004FF9 RLA    
__longminstr              005009 RLA    __oserror                 0059C5 RLA    
__printf                  004100 RLA    __seterrno                0043B2 RLA    
_a_tmp                    00350A RLA    _appname                  0059A0 RLA    
_atexit                   00440C RLA    _color_background         00599F RLA    
_color_foreground         00599E RLA    _exit                     00041B RLA    
_gameflag                 0050DE RLA    _get_ostype               004632 RLA    
_icons                    0059BF RLA    _ltoa                     004848 RLA    
_main                     003349 RLA    _mainicons                0059C1 RLA    
_memcpy                   0048F1 REA    _monochromeflag           00574D RLA    
_noicons                  00581C RLA    _primeRnd                 003673 RLA    
_screen_doubleb           00599B RLA    _screen_doublew           00599C RLA    
_screen_pixel_height      00599A RLA    _screen_pixel_width       005998 RLA    
_sidRnd                   003F88 RLA    _sidRndCore               003687 RLA    
_sprintf                  004A5D RLA    _strlen                   004AA9 RLA    
_strlower                 004ABF RLA    _ultoa                    004889 RLA    
_vdc                      005752 RLA    _version                  00597F RLA    
_vsprintf                 004C57 RLA    addeq0sp                  0043BB RLA    
addeqysp                  0043BD RLA    addysp                    0043CD RLA    
addysp1                   0043CC RLA    aslax1                    0043DA RLA    
aslax2                    0043E2 RLA    aslax3                    0043ED RLA    
aslax4                    0043FB RLA    axlong                    004444 RLA    
axulong                   00444A RLA    bnega                     00446C RLA    
boolne                    0048C5 RLA    boolugt                   0048EA RLA    
callax                    00C1D8 REA    callmain                  004476 RLA    
ctypemaskdirect           0044A3 RLA    decax1                    0044E1 RLA    
decaxy                    0044E8 RLA    decsp1                    0044F1 RLA    
decsp2                    0044FA RLA    decsp3                    004507 RLA    
decsp4                    004514 RLA    decsp5                    004521 RLA    
decsp6                    00452E RLA    decsp8                    00453B RLA    
doatexit                  00442C  LAI   donelib                   00448D RLA    
getintcharint             0046FA RLA    incax1                    004759 RLA    
incax2                    004760 RLA    incax3                    004767 RLA    
incax4                    004771 RLA    incax5                    00476C RLA    
incaxy                    004773 RLA    incsp1                    00477C RLA    
incsp2                    00478B RLA    incsp3                    004799 RLA    
incsp4                    00479E RLA    incsp5                    0047A3 RLA    
incsp6                    0047A8 RLA    incsp8                    0047AD RLA    
initlib                   000421 RLA    ldaidx                    0047C3 RLA    
ldax0sp                   0047DC RLA    ldaxi                     0047CF RLA    
ldaxidx                   0047D1 RLA    ldaxysp                   0047DE RLA    
leaa0sp                   0047E5 RLA    leaaxsp                   0047E7 RLA    
mulax10                   004945 RLA    mulax9                    00495E RLA    
negax                     004979 RLA    negeax                    0047F1 RLA    
popa                      004987 RLA    popax                     004783 RLA    
popptr1                   004993 RLA    popsargsudiv16            004A27 RLA    
ptr1                      000060 RLZ    ptr2                      000062 RLZ    
ptr3                      000064 RLZ    ptr4                      000066 RLZ    
push0                     0049BC RLA    push1                     0049A1 RLA    
pusha                     0049AA RLA    pusha0                    0049BE RLA    
pushax                    0049C0 RLA    pusheax                   004818 RLA    
pushw                     0049D6 RLA    pushw0sp                  0049E5 RLA    
pushwidx                  0049D8 RLA    pushwysp                  0049E7 RLA    
regbank                   00006C RLZ    setoserror                004A1F RLA    
shlax1                    0043DA RLA    shlax2                    0043E2 RLA    
shlax3                    0043ED RLA    shlax4                    0043FB RLA    
shrax1                    004A47 RLA    shrax3                    004A4F RLA    
sp                        000058 RLZ    sreg                      00005A RLZ    
staspidx                  004A88 RLA    stax0sp                   004A9E RLA    
staxysp                   004AA0 RLA    subeq0sp                  004AFB RLA    
subysp                    004B10 RLA    tmp1                      000068 RLZ    
tmp2                      000069 RLZ    tosdiva0                  004552 RLA    
tosicmp                   00472D RLA    tosmula0                  00490B RLA    
tossuba0                  004AE6 RLA    tossubax                  004AE8 RLA    
tosudiva0                 004B1D RLA    tosumoda0                 004B6C RLA    
tosumula0                 00490B RLA    udiv16                    004B2E RLA    
vsnprintf                 004B80 RLA    zerobss                   004C69 RLA    



Exports list by value:
----------------------
__CONSTRUCTOR_COUNT__     000000 REA    __OVERLAYSIZE__           000000 REA    
__DESTRUCTOR_COUNT__      000001 REA    __STARTUP__               000001 REA    
sp                        000058 RLZ    sreg                      00005A RLZ    
ptr1                      000060 RLZ    ptr2                      000062 RLZ    
ptr3                      000064 RLZ    ptr4                      000066 RLZ    
tmp1                      000068 RLZ    tmp2                      000069 RLZ    
regbank                   00006C RLZ    __BSS_SIZE__              00017E REA    
__STACKSIZE__             000400 REA    __STARTUP_RUN__           000400 RLA    
__VLIR0_START__           000400 RLA    _exit                     00041B RLA    
initlib                   000421 RLA    _DrawBoard                00042D RLA    
__CONSTRUCTOR_TABLE__     00042D RLA    __BACKBUFSIZE__           002000 REA    
_main                     003349 RLA    _VDC_addrh                0034FA RLA    
_VDC_addrl                0034FB RLA    _VDC_value                003500 RLA    
_VDC_tmp1                 003501 RLA    _VDC_tmp2                 003502 RLA    
_VDC_tmp4                 003504 RLA    _a_tmp                    00350A RLA    
_VDC_DetectVDCMemSize_core 003579 RLA    _VDC_FillArea_core        003600 RLA    
_SetColorModeCore         00361A RLA    _ColorCardSetCore         003621 RLA    
_ColorCardGetCore         003629 RLA    _ColorRectangleCore       003631 RLA    
_VIC_FillArea_core        003647 RLA    _primeRnd                 003673 RLA    
_sidRndCore               003687 RLA    _InitVideomode            0036BB RLA    
_SetRectangleCoords       003764 RLA    _CreateWindow             003882 RLA    
_WinOKButton              003963 RLA    _ReinitScreen             0039B5 RLA    
_ColorRectangle           003C9D RLA    _SetColorMode             003E78 RLA    
_DialogueClearColor       003F1C RLA    _sidRnd                   003F88 RLA    
__directerrno             004003 RLA    __printf                  004100 RLA    
__seterrno                0043B2 RLA    addeq0sp                  0043BB RLA    
addeqysp                  0043BD RLA    addysp1                   0043CC RLA    
addysp                    0043CD RLA    aslax1                    0043DA RLA    
shlax1                    0043DA RLA    aslax2                    0043E2 RLA    
shlax2                    0043E2 RLA    aslax3                    0043ED RLA    
shlax3                    0043ED RLA    aslax4                    0043FB RLA    
shlax4                    0043FB RLA    _atexit                   00440C RLA    
doatexit                  00442C  LAI   axlong                    004444 RLA    
axulong                   00444A RLA    BitmapRegs                004451 RLA    
_BitmapUp                 004462 RLA    bnega                     00446C RLA    
callmain                  004476 RLA    donelib                   00448D RLA    
_CopyString               004499 RLA    ctypemaskdirect           0044A3 RLA    
DB_get2lines              0044BD RLA    decax1                    0044E1 RLA    
decaxy                    0044E8 RLA    decsp1                    0044F1 RLA    
decsp2                    0044FA RLA    decsp3                    004507 RLA    
decsp4                    004514 RLA    decsp5                    004521 RLA    
decsp6                    00452E RLA    decsp8                    00453B RLA    
_DeleteFile               004548 RLA    tosdiva0                  004552 RLA    
_DlgBoxFileSelect         004567 RLA    _DlgBoxGetString          0045A7 RLA    
_DlgBoxOk                 0045BE RLA    _DlgBoxOkCancel           0045C8 RLA    
_DlgBoxYesNo              0045D2 RLA    _DoDlgBox                 0045DC RLA    
_DoIcons                  0045E8 RLA    _DoMenu                   0045EF RLA    
DoubleSPop                0045F8 RLA    _EnterDeskTop             004608 RLA    
_FillRam                  00460E RLA    _FindFile                 004628 RLA    
_get_ostype               004632 RLA    _GetCharWidth             0046CC RLA    
_GetFile                  0046D2 RLA    getintcharint             0046FA RLA    
_GetRandom                00470B RLA    HLineRegs                 004711 RLA    
_HorizontalLine           004722 RLA    tosicmp                   00472D RLA    
incax1                    004759 RLA    incax2                    004760 RLA    
incax3                    004767 RLA    incax5                    00476C RLA    
incax4                    004771 RLA    incaxy                    004773 RLA    
incsp1                    00477C RLA    popax                     004783 RLA    
incsp2                    00478B RLA    incsp3                    004799 RLA    
incsp4                    00479E RLA    incsp5                    0047A3 RLA    
incsp6                    0047A8 RLA    incsp8                    0047AD RLA    
_InitDrawWindow           0047B2 RLA    ldaidx                    0047C3 RLA    
ldaxi                     0047CF RLA    ldaxidx                   0047D1 RLA    
ldax0sp                   0047DC RLA    ldaxysp                   0047DE RLA    
leaa0sp                   0047E5 RLA    leaaxsp                   0047E7 RLA    
negeax                    0047F1 RLA    pusheax                   004818 RLA    
_ltoa                     004848 RLA    _ultoa                    004889 RLA    
boolne                    0048C5 RLA    boolugt                   0048EA RLA    
_MoveData                 0048F1 RLA    _memcpy                   0048F1 REA    
tosmula0                  00490B RLA    tosumula0                 00490B RLA    
mulax10                   004945 RLA    mulax9                    00495E RLA    
negax                     004979 RLA    popa                      004987 RLA    
popptr1                   004993 RLA    push1                     0049A1 RLA    
pusha                     0049AA RLA    push0                     0049BC RLA    
pusha0                    0049BE RLA    pushax                    0049C0 RLA    
pushw                     0049D6 RLA    pushwidx                  0049D8 RLA    
pushw0sp                  0049E5 RLA    pushwysp                  0049E7 RLA    
_PutString                004A01 RLA    _SaveFile                 004A07 RLA    
_SetNewMode               004A16 RLA    setoserror                004A1F RLA    
popsargsudiv16            004A27 RLA    shrax1                    004A47 RLA    
shrax3                    004A4F RLA    _sprintf                  004A5D RLA    
staspidx                  004A88 RLA    stax0sp                   004A9E RLA    
staxysp                   004AA0 RLA    _strlen                   004AA9 RLA    
_strlower                 004ABF RLA    tossuba0                  004AE6 RLA    
tossubax                  004AE8 RLA    subeq0sp                  004AFB RLA    
subysp                    004B10 RLA    tosudiva0                 004B1D RLA    
udiv16                    004B2E RLA    tosumoda0                 004B6C RLA    
vsnprintf                 004B80 RLA    _vsprintf                 004C57 RLA    
zerobss                   004C69 RLA    __hextab                  004FF9 RLA    
__longminstr              005009 RLA    __ctype                   005015 RLA    
__ctypeidx                005020 RLA    __DESTRUCTOR_TABLE__      0050DC RLA    
_gameflag                 0050DE RLA    _monochromeflag           00574D RLA    
_vdc                      005752 RLA    _noicons                  00581C RLA    
__BSS_RUN__               005886 RLA    _version                  00597F RLA    
_screen_pixel_width       005998 RLA    _screen_pixel_height      00599A RLA    
_screen_doubleb           00599B RLA    _screen_doublew           00599C RLA    
_color_foreground         00599E RLA    _color_background         00599F RLA    
_appname                  0059A0 RLA    _icons                    0059BF RLA    
_mainicons                0059C1 RLA    __oserror                 0059C5 RLA    
__errno                   005A01 RLA    __STACKADDR__             005C00 REA    
__HIMEM__                 006000 REA    __OVERLAYADDR__           006000 REA    
_Rectangle                00C124 REA    _FrameRectangle           00C127 REA    
_InvertRectangle          00C12A REA    _RecoverRectangle         00C12D REA    
_SetPattern               00C139 REA    _UseSystemFont            00C14B REA    
_ReDoMenu                 00C193 REA    _GotoFirstMenu            00C1BD REA    
_MainLoop                 00C1C3 REA    callax                    00C1D8 REA    



Imports list:
-------------
BitmapRegs (bitmapregs.o):
    bitmapup.o                geos-common/graph/bitmapup.s:8
DB_get2lines (dbget2lines.o):
    dlgboxyesno.o             geos-common/dlgbox/dlgboxyesno.s:9
    dlgboxokcancel.o          geos-common/dlgbox/dlgboxokcancel.s:9
    dlgboxok.o                geos-common/dlgbox/dlgboxok.s:9
    dlgboxgetstring.o         geos-common/dlgbox/dlgboxgetstring.s:9
DoubleSPop (doublespop.o):
    copystring.o              geos-common/memory/copystring.s:8
HLineRegs (hlineregs.o):
    horizontalline.o          geos-common/graph/horizontalline.s:9
_BitmapUp (bitmapup.o):
    main.o                    src/main.s:26
_ColorCardGetCore (geoscore.o):
    interface.o               src/interface.s:69
_ColorCardSetCore (geoscore.o):
    interface.o               src/interface.s:68
_ColorRectangle (interface.o):
    main.o                    src/main.s:61
_ColorRectangleCore (geoscore.o):
    interface.o               src/interface.s:70
_CopyString (copystring.o):
    main.o                    src/main.s:32
_CreateWindow (interface.o):
    main.o                    src/main.s:58
_DeleteFile (deletefile.o):
    main.o                    src/main.s:20
_DialogueClearColor (interface.o):
    main.o                    src/main.s:63
_DlgBoxFileSelect (dlgboxfileselect.o):
    main.o                    src/main.s:39
_DlgBoxGetString (dlgboxgetstring.o):
    main.o                    src/main.s:38
_DlgBoxOk (dlgboxok.o):
    main.o                    src/main.s:37
_DlgBoxOkCancel (dlgboxokcancel.o):
    main.o                    src/main.s:36
_DlgBoxYesNo (dlgboxyesno.o):
    main.o                    src/main.s:35
_DoDlgBox (dodlgbox.o):
    dlgboxyesno.o             geos-common/dlgbox/dlgboxyesno.s:9
    dlgboxokcancel.o          geos-common/dlgbox/dlgboxokcancel.s:9
    dlgboxok.o                geos-common/dlgbox/dlgboxok.s:9
    dlgboxgetstring.o         geos-common/dlgbox/dlgboxgetstring.s:9
    dlgboxfileselect.o        geos-common/dlgbox/dlgboxfileselect.s:10
_DoIcons (doicons.o):
    interface.o               src/interface.s:23
    main.o                    src/main.s:31
_DoMenu (domenu.o):
    main.o                    src/main.s:28
_DrawBoard (main.o):
    interface.o               src/interface.s:97
_EnterDeskTop (enterdesktop.o):
    main.o                    src/main.s:34
_FillRam (fillram.o):
    interface.o               src/interface.s:24
_FindFile (findfile.o):
    main.o                    src/main.s:18
_FrameRectangle (framerectangle.o):
    interface.o               src/interface.s:18
    main.o                    src/main.s:23
_GetCharWidth (getcharwidth.o):
    interface.o               src/interface.s:21
_GetFile (getfile.o):
    main.o                    src/main.s:17
_GetRandom (getrandom.o):
    interface.o               src/interface.s:25
_GotoFirstMenu (gotofirstmenu.o):
    main.o                    src/main.s:30
_HorizontalLine (horizontalline.o):
    interface.o               src/interface.s:15
_InitDrawWindow (initdrawwindow.o):
    interface.o               src/interface.s:16
_InitVideomode (interface.o):
    main.o                    src/main.s:56
_InvertRectangle (invertrectangle.o):
    main.o                    src/main.s:24
_MainLoop (mainloop.o):
    main.o                    src/main.s:33
_MoveData (movedata.o):
    memcpy.o                  geos-common/common/memcpy.s:8
_PutString (putstring.o):
    interface.o               src/interface.s:20
    main.o                    src/main.s:25
_ReDoMenu (redomenu.o):
    main.o                    src/main.s:29
_RecoverRectangle (recoverrectangle.o):
    interface.o               src/interface.s:19
_Rectangle (rectangle.o):
    interface.o               src/interface.s:17
    main.o                    src/main.s:22
_ReinitScreen (interface.o):
    main.o                    src/main.s:60
_SaveFile (savefile.o):
    main.o                    src/main.s:19
_SetColorMode (interface.o):
    main.o                    src/main.s:62
_SetColorModeCore (geoscore.o):
    interface.o               src/interface.s:67
_SetNewMode (setnewmode.o):
    main.o                    src/main.s:27
_SetPattern (setpattern.o):
    interface.o               src/interface.s:14
    main.o                    src/main.s:21
_SetRectangleCoords (interface.o):
    main.o                    src/main.s:57
_UseSystemFont (usesystemfont.o):
    interface.o               src/interface.s:22
_VDC_DetectVDCMemSize_core (geoscore.o):
    interface.o               src/interface.s:71
_VDC_FillArea_core (geoscore.o):
    interface.o               src/interface.s:72
_VDC_addrh (geoscore.o):
    interface.o               src/interface.s:76
_VDC_addrl (geoscore.o):
    interface.o               src/interface.s:77
_VDC_tmp1 (geoscore.o):
    interface.o               src/interface.s:79
_VDC_tmp2 (geoscore.o):
    interface.o               src/interface.s:80
_VDC_tmp4 (geoscore.o):
    interface.o               src/interface.s:81
_VDC_value (geoscore.o):
    interface.o               src/interface.s:78
_VIC_FillArea_core (geoscore.o):
    interface.o               src/interface.s:73
_WinOKButton (interface.o):
    main.o                    src/main.s:59
__BACKBUFSIZE__ ([linker generated]):
    crt0.o                    geos-common/system/crt0.s:10
    [linker generated]        geoludo_cc65config.cfg:6
__BSS_RUN__ ([linker generated]):
    zerobss.o                 geos-common/common/zerobss.s:9
__BSS_SIZE__ ([linker generated]):
    zerobss.o                 geos-common/common/zerobss.s:9
__CONSTRUCTOR_COUNT__ ([linker generated]):
    condes.o                  runtime/condes.s:18
__CONSTRUCTOR_TABLE__ ([linker generated]):
    condes.o                  runtime/condes.s:18
__DESTRUCTOR_COUNT__ ([linker generated]):
    condes.o                  runtime/condes.s:19
__DESTRUCTOR_TABLE__ ([linker generated]):
    condes.o                  runtime/condes.s:19
__HIMEM__ ([linker generated]):
    [linker generated]        geoludo_cc65config.cfg:8
__OVERLAYADDR__ ([linker generated]):
    [linker generated]        geoludo_cc65config.cfg:34
    [linker generated]        geoludo_cc65config.cfg:33
    [linker generated]        geoludo_cc65config.cfg:32
    [linker generated]        geoludo_cc65config.cfg:31
    [linker generated]        geoludo_cc65config.cfg:30
    [linker generated]        geoludo_cc65config.cfg:29
    [linker generated]        geoludo_cc65config.cfg:28
    [linker generated]        geoludo_cc65config.cfg:27
    [linker generated]        geoludo_cc65config.cfg:26
    [linker generated]        geoludo_cc65config.cfg:25
    [linker generated]        geoludo_cc65config.cfg:24
    [linker generated]        geoludo_cc65config.cfg:23
    [linker generated]        geoludo_cc65config.cfg:22
    [linker generated]        geoludo_cc65config.cfg:21
    [linker generated]        geoludo_cc65config.cfg:20
    [linker generated]        geoludo_cc65config.cfg:19
    [linker generated]        geoludo_cc65config.cfg:18
    [linker generated]        geoludo_cc65config.cfg:17
    [linker generated]        geoludo_cc65config.cfg:16
    [linker generated]        geoludo_cc65config.cfg:10
__OVERLAYSIZE__ ([linker generated]):
    [linker generated]        geoludo_cc65config.cfg:34
    [linker generated]        geoludo_cc65config.cfg:33
    [linker generated]        geoludo_cc65config.cfg:32
    [linker generated]        geoludo_cc65config.cfg:31
    [linker generated]        geoludo_cc65config.cfg:30
    [linker generated]        geoludo_cc65config.cfg:29
    [linker generated]        geoludo_cc65config.cfg:28
    [linker generated]        geoludo_cc65config.cfg:27
    [linker generated]        geoludo_cc65config.cfg:26
    [linker generated]        geoludo_cc65config.cfg:25
    [linker generated]        geoludo_cc65config.cfg:24
    [linker generated]        geoludo_cc65config.cfg:23
    [linker generated]        geoludo_cc65config.cfg:22
    [linker generated]        geoludo_cc65config.cfg:21
    [linker generated]        geoludo_cc65config.cfg:20
    [linker generated]        geoludo_cc65config.cfg:19
    [linker generated]        geoludo_cc65config.cfg:18
    [linker generated]        geoludo_cc65config.cfg:17
    [linker generated]        geoludo_cc65config.cfg:16
    [linker generated]        geoludo_cc65config.cfg:8
__STACKADDR__ ([linker generated]):
    crt0.o                    geos-common/system/crt0.s:9
    [linker generated]        geoludo_cc65config.cfg:15
__STACKSIZE__ ([linker generated]):
    crt0.o                    geos-common/system/crt0.s:9
    [linker generated]        geoludo_cc65config.cfg:10
__STARTUP_RUN__ ([linker generated]):
    geoludoHdr.o              src/geoludoHdr.s:68
    geoludo.o                 geoludo.s:25
__STARTUP__ (crt0.o):
    main.o                    src/main.s:13
__VLIR0_START__ ([linker generated]):
    geoludoHdr.o              src/geoludoHdr.s:68
    geoludo.o                 geoludo.s:25
__ctype (ctype.o):
    ctypemask.o               common/ctypemask.s:23
__ctypeidx (ctype.o):
    ctypemask.o               common/ctypemask.s:24
__directerrno (_directerrno.o):
    vsnprintf.o               /mnt/d/retro/cc65/asminc/errno.inc:10
__errno (errno.o):
    _seterrno.o               /mnt/d/retro/cc65/asminc/errno.inc:7
__hextab (_hextab.o):
    ltoa.o                    common/ltoa.s:10
__longminstr (_longminstr.o):
    ltoa.o                    common/ltoa.s:10
__oserror (_oserror.o):
    _directerrno.o            /mnt/d/retro/cc65/asminc/errno.inc:7
    setoserror.o              geos-common/system/setoserror.s:8
__printf (_printf.o):
    vsnprintf.o               common/vsnprintf.s:10
__seterrno (_seterrno.o):
    _directerrno.o            /mnt/d/retro/cc65/asminc/errno.inc:9
    atexit.o                  /mnt/d/retro/cc65/asminc/errno.inc:9
_a_tmp (geoscore.o):
    interface.o               src/interface.s:75
_appname (interface.o):
    main.o                    src/main.s:50
_atexit (atexit.o):
    main.o                    src/main.s:16
_color_background (interface.o):
    main.o                    src/main.s:48
_color_foreground (interface.o):
    main.o                    src/main.s:47
_exit (crt0.o):
    enterdesktop.o            geos-common/system/enterdesktop.s:8
_gameflag (main.o):
    interface.o               src/interface.s:44
_get_ostype (get_ostype.o):
    interface.o               src/interface.s:26
_icons (interface.o):
    main.o                    src/main.s:52
_ltoa (ltoa.o):
    _printf.o                 common/_printf.s:12
_main (main.o):
    callmain.o                runtime/callmain.s:11
_mainicons (interface.o):
    main.o                    src/main.s:53
_memcpy (memcpy.o):
    vsnprintf.o               common/vsnprintf.s:10
_monochromeflag (interface.o):
    main.o                    src/main.s:42
_noicons (interface.o):
    main.o                    src/main.s:54
_primeRnd (geoscore.o):
    main.o                    src/main.s:55
_screen_doubleb (interface.o):
    main.o                    src/main.s:45
_screen_doublew (interface.o):
    main.o                    src/main.s:46
_screen_pixel_height (interface.o):
    main.o                    src/main.s:44
_screen_pixel_width (interface.o):
    main.o                    src/main.s:43
_sidRnd (interface.o):
    main.o                    src/main.s:65
_sidRndCore (geoscore.o):
    interface.o               src/interface.s:74
_sprintf (sprintf.o):
    main.o                    src/main.s:14
_strlen (strlen.o):
    _printf.o                 common/_printf.s:13
    interface.o               src/interface.s:13
_strlower (strlower.o):
    _printf.o                 common/_printf.s:13
_ultoa (ltoa.o):
    _printf.o                 common/_printf.s:12
_vdc (interface.o):
    main.o                    src/main.s:49
_version (interface.o):
    main.o                    src/main.s:41
_vsprintf (vsprintf.o):
    sprintf.o                 common/sprintf.s:8
addeq0sp (addeqsp.o):
    interface.o               src/interface.s:1692
    interface.o               src/interface.s:1692
    main.o                    src/main.s:7537
    main.o                    src/main.s:7537
addeqysp (addeqsp.o):
    main.o                    src/main.s:7537
addysp (addysp.o):
    sprintf.o                 common/sprintf.s:8
    incsp8.o                  runtime/incsp8.s:8
    incsp6.o                  runtime/incsp6.s:8
    incsp5.o                  runtime/incsp5.s:8
    incsp4.o                  runtime/incsp4.s:8
    incsp3.o                  runtime/incsp3.s:8
    interface.o               src/interface.s:1692
    interface.o               src/interface.s:1692
    interface.o               src/interface.s:1692
    main.o                    src/main.s:7537
    main.o                    src/main.s:7537
    main.o                    src/main.s:7537
    main.o                    src/main.s:7537
    main.o                    src/main.s:7537
addysp1 (addysp.o):
    sub.o                     runtime/sub.s:8
aslax1 (aslax1.o):
    main.o                    src/main.s:7537
aslax2 (aslax2.o):
    main.o                    src/main.s:7537
    main.o                    src/main.s:7537
    main.o                    src/main.s:7537
    main.o                    src/main.s:7537
    main.o                    src/main.s:7537
    main.o                    src/main.s:7537
    main.o                    src/main.s:7537
    main.o                    src/main.s:7537
    main.o                    src/main.s:7537
    main.o                    src/main.s:7537
aslax3 (aslax3.o):
    main.o                    src/main.s:7537
    main.o                    src/main.s:7537
    main.o                    src/main.s:7537
    main.o                    src/main.s:7537
    main.o                    src/main.s:7537
    main.o                    src/main.s:7537
    main.o                    src/main.s:7537
    main.o                    src/main.s:7537
    main.o                    src/main.s:7537
aslax4 (aslax4.o):
    main.o                    src/main.s:7537
    main.o                    src/main.s:7537
    main.o                    src/main.s:7537
axlong (axlong.o):
    _printf.o                 common/_printf.s:11
axulong (axlong.o):
    _printf.o                 common/_printf.s:11
bnega (bneg.o):
    interface.o               src/interface.s:1692
    main.o                    src/main.s:7537
    main.o                    src/main.s:7537
    main.o                    src/main.s:7537
    main.o                    src/main.s:7537
    main.o                    src/main.s:7537
    main.o                    src/main.s:7537
boolne (makebool.o):
    main.o                    src/main.s:7537
boolugt (makebool.o):
    main.o                    src/main.s:7537
callax (call.o):
    atexit.o                  common/atexit.s:9
callmain (callmain.o):
    crt0.o                    geos-common/system/crt0.s:12
ctypemaskdirect (ctypemask.o):
    strlower.o                common/strlower.s:14
decax1 (decax1.o):
    interface.o               src/interface.s:1692
    interface.o               src/interface.s:1692
    interface.o               src/interface.s:1692
    interface.o               src/interface.s:1692
    main.o                    src/main.s:7537
    main.o                    src/main.s:7537
    main.o                    src/main.s:7537
    main.o                    src/main.s:7537
    main.o                    src/main.s:7537
decaxy (decaxy.o):
    main.o                    src/main.s:7537
    main.o                    src/main.s:7537
decsp1 (decsp1.o):
    interface.o               src/interface.s:1692
    interface.o               src/interface.s:1692
    main.o                    src/main.s:7537
    main.o                    src/main.s:7537
    main.o                    src/main.s:7537
    main.o                    src/main.s:7537
decsp2 (decsp2.o):
    interface.o               src/interface.s:1692
    interface.o               src/interface.s:1692
    main.o                    src/main.s:7537
    main.o                    src/main.s:7537
    main.o                    src/main.s:7537
decsp3 (decsp3.o):
    main.o                    src/main.s:7537
    main.o                    src/main.s:7537
    main.o                    src/main.s:7537
decsp4 (decsp4.o):
    lpush.o                   runtime/lpush.s:12
    sprintf.o                 common/sprintf.s:8
    main.o                    src/main.s:7537
    main.o                    src/main.s:7537
decsp5 (decsp5.o):
    main.o                    src/main.s:7537
decsp6 (decsp6.o):
    _printf.o                 common/_printf.s:11
    main.o                    src/main.s:7537
    main.o                    src/main.s:7537
    main.o                    src/main.s:7537
decsp8 (decsp8.o):
    main.o                    src/main.s:7537
    main.o                    src/main.s:7537
    main.o                    src/main.s:7537
donelib (condes.o):
    crt0.o                    geos-common/system/crt0.s:11
getintcharint (getintcharint.o):
    putstring.o               geos-common/graph/putstring.s:9
incax1 (incax1.o):
    interface.o               src/interface.s:1692
    interface.o               src/interface.s:1692
    main.o                    src/main.s:7537
    main.o                    src/main.s:7537
    main.o                    src/main.s:7537
    main.o                    src/main.s:7537
    main.o                    src/main.s:7537
    main.o                    src/main.s:7537
    main.o                    src/main.s:7537
    main.o                    src/main.s:7537
    main.o                    src/main.s:7537
    main.o                    src/main.s:7537
    main.o                    src/main.s:7537
    main.o                    src/main.s:7537
    main.o                    src/main.s:7537
    main.o                    src/main.s:7537
incax2 (incax2.o):
    main.o                    src/main.s:7537
incax3 (incax3.o):
    main.o                    src/main.s:7537
    main.o                    src/main.s:7537
    main.o                    src/main.s:7537
    main.o                    src/main.s:7537
incax4 (incaxy.o):
    main.o                    src/main.s:7537
incax5 (incax5.o):
    main.o                    src/main.s:7537
    main.o                    src/main.s:7537
incaxy (incaxy.o):
    incax5.o                  runtime/incax5.s:8
    incax3.o                  runtime/incax3.s:8
    main.o                    src/main.s:7537
    main.o                    src/main.s:7537
    main.o                    src/main.s:7537
    main.o                    src/main.s:7537
    main.o                    src/main.s:7537
    main.o                    src/main.s:7537
    main.o                    src/main.s:7537
incsp1 (incsp1.o):
    main.o                    src/main.s:7537
    main.o                    src/main.s:7537
    main.o                    src/main.s:7537
    main.o                    src/main.s:7537
    main.o                    src/main.s:7537
incsp2 (incsp2.o):
    vsnprintf.o               common/vsnprintf.s:9
    staspidx.o                runtime/staspidx.s:8
    popptr1.o                 runtime/popptr1.s:8
    interface.o               src/interface.s:1692
    interface.o               src/interface.s:1692
    interface.o               src/interface.s:1692
    interface.o               src/interface.s:1692
    main.o                    src/main.s:7537
    main.o                    src/main.s:7537
    main.o                    src/main.s:7537
incsp3 (incsp3.o):
    interface.o               src/interface.s:1692
    interface.o               src/interface.s:1692
    main.o                    src/main.s:7537
    main.o                    src/main.s:7537
incsp4 (incsp4.o):
    main.o                    src/main.s:7537
incsp5 (incsp5.o):
    interface.o               src/interface.s:1692
    interface.o               src/interface.s:1692
    interface.o               src/interface.s:1692
    interface.o               src/interface.s:1692
    main.o                    src/main.s:7537
incsp6 (incsp6.o):
    vsnprintf.o               common/vsnprintf.s:9
    interface.o               src/interface.s:1692
    interface.o               src/interface.s:1692
incsp8 (incsp8.o):
    main.o                    src/main.s:7537
initlib (condes.o):
    crt0.o                    geos-common/system/crt0.s:11
ldaidx (ldai.o):
    main.o                    src/main.s:7537
    main.o                    src/main.s:7537
ldax0sp (ldaxsp.o):
    interface.o               src/interface.s:1692
    interface.o               src/interface.s:1692
    interface.o               src/interface.s:1692
    interface.o               src/interface.s:1692
    interface.o               src/interface.s:1692
    main.o                    src/main.s:7537
    main.o                    src/main.s:7537
ldaxi (ldaxi.o):
    main.o                    src/main.s:7537
ldaxidx (ldaxi.o):
    interface.o               src/interface.s:1692
ldaxysp (ldaxsp.o):
    vsnprintf.o               common/vsnprintf.s:9
    interface.o               src/interface.s:1692
    interface.o               src/interface.s:1692
    interface.o               src/interface.s:1692
    interface.o               src/interface.s:1692
    interface.o               src/interface.s:1692
    interface.o               src/interface.s:1692
    interface.o               src/interface.s:1692
    interface.o               src/interface.s:1692
    interface.o               src/interface.s:1692
    interface.o               src/interface.s:1692
    main.o                    src/main.s:7537
    main.o                    src/main.s:7537
    main.o                    src/main.s:7537
    main.o                    src/main.s:7537
leaa0sp (leaaxsp.o):
    main.o                    src/main.s:7537
    main.o                    src/main.s:7537
    main.o                    src/main.s:7537
leaaxsp (leaaxsp.o):
    main.o                    src/main.s:7537
mulax10 (mulax10.o):
    main.o                    src/main.s:7537
mulax9 (mulax9.o):
    main.o                    src/main.s:7537
    main.o                    src/main.s:7537
    main.o                    src/main.s:7537
    main.o                    src/main.s:7537
    main.o                    src/main.s:7537
negax (negabs.o):
    shelp.o                   runtime/shelp.s:11
    div.o                     runtime/div.s:11
negeax (lneg.o):
    ltoa.o                    common/ltoa.s:9
popa (popa.o):
    hlineregs.o               geos-common/graph/hlineregs.s:7
    getintcharint.o           geos-common/graph/getintcharint.s:6
    savefile.o                geos-common/file/savefile.s:9
    horizontalline.o          geos-common/graph/horizontalline.s:8
    getfile.o                 geos-common/file/getfile.s:9
    fillram.o                 geos-common/memory/fillram.s:8
    dlgboxgetstring.o         geos-common/dlgbox/dlgboxgetstring.s:11
    dlgboxfileselect.o        geos-common/dlgbox/dlgboxfileselect.s:9
popax (incsp2.o):
    movedata.o                geos-common/memory/movedata.s:8
    ltoa.o                    common/ltoa.s:9
    _printf.o                 common/_printf.s:11
    vsnprintf.o               common/vsnprintf.s:9
    hlineregs.o               geos-common/graph/hlineregs.s:7
    getintcharint.o           geos-common/graph/getintcharint.s:6
    dbget2lines.o             geos-common/dlgbox/dbget2lines.s:8
    shelp.o                   runtime/shelp.s:11
    getfile.o                 geos-common/file/getfile.s:9
    fillram.o                 geos-common/memory/fillram.s:8
    doublespop.o              geos-common/memory/doublespop.s:6
    dlgboxgetstring.o         geos-common/dlgbox/dlgboxgetstring.s:11
    dlgboxfileselect.o        geos-common/dlgbox/dlgboxfileselect.s:9
popptr1 (popptr1.o):
    ltoa.o                    common/ltoa.s:9
    umod.o                    runtime/umod.s:8
    udiv.o                    runtime/udiv.s:9
    mul8.o                    runtime/mul8.s:9
popsargsudiv16 (shelp.o):
    div.o                     runtime/div.s:11
ptr1 (zeropage.o):
    strlower.o                common/strlower.s:13
    ltoa.o                    common/ltoa.s:11
    _printf.o                 /mnt/d/retro/cc65/asminc/zeropage.inc:12
    vsnprintf.o               common/vsnprintf.s:11
    udiv.o                    runtime/udiv.s:10
    staspidx.o                runtime/staspidx.s:9
    sprintf.o                 common/sprintf.s:9
    shelp.o                   runtime/shelp.s:12
    pushw.o                   runtime/pushw.s:9
    popptr1.o                 runtime/popptr1.s:9
    mulax9.o                  runtime/mulax9.s:10
    mulax10.o                 runtime/mulax10.s:9
    mul8.o                    runtime/mul8.s:10
    ldaxi.o                   runtime/ldaxi.s:8
    ldai.o                    runtime/ldai.s:8
    div.o                     runtime/div.s:12
    interface.o               src/interface.s:11
    main.o                    src/main.s:11
ptr2 (zeropage.o):
    strlower.o                common/strlower.s:13
    ltoa.o                    common/ltoa.s:11
    _printf.o                 /mnt/d/retro/cc65/asminc/zeropage.inc:12
    strlen.o                  common/strlen.s:12
    dlgboxgetstring.o         geos-common/dlgbox/dlgboxgetstring.s:10
ptr3 (zeropage.o):
    ltoa.o                    common/ltoa.s:11
    dbget2lines.o             geos-common/dlgbox/dbget2lines.s:7
    doublespop.o              geos-common/memory/doublespop.s:7
    dlgboxyesno.o             geos-common/dlgbox/dlgboxyesno.s:10
    dlgboxokcancel.o          geos-common/dlgbox/dlgboxokcancel.s:10
    dlgboxok.o                geos-common/dlgbox/dlgboxok.s:10
    dlgboxgetstring.o         geos-common/dlgbox/dlgboxgetstring.s:10
ptr4 (zeropage.o):
    dbget2lines.o             geos-common/dlgbox/dbget2lines.s:7
    bitmapregs.o              geos-common/graph/bitmapregs.s:6
    umod.o                    runtime/umod.s:9
    udiv.o                    runtime/udiv.s:10
    shelp.o                   runtime/shelp.s:12
    mul8.o                    runtime/mul8.s:10
    initdrawwindow.o          geos-common/graph/initdrawwindow.s:9
    doublespop.o              geos-common/memory/doublespop.s:7
    dlgboxyesno.o             geos-common/dlgbox/dlgboxyesno.s:10
    dlgboxokcancel.o          geos-common/dlgbox/dlgboxokcancel.s:10
    dlgboxok.o                geos-common/dlgbox/dlgboxok.s:10
    dlgboxgetstring.o         geos-common/dlgbox/dlgboxgetstring.s:10
push0 (pushax.o):
    interface.o               src/interface.s:1692
    interface.o               src/interface.s:1692
    interface.o               src/interface.s:1692
    interface.o               src/interface.s:1692
    main.o                    src/main.s:7537
    main.o                    src/main.s:7537
    main.o                    src/main.s:7537
    main.o                    src/main.s:7537
push1 (push1.o):
    _printf.o                 common/_printf.s:11
pusha (pusha.o):
    interface.o               src/interface.s:1692
    interface.o               src/interface.s:1692
    interface.o               src/interface.s:1692
    interface.o               src/interface.s:1692
    interface.o               src/interface.s:1692
    interface.o               src/interface.s:1692
    interface.o               src/interface.s:1692
    interface.o               src/interface.s:1692
    interface.o               src/interface.s:1692
    interface.o               src/interface.s:1692
    interface.o               src/interface.s:1692
    interface.o               src/interface.s:1692
    interface.o               src/interface.s:1692
    main.o                    src/main.s:7537
    main.o                    src/main.s:7537
    main.o                    src/main.s:7537
    main.o                    src/main.s:7537
    main.o                    src/main.s:7537
    main.o                    src/main.s:7537
    main.o                    src/main.s:7537
    main.o                    src/main.s:7537
    main.o                    src/main.s:7537
    main.o                    src/main.s:7537
    main.o                    src/main.s:7537
    main.o                    src/main.s:7537
    main.o                    src/main.s:7537
    main.o                    src/main.s:7537
    main.o                    src/main.s:7537
    main.o                    src/main.s:7537
    main.o                    src/main.s:7537
pusha0 (pushax.o):
    push1.o                   runtime/push1.s:8
    interface.o               src/interface.s:1692
    interface.o               src/interface.s:1692
    main.o                    src/main.s:7537
    main.o                    src/main.s:7537
    main.o                    src/main.s:7537
    main.o                    src/main.s:7537
    main.o                    src/main.s:7537
    main.o                    src/main.s:7537
    main.o                    src/main.s:7537
    main.o                    src/main.s:7537
    main.o                    src/main.s:7537
    main.o                    src/main.s:7537
pushax (pushax.o):
    _printf.o                 common/_printf.s:11
    callmain.o                runtime/callmain.s:11
    pushw.o                   runtime/pushw.s:8
    interface.o               src/interface.s:1692
    interface.o               src/interface.s:1692
    interface.o               src/interface.s:1692
    interface.o               src/interface.s:1692
    interface.o               src/interface.s:1692
    interface.o               src/interface.s:1692
    interface.o               src/interface.s:1692
    interface.o               src/interface.s:1692
    interface.o               src/interface.s:1692
    interface.o               src/interface.s:1692
    main.o                    src/main.s:7537
    main.o                    src/main.s:7537
    main.o                    src/main.s:7537
    main.o                    src/main.s:7537
    main.o                    src/main.s:7537
    main.o                    src/main.s:7537
    main.o                    src/main.s:7537
    main.o                    src/main.s:7537
    main.o                    src/main.s:7537
    main.o                    src/main.s:7537
    main.o                    src/main.s:7537
    main.o                    src/main.s:7537
    main.o                    src/main.s:7537
    main.o                    src/main.s:7537
    main.o                    src/main.s:7537
    main.o                    src/main.s:7537
    main.o                    src/main.s:7537
pusheax (lpush.o):
    _printf.o                 common/_printf.s:11
pushw (pushw.o):
    main.o                    src/main.s:7537
pushw0sp (pushwsp.o):
    vsprintf.o                common/vsprintf.s:8
pushwidx (pushw.o):
    interface.o               src/interface.s:1692
pushwysp (pushwsp.o):
    interface.o               src/interface.s:1692
    interface.o               src/interface.s:1692
    interface.o               src/interface.s:1692
    interface.o               src/interface.s:1692
    interface.o               src/interface.s:1692
    main.o                    src/main.s:7537
    main.o                    src/main.s:7537
    main.o                    src/main.s:7537
    main.o                    src/main.s:7537
regbank (zeropage.o):
    _printf.o                 /mnt/d/retro/cc65/asminc/zeropage.inc:14
setoserror (setoserror.o):
    savefile.o                geos-common/file/savefile.s:8
    getfile.o                 geos-common/file/getfile.s:9
    findfile.o                geos-common/file/findfile.s:8
    deletefile.o              geos-common/file/deletefile.s:8
shlax1 (aslax1.o):
    interface.o               src/interface.s:1692
shlax2 (aslax2.o):
    main.o                    src/main.s:7537
    main.o                    src/main.s:7537
shlax3 (aslax3.o):
    main.o                    src/main.s:7537
    main.o                    src/main.s:7537
    main.o                    src/main.s:7537
    main.o                    src/main.s:7537
    main.o                    src/main.s:7537
shlax4 (aslax4.o):
    main.o                    src/main.s:7537
    main.o                    src/main.s:7537
shrax1 (shrax1.o):
    interface.o               src/interface.s:1692
shrax3 (shrax3.o):
    interface.o               src/interface.s:1692
    interface.o               src/interface.s:1692
sp (zeropage.o):
    lpush.o                   runtime/lpush.s:13
    _printf.o                 /mnt/d/retro/cc65/asminc/zeropage.inc:11
    vsnprintf.o               common/vsnprintf.s:11
    subysp.o                  runtime/subysp.s:9
    subeqsp.o                 runtime/subeqsp.s:8
    sub.o                     runtime/sub.s:9
    staxsp.o                  runtime/staxsp.s:8
    staspidx.o                runtime/staspidx.s:9
    sprintf.o                 common/sprintf.s:9
    pushwsp.o                 runtime/pushwsp.s:8
    pushax.o                  runtime/pushax.s:8
    pusha.o                   runtime/pusha.s:8
    popptr1.o                 runtime/popptr1.s:9
    popa.o                    runtime/popa.s:8
    leaaxsp.o                 runtime/leaaxsp.s:8
    ldaxsp.o                  runtime/ldaxsp.s:8
    incsp2.o                  runtime/incsp2.s:8
    incsp1.o                  runtime/incsp1.s:8
    icmp.o                    runtime/icmp.s:9
    decsp8.o                  runtime/decsp8.s:8
    decsp6.o                  runtime/decsp6.s:8
    decsp5.o                  runtime/decsp5.s:8
    decsp4.o                  runtime/decsp4.s:8
    decsp3.o                  runtime/decsp3.s:8
    decsp2.o                  runtime/decsp2.s:8
    decsp1.o                  runtime/decsp1.s:8
    crt0.o                    geos-common/system/crt0.s:14
    addysp.o                  runtime/addysp.s:8
    addeqsp.o                 runtime/addeqsp.s:8
    interface.o               src/interface.s:10
    main.o                    src/main.s:10
sreg (zeropage.o):
    lneg.o                    runtime/lneg.s:11
    ltoa.o                    common/ltoa.s:11
    lpush.o                   runtime/lpush.s:13
    axlong.o                  runtime/axlong.s:9
    _printf.o                 /mnt/d/retro/cc65/asminc/zeropage.inc:11
    umod.o                    runtime/umod.s:9
    udiv.o                    runtime/udiv.s:10
    icmp.o                    runtime/icmp.s:9
    interface.o               src/interface.s:10
    main.o                    src/main.s:10
staspidx (staspidx.o):
    main.o                    src/main.s:7537
stax0sp (staxsp.o):
    interface.o               src/interface.s:1692
    interface.o               src/interface.s:1692
    main.o                    src/main.s:7537
    main.o                    src/main.s:7537
    main.o                    src/main.s:7537
    main.o                    src/main.s:7537
staxysp (staxsp.o):
    vsprintf.o                common/vsprintf.s:8
    main.o                    src/main.s:7537
    main.o                    src/main.s:7537
    main.o                    src/main.s:7537
    main.o                    src/main.s:7537
    main.o                    src/main.s:7537
subeq0sp (subeqsp.o):
    interface.o               src/interface.s:1692
subysp (subysp.o):
    main.o                    src/main.s:7537
tmp1 (zeropage.o):
    ltoa.o                    common/ltoa.s:11
    _printf.o                 /mnt/d/retro/cc65/asminc/zeropage.inc:13
    staspidx.o                runtime/staspidx.s:9
    shrax3.o                  runtime/shrax3.s:8
    shrax1.o                  runtime/shrax1.s:8
    shelp.o                   runtime/shelp.s:12
    incaxy.o                  runtime/incaxy.s:8
    get_ostype.o              geos-cbm/system/get_ostype.s:15
    div.o                     runtime/div.s:12
    decaxy.o                  runtime/decaxy.s:8
    aslax4.o                  runtime/aslax4.s:8
    aslax3.o                  runtime/aslax3.s:8
    aslax2.o                  runtime/aslax2.s:8
    aslax1.o                  runtime/aslax1.s:8
    interface.o               src/interface.s:11
    main.o                    src/main.s:11
tmp2 (zeropage.o):
    shelp.o                   runtime/shelp.s:12
    div.o                     runtime/div.s:12
tosdiva0 (div.o):
    interface.o               src/interface.s:1692
tosicmp (icmp.o):
    main.o                    src/main.s:7537
    main.o                    src/main.s:7537
    main.o                    src/main.s:7537
    main.o                    src/main.s:7537
    main.o                    src/main.s:7537
tosmula0 (mul8.o):
    interface.o               src/interface.s:1692
    main.o                    src/main.s:7537
    main.o                    src/main.s:7537
    main.o                    src/main.s:7537
tossuba0 (sub.o):
    main.o                    src/main.s:7537
tossubax (sub.o):
    interface.o               src/interface.s:1692
tosudiva0 (udiv.o):
    interface.o               src/interface.s:1692
    main.o                    src/main.s:7537
tosumoda0 (umod.o):
    interface.o               src/interface.s:1692
tosumula0 (mul8.o):
    main.o                    src/main.s:7537
    main.o                    src/main.s:7537
udiv16 (udiv.o):
    umod.o                    runtime/umod.s:8
    shelp.o                   runtime/shelp.s:11
vsnprintf (vsnprintf.o):
    vsprintf.o                common/vsprintf.s:9
zerobss (zerobss.o):
    crt0.o                    geos-common/system/crt0.s:13

