Modules list:
-------------
vdc_core_assembly.o:
    CODE              Offs=000000  Size=0003CB  Align=00001  Fill=0000
    BSS               Offs=000000  Size=00000D  Align=00001  Fill=0000
main.o:
    CODE              Offs=0003CB  Size=00432C  Align=00001  Fill=0000
    RODATA            Offs=000000  Size=0003A9  Align=00001  Fill=0000
    BSS               Offs=00000D  Size=000156  Align=00001  Fill=0000
    DATA              Offs=000000  Size=000457  Align=00001  Fill=0000
vdc_core.o:
    CODE              Offs=0046F7  Size=000742  Align=00001  Fill=0000
    BSS               Offs=000163  Size=001000  Align=00001  Fill=0000
/home/xahmol/retro/cc65/lib/c128.lib(_cursor.o):
    BSS               Offs=001163  Size=000001  Align=00001  Fill=0000
/home/xahmol/retro/cc65/lib/c128.lib(_directerrno.o):
    CODE              Offs=004E39  Size=00000A  Align=00001  Fill=0000
/home/xahmol/retro/cc65/lib/c128.lib(_hextab.o):
    RODATA            Offs=0003A9  Size=000010  Align=00001  Fill=0000
/home/xahmol/retro/cc65/lib/c128.lib(_longminstr.o):
    RODATA            Offs=0003B9  Size=00000C  Align=00001  Fill=0000
/home/xahmol/retro/cc65/lib/c128.lib(_mappederrno.o):
    CODE              Offs=004E43  Size=000010  Align=00001  Fill=0000
/home/xahmol/retro/cc65/lib/c128.lib(_oserror.o):
    BSS               Offs=001164  Size=000001  Align=00001  Fill=0000
/home/xahmol/retro/cc65/lib/c128.lib(_printf.o):
    CODE              Offs=004E53  Size=0003A5  Align=00001  Fill=0000
    BSS               Offs=001165  Size=00002B  Align=00001  Fill=0000
    DATA              Offs=000457  Size=000003  Align=00001  Fill=0000
/home/xahmol/retro/cc65/lib/c128.lib(_seterrno.o):
    CODE              Offs=0051F8  Size=000009  Align=00001  Fill=0000
/home/xahmol/retro/cc65/lib/c128.lib(acc_c128_speed.o):
    CODE              Offs=005201  Size=000010  Align=00001  Fill=0000
/home/xahmol/retro/cc65/lib/c128.lib(add.o):
    CODE              Offs=005211  Size=00001C  Align=00001  Fill=0000
/home/xahmol/retro/cc65/lib/c128.lib(addeqsp.o):
    CODE              Offs=00522D  Size=000011  Align=00001  Fill=0000
/home/xahmol/retro/cc65/lib/c128.lib(addysp.o):
    CODE              Offs=00523E  Size=00000E  Align=00001  Fill=0000
/home/xahmol/retro/cc65/lib/c128.lib(aslax1.o):
    CODE              Offs=00524C  Size=000008  Align=00001  Fill=0000
/home/xahmol/retro/cc65/lib/c128.lib(aslax2.o):
    CODE              Offs=005254  Size=00000B  Align=00001  Fill=0000
/home/xahmol/retro/cc65/lib/c128.lib(aslax3.o):
    CODE              Offs=00525F  Size=00000E  Align=00001  Fill=0000
/home/xahmol/retro/cc65/lib/c128.lib(aslax4.o):
    CODE              Offs=00526D  Size=000011  Align=00001  Fill=0000
/home/xahmol/retro/cc65/lib/c128.lib(axlong.o):
    CODE              Offs=00527E  Size=00000D  Align=00001  Fill=0000
/home/xahmol/retro/cc65/lib/c128.lib(c_load.o):
    CODE              Offs=00528B  Size=00001D  Align=00001  Fill=0000
/home/xahmol/retro/cc65/lib/c128.lib(c_save.o):
    CODE              Offs=0052A8  Size=000016  Align=00001  Fill=0000
/home/xahmol/retro/cc65/lib/c128.lib(c_setlfs.o):
    CODE              Offs=0052BE  Size=00000E  Align=00001  Fill=0000
/home/xahmol/retro/cc65/lib/c128.lib(c_setnam.o):
    CODE              Offs=0052CC  Size=000013  Align=00001  Fill=0000
/home/xahmol/retro/cc65/lib/c128.lib(callmain.o):
    CODE              Offs=0052DF  Size=000017  Align=00001  Fill=0000
    DATA              Offs=00045A  Size=000004  Align=00001  Fill=0000
/home/xahmol/retro/cc65/lib/c128.lib(cgetc.o):
    CODE              Offs=0052F6  Size=000030  Align=00001  Fill=0000
    INIT              Offs=000000  Size=000002  Align=00001  Fill=0000
    ONCE              Offs=000000  Size=000013  Align=00001  Fill=0000
/home/xahmol/retro/cc65/lib/c128.lib(clock.o):
    CODE              Offs=005326  Size=00000A  Align=00001  Fill=0000
/home/xahmol/retro/cc65/lib/c128.lib(clrscr.o):
/home/xahmol/retro/cc65/lib/c128.lib(color.o):
    CODE              Offs=005330  Size=000060  Align=00001  Fill=0000
/home/xahmol/retro/cc65/lib/c128.lib(condes.o):
    CODE              Offs=005390  Size=00000C  Align=00001  Fill=0000
    DATA              Offs=00045E  Size=000025  Align=00001  Fill=0000
    ONCE              Offs=000013  Size=00000C  Align=00001  Fill=0000
/home/xahmol/retro/cc65/lib/c128.lib(conio.o):
/home/xahmol/retro/cc65/lib/c128.lib(cprintf.o):
    CODE              Offs=00539C  Size=00002A  Align=00001  Fill=0000
    BSS               Offs=001190  Size=000001  Align=00001  Fill=0000
/home/xahmol/retro/cc65/lib/c128.lib(cputc.o):
    CODE              Offs=0053C6  Size=000049  Align=00001  Fill=0000
/home/xahmol/retro/cc65/lib/c128.lib(cputs.o):
    CODE              Offs=00540F  Size=000023  Align=00001  Fill=0000
/home/xahmol/retro/cc65/lib/c128.lib(crt0.o):
    BSS               Offs=001191  Size=000002  Align=00001  Fill=0000
    STARTUP           Offs=000000  Size=000051  Align=00001  Fill=0000
    INIT              Offs=000002  Size=00001A  Align=00001  Fill=0000
/home/xahmol/retro/cc65/lib/c128.lib(ctype.o):
    RODATA            Offs=0003C5  Size=00008B  Align=00001  Fill=0000
/home/xahmol/retro/cc65/lib/c128.lib(ctypemask.o):
    CODE              Offs=005432  Size=00001E  Align=00001  Fill=0000
/home/xahmol/retro/cc65/lib/c128.lib(curdevice.o):
    CODE              Offs=005450  Size=000006  Align=00001  Fill=0000
/home/xahmol/retro/cc65/lib/c128.lib(decax1.o):
    CODE              Offs=005456  Size=000007  Align=00001  Fill=0000
/home/xahmol/retro/cc65/lib/c128.lib(decaxy.o):
    CODE              Offs=00545D  Size=000009  Align=00001  Fill=0000
/home/xahmol/retro/cc65/lib/c128.lib(decsp1.o):
    CODE              Offs=005466  Size=000009  Align=00001  Fill=0000
/home/xahmol/retro/cc65/lib/c128.lib(decsp2.o):
    CODE              Offs=00546F  Size=00000D  Align=00001  Fill=0000
/home/xahmol/retro/cc65/lib/c128.lib(decsp3.o):
    CODE              Offs=00547C  Size=00000D  Align=00001  Fill=0000
/home/xahmol/retro/cc65/lib/c128.lib(decsp4.o):
    CODE              Offs=005489  Size=00000D  Align=00001  Fill=0000
/home/xahmol/retro/cc65/lib/c128.lib(decsp5.o):
    CODE              Offs=005496  Size=00000D  Align=00001  Fill=0000
/home/xahmol/retro/cc65/lib/c128.lib(decsp6.o):
    CODE              Offs=0054A3  Size=00000D  Align=00001  Fill=0000
/home/xahmol/retro/cc65/lib/c128.lib(decsp7.o):
    CODE              Offs=0054B0  Size=00000D  Align=00001  Fill=0000
/home/xahmol/retro/cc65/lib/c128.lib(decsp8.o):
    CODE              Offs=0054BD  Size=00000D  Align=00001  Fill=0000
/home/xahmol/retro/cc65/lib/c128.lib(devnum.o):
/home/xahmol/retro/cc65/lib/c128.lib(diskcmd.o):
    CODE              Offs=0054CA  Size=0000C4  Align=00001  Fill=0000
    BSS               Offs=001193  Size=000017  Align=00001  Fill=0000
/home/xahmol/retro/cc65/lib/c128.lib(errno.o):
    BSS               Offs=0011AA  Size=000002  Align=00001  Fill=0000
/home/xahmol/retro/cc65/lib/c128.lib(exehdr.o):
    EXEHDR            Offs=000000  Size=00000C  Align=00001  Fill=0000
/home/xahmol/retro/cc65/lib/c128.lib(filename.o):
    CODE              Offs=00558E  Size=0000A0  Align=00001  Fill=0000
    BSS               Offs=0011AC  Size=000003  Align=00001  Fill=0000
    DATA              Offs=000483  Size=000024  Align=00001  Fill=0000
/home/xahmol/retro/cc65/lib/c128.lib(filetype.o):
    DATA              Offs=0004A7  Size=000001  Align=00001  Fill=0000
/home/xahmol/retro/cc65/lib/c128.lib(filevars.o):
    INIT              Offs=00001C  Size=000001  Align=00001  Fill=0000
    ONCE              Offs=00001F  Size=00000C  Align=00001  Fill=0000
/home/xahmol/retro/cc65/lib/c128.lib(gotoxy.o):
    CODE              Offs=00562E  Size=00000D  Align=00001  Fill=0000
/home/xahmol/retro/cc65/lib/c128.lib(icmp.o):
    CODE              Offs=00563B  Size=00002E  Align=00001  Fill=0000
/home/xahmol/retro/cc65/lib/c128.lib(incax1.o):
    CODE              Offs=005669  Size=000007  Align=00001  Fill=0000
/home/xahmol/retro/cc65/lib/c128.lib(incax2.o):
    CODE              Offs=005670  Size=000007  Align=00001  Fill=0000
/home/xahmol/retro/cc65/lib/c128.lib(incax3.o):
    CODE              Offs=005677  Size=000005  Align=00001  Fill=0000
/home/xahmol/retro/cc65/lib/c128.lib(incax5.o):
    CODE              Offs=00567C  Size=000005  Align=00001  Fill=0000
/home/xahmol/retro/cc65/lib/c128.lib(incax6.o):
    CODE              Offs=005681  Size=000005  Align=00001  Fill=0000
/home/xahmol/retro/cc65/lib/c128.lib(incax7.o):
    CODE              Offs=005686  Size=000005  Align=00001  Fill=0000
/home/xahmol/retro/cc65/lib/c128.lib(incax8.o):
    CODE              Offs=00568B  Size=000005  Align=00001  Fill=0000
/home/xahmol/retro/cc65/lib/c128.lib(incaxy.o):
    CODE              Offs=005690  Size=00000B  Align=00001  Fill=0000
/home/xahmol/retro/cc65/lib/c128.lib(incsp1.o):
    CODE              Offs=00569B  Size=000007  Align=00001  Fill=0000
/home/xahmol/retro/cc65/lib/c128.lib(incsp2.o):
    CODE              Offs=0056A2  Size=000016  Align=00001  Fill=0000
/home/xahmol/retro/cc65/lib/c128.lib(incsp3.o):
    CODE              Offs=0056B8  Size=000005  Align=00001  Fill=0000
/home/xahmol/retro/cc65/lib/c128.lib(incsp4.o):
    CODE              Offs=0056BD  Size=000005  Align=00001  Fill=0000
/home/xahmol/retro/cc65/lib/c128.lib(incsp5.o):
    CODE              Offs=0056C2  Size=000005  Align=00001  Fill=0000
/home/xahmol/retro/cc65/lib/c128.lib(incsp6.o):
    CODE              Offs=0056C7  Size=000005  Align=00001  Fill=0000
/home/xahmol/retro/cc65/lib/c128.lib(incsp7.o):
    CODE              Offs=0056CC  Size=000005  Align=00001  Fill=0000
/home/xahmol/retro/cc65/lib/c128.lib(incsp8.o):
    CODE              Offs=0056D1  Size=000005  Align=00001  Fill=0000
/home/xahmol/retro/cc65/lib/c128.lib(joy-kernel.o):
    CODE              Offs=0056D6  Size=00004D  Align=00001  Fill=0000
    RODATA            Offs=000450  Size=000004  Align=00001  Fill=0000
    BSS               Offs=0011AF  Size=000002  Align=00001  Fill=0000
    DATA              Offs=0004A8  Size=00000C  Align=00001  Fill=0000
/home/xahmol/retro/cc65/lib/c128.lib(joy_read.o):
/home/xahmol/retro/cc65/lib/c128.lib(joy_stat_stddrv.o):
/home/xahmol/retro/cc65/lib/c128.lib(kbhit.o):
    CODE              Offs=005723  Size=000009  Align=00001  Fill=0000
/home/xahmol/retro/cc65/lib/c128.lib(kernal.o):
/home/xahmol/retro/cc65/lib/c128.lib(lcmp.o):
    CODE              Offs=00572C  Size=00003B  Align=00001  Fill=0000
/home/xahmol/retro/cc65/lib/c128.lib(ldai.o):
    CODE              Offs=005767  Size=00000C  Align=00001  Fill=0000
/home/xahmol/retro/cc65/lib/c128.lib(ldaxi.o):
    CODE              Offs=005773  Size=00000D  Align=00001  Fill=0000
/home/xahmol/retro/cc65/lib/c128.lib(ldaxsp.o):
    CODE              Offs=005780  Size=000009  Align=00001  Fill=0000
/home/xahmol/retro/cc65/lib/c128.lib(ldeaxysp.o):
    CODE              Offs=005789  Size=000013  Align=00001  Fill=0000
/home/xahmol/retro/cc65/lib/c128.lib(leaaxsp.o):
    CODE              Offs=00579C  Size=00000C  Align=00001  Fill=0000
/home/xahmol/retro/cc65/lib/c128.lib(libref.o):
/home/xahmol/retro/cc65/lib/c128.lib(lneg.o):
    CODE              Offs=0057A8  Size=00001E  Align=00001  Fill=0000
/home/xahmol/retro/cc65/lib/c128.lib(loadaddr.o):
    LOADADDR          Offs=000000  Size=000002  Align=00001  Fill=0000
/home/xahmol/retro/cc65/lib/c128.lib(lpush.o):
    CODE              Offs=0057C6  Size=000021  Align=00001  Fill=0000
/home/xahmol/retro/cc65/lib/c128.lib(lsub.o):
    CODE              Offs=0057E7  Size=000027  Align=00001  Fill=0000
/home/xahmol/retro/cc65/lib/c128.lib(ltoa.o):
    CODE              Offs=00580E  Size=000095  Align=00001  Fill=0000
/home/xahmol/retro/cc65/lib/c128.lib(lult.o):
    CODE              Offs=0058A3  Size=000006  Align=00001  Fill=0000
/home/xahmol/retro/cc65/lib/c128.lib(makebool.o):
    CODE              Offs=0058A9  Size=00002C  Align=00001  Fill=0000
/home/xahmol/retro/cc65/lib/c128.lib(memcpy.o):
    CODE              Offs=0058D5  Size=00003C  Align=00001  Fill=0000
/home/xahmol/retro/cc65/lib/c128.lib(mod.o):
    CODE              Offs=005911  Size=000011  Align=00001  Fill=0000
/home/xahmol/retro/cc65/lib/c128.lib(mul8.o):
    CODE              Offs=005922  Size=00003A  Align=00001  Fill=0000
/home/xahmol/retro/cc65/lib/c128.lib(mulax10.o):
    CODE              Offs=00595C  Size=000019  Align=00001  Fill=0000
/home/xahmol/retro/cc65/lib/c128.lib(negabs.o):
    CODE              Offs=005975  Size=000012  Align=00001  Fill=0000
/home/xahmol/retro/cc65/lib/c128.lib(oserror.o):
    CODE              Offs=005987  Size=000016  Align=00001  Fill=0000
    RODATA            Offs=000454  Size=00005A  Align=00001  Fill=0000
/home/xahmol/retro/cc65/lib/c128.lib(popa.o):
    CODE              Offs=00599D  Size=00000C  Align=00001  Fill=0000
/home/xahmol/retro/cc65/lib/c128.lib(popptr1.o):
    CODE              Offs=0059A9  Size=00000E  Align=00001  Fill=0000
/home/xahmol/retro/cc65/lib/c128.lib(push1.o):
    CODE              Offs=0059B7  Size=000005  Align=00001  Fill=0000
/home/xahmol/retro/cc65/lib/c128.lib(pusha.o):
    CODE              Offs=0059BC  Size=000016  Align=00001  Fill=0000
/home/xahmol/retro/cc65/lib/c128.lib(pushax.o):
    CODE              Offs=0059D2  Size=00001A  Align=00001  Fill=0000
/home/xahmol/retro/cc65/lib/c128.lib(pushw.o):
    CODE              Offs=0059EC  Size=00000F  Align=00001  Fill=0000
/home/xahmol/retro/cc65/lib/c128.lib(pushwsp.o):
    CODE              Offs=0059FB  Size=00001C  Align=00001  Fill=0000
/home/xahmol/retro/cc65/lib/c128.lib(rand.o):
    CODE              Offs=005A17  Size=000034  Align=00001  Fill=0000
    DATA              Offs=0004B4  Size=000004  Align=00001  Fill=0000
/home/xahmol/retro/cc65/lib/c128.lib(remove.o):
    CODE              Offs=005A4B  Size=000006  Align=00001  Fill=0000
/home/xahmol/retro/cc65/lib/c128.lib(return0.o):
    CODE              Offs=005A51  Size=000004  Align=00001  Fill=0000
/home/xahmol/retro/cc65/lib/c128.lib(scratch.o):
    CODE              Offs=005A55  Size=000019  Align=00001  Fill=0000
/home/xahmol/retro/cc65/lib/c128.lib(shelp.o):
    CODE              Offs=005A6E  Size=000020  Align=00001  Fill=0000
/home/xahmol/retro/cc65/lib/c128.lib(shrax1.o):
    CODE              Offs=005A8E  Size=000008  Align=00001  Fill=0000
/home/xahmol/retro/cc65/lib/c128.lib(shrax3.o):
    CODE              Offs=005A96  Size=00000E  Align=00001  Fill=0000
/home/xahmol/retro/cc65/lib/c128.lib(sprintf.o):
    CODE              Offs=005AA4  Size=00002B  Align=00001  Fill=0000
    BSS               Offs=0011B1  Size=000001  Align=00001  Fill=0000
/home/xahmol/retro/cc65/lib/c128.lib(staspidx.o):
    CODE              Offs=005ACF  Size=000016  Align=00001  Fill=0000
/home/xahmol/retro/cc65/lib/c128.lib(status.o):
/home/xahmol/retro/cc65/lib/c128.lib(staxsp.o):
    CODE              Offs=005AE5  Size=00000B  Align=00001  Fill=0000
/home/xahmol/retro/cc65/lib/c128.lib(strcat.o):
    CODE              Offs=005AF0  Size=000031  Align=00001  Fill=0000
/home/xahmol/retro/cc65/lib/c128.lib(strchr.o):
    CODE              Offs=005B21  Size=000027  Align=00001  Fill=0000
/home/xahmol/retro/cc65/lib/c128.lib(strcpy.o):
    CODE              Offs=005B48  Size=00001F  Align=00001  Fill=0000
/home/xahmol/retro/cc65/lib/c128.lib(strlen.o):
    CODE              Offs=005B67  Size=000016  Align=00001  Fill=0000
/home/xahmol/retro/cc65/lib/c128.lib(strlower.o):
    CODE              Offs=005B7D  Size=000027  Align=00001  Fill=0000
/home/xahmol/retro/cc65/lib/c128.lib(sub.o):
    CODE              Offs=005BA4  Size=000015  Align=00001  Fill=0000
/home/xahmol/retro/cc65/lib/c128.lib(subeqsp.o):
    CODE              Offs=005BB9  Size=000015  Align=00001  Fill=0000
/home/xahmol/retro/cc65/lib/c128.lib(subysp.o):
    CODE              Offs=005BCE  Size=00000D  Align=00001  Fill=0000
/home/xahmol/retro/cc65/lib/c128.lib(sysremove.o):
    CODE              Offs=005BDB  Size=000009  Align=00001  Fill=0000
/home/xahmol/retro/cc65/lib/c128.lib(udiv.o):
    CODE              Offs=005BE4  Size=00004F  Align=00001  Fill=0000
/home/xahmol/retro/cc65/lib/c128.lib(vcprintf.o):
    CODE              Offs=005C33  Size=000078  Align=00001  Fill=0000
    DATA              Offs=0004B8  Size=000008  Align=00001  Fill=0000
/home/xahmol/retro/cc65/lib/c128.lib(vsnprintf.o):
    CODE              Offs=005CAB  Size=0000DA  Align=00001  Fill=0000
    DATA              Offs=0004C0  Size=000008  Align=00001  Fill=0000
/home/xahmol/retro/cc65/lib/c128.lib(vsprintf.o):
    CODE              Offs=005D85  Size=000012  Align=00001  Fill=0000
/home/xahmol/retro/cc65/lib/c128.lib(zerobss.o):
    CODE              Offs=005D97  Size=000023  Align=00001  Fill=0000
/home/xahmol/retro/cc65/lib/c128.lib(zeropage.o):
    ZEROPAGE          Offs=000000  Size=00001A  Align=00001  Fill=0000
/home/xahmol/retro/cc65/lib/c128.lib(c128-stdjoy-joy.o):
    CODE              Offs=005DBA  Size=00002F  Align=00001  Fill=0000
    DATA              Offs=0004C8  Size=00000E  Align=00001  Fill=0000


Segment list:
-------------
Name                   Start     End    Size  Align
----------------------------------------------------
ZEROPAGE              000002  00001B  00001A  00001
LOADADDR              001BFF  001C00  000002  00001
EXEHDR                001C01  001C0C  00000C  00001
STARTUP               001C0D  001C5D  000051  00001
ONCE                  001C5E  001C8C  00002F  00001
CODE                  001C8D  007A75  005DE9  00001
RODATA                007A76  007F25  0004B0  00001
DATA                  007F26  0083FB  0004D6  00001
INIT                  0083FC  008418  00001D  00001
BSS                   008419  0095CA  0011B2  00001


Exports list by name:
---------------------
BASIN                     00FFCF RLA    BSOUT                     00FFD2 RLA    
CHKIN                     00FFC6 RLA    CKOUT                     00FFC9 RLA    
CLOSE                     00FFC3 RLA    CLRCH                     00FFCC RLA    
CURS_X                    0000EC RLZ    CURS_Y                    0000EB RLZ    
LOAD                      00FFD5 RLA    OPEN                      00FFC0 RLA    
RDTIM                     00FFDE RLA    SAVE                      00FFD8 RLA    
SETLFS                    00FFBA RLA    SETNAM                    00FFBD RLA    
ST                        000090 RLZ    _SetLoadSaveBank          006AB6 RLA    
_SetLoadSaveBank_core     00204F RLA    _VDC_CopyMemToVDC         0064AC RLA    
_VDC_CopyMemToVDC_core    001EA4 RLA    _VDC_CopyVDCToMem         0064EC RLA    
_VDC_CopyVDCToMem_core    001F13 RLA    _VDC_Exit                 0065C1 RLA    
_VDC_FillArea             00655A RLA    _VDC_FillArea_core        002035 RLA    
_VDC_HChar                006427 RLA    _VDC_HChar_core           001D86 RLA    
_VDC_Init                 0065AA RLA    _VDC_LoadCharset          00686F RLA    
_VDC_LoadScreen           0068FC RLA    _VDC_MemCopy_core         001D0E RLA    
_VDC_Peek_core            001CDE RLA    _VDC_PetsciiToScreenCode  0065C9 RLA    
_VDC_Plot                 006A30 RLA    _VDC_PlotString           006A68 RLA    
_VDC_Poke_core            001CAE RLA    _VDC_PrintAt              0067EB RLA    
_VDC_ReadRegister_core    001C8D RLA    _VDC_RedefineCharset_core 001F8D RLA    
_VDC_VChar                006470 RLA    _VDC_VChar_core           001E2A RLA    
_VDC_WriteRegister_core   001C9F RLA    _VDC_addrh                00841B RLA    
_VDC_addrl                00841C RLA    _VDC_desth                00841D RLA    
_VDC_destl                00841E RLA    _VDC_regadd               008419 RLA    
_VDC_regval               00841A RLA    _VDC_tmp1                 008420 RLA    
_VDC_tmp2                 008421 RLA    _VDC_tmp3                 008422 RLA    
_VDC_tmp4                 008423 RLA    _VDC_value                00841F RLA    
__BSS_RUN__               008419 RLA    __BSS_SIZE__              0011B2 REA    
__CONSTRUCTOR_COUNT__     000002 REA    __CONSTRUCTOR_TABLE__     001C89 RLA    
__DESTRUCTOR_COUNT__      000001 REA    __DESTRUCTOR_TABLE__      007F24 RLA    
__EXEHDR__                000001 REA    __LOADADDR__              000001 REA    
__MAIN_SIZE__             009BF3 REA    __MAIN_START__            001C0D RLA    
__STACKSIZE__             000800 REA    __STARTUP__               000001 REA    
__ctype                   007E3B RLA    __ctypeidx                007E46 RLA    
__directerrno             006AC6 RLA    __errno                   0095C3 RLA    
__filetype                0083CD RLA    __hextab                  007E1F RLA    
__longminstr              007E2F RLA    __mappederrno             006AD0 RLA    
__oserror                 00957D RLA    __osmaperrno              007614 RLA    
__printf                  006BD3 RLA    __seterrno                006E85 RLA    
__sysremove               007868 RLA    _bgcolor                  006FE6 RLA    
_bordercolor              00700C RLA    _c128_stdjoy_joy          0083EE RLA    
_cbm_k_load               006F18 RLA    _cbm_k_save               006F35 RLA    
_cbm_k_setlfs             006F4B RLA    _cbm_k_setnam             006F59 RLA    
_cgetc                    006F83 RLA    _clock                    006FB3 RLA    
_clrscr                   00C142 REA    _cprintf                  007029 RLA    
_cputc                    007058 RLA    _cputs                    0070A6 RLA    
_cputsxy                  00709C RLA    _exit                     001C42 RLA    
_getcurrentdevice         0070DD RLA    _gotoxy                   0072BE RLA    
_joy_install              007363 RLA    _joy_read                 0083D7 REA    
_joy_static_stddrv        0083EE RLA    _joy_uninstall            0073A3 RLA    
_kbhit                    0073B0 RLA    _ltoa                     0074B3 RLA    
_main                     006164 RLA    _memcpy                   007562 RLA    
_rand                     0076B0 RLA    _remove                   0076D8 RLA    
_set_c128_speed           006E8E RLA    _sprintf                  007731 RLA    
_srand                    0076A4 RLA    _strcat                   00777D RLA    
_strchr                   0077AE RLA    _strcpy                   0077D5 RLA    
_strlen                   0077F4 RLA    _strlower                 00780A RLA    
_textcolor                006FBD RLA    _ultoa                    0074F4 RLA    
_vcprintf                 007908 RLA    _vsprintf                 007A12 RLA    
addeq0sp                  006EBA RLA    addysp                    006ECC RLA    
addysp1                   006ECB RLA    aslax1                    006ED9 RLA    
aslax2                    006EE1 RLA    aslax3                    006EEC RLA    
aslax4                    006EFA RLA    axlong                    006F0B RLA    
axulong                   006F11 RLA    booleq                    00753C RLA    
boolugt                   00755B RLA    boolult                   007555 RLA    
callmain                  006F6C RLA    closecmdchannel           00718D RLA    
ctypemaskdirect           0070C3 RLA    cursor                    00957C RLA    
curunit                   008418 RLA    decax1                    0070E3 RLA    
decaxy                    0070EA RLA    decsp1                    0070F3 RLA    
decsp2                    0070FC RLA    decsp3                    007109 RLA    
decsp4                    007116 RLA    decsp5                    007123 RLA    
decsp6                    007130 RLA    decsp7                    00713D RLA    
decsp8                    00714A RLA    devnum                    0000BA RLZ    
donecgetc                 006FA4  LAI   donelib                   00701D RLA    
fncmd                     0083A9 RLA    fnlen                     0095C6 RLA    
fnparse                   007236 RLA    fnunit                    0095C5 RLA    
gotoxy                    0072BB RLA    incax1                    0072F6 RLA    
incax2                    0072FD RLA    incax3                    007304 RLA    
incax4                    00731D RLA    incax5                    007309 RLA    
incax6                    00730E RLA    incax7                    007313 RLA    
incax8                    007318 RLA    incaxy                    00731F RLA    
incsp1                    007328 RLA    incsp2                    007337 RLA    
incsp3                    007345 RLA    incsp4                    00734A RLA    
incsp5                    00734F RLA    incsp6                    007354 RLA    
incsp7                    007359 RLA    incsp8                    00735E RLA    
initcgetc                 001C5E  LAI   initcurunit               001C7D  LAI   
initlib                   001C71 RLA    joy_libref                001C42 RLA    
joy_read                  0083D7 RLA    ldaidx                    0073F4 RLA    
ldax0sp                   00740D RLA    ldaxi                     007400 RLA    
ldaxysp                   00740F RLA    ldeaxysp                  007418 RLA    
leaa0sp                   007429 RLA    leaaxsp                   00742B RLA    
mulax10                   0075E9 RLA    negax                     007606 RLA    
negeax                    007435 RLA    opencmdchannel            007160 RLA    
plot                      007094 RLA    popa                      00762A RLA    
popax                     00732F RLA    popptr1                   007636 RLA    
popsargsudiv16            0076FB RLA    ptr1                      00000A RLZ    
ptr2                      00000C RLZ    ptr3                      00000E RLZ    
ptr4                      000010 RLZ    push0                     00765F RLA    
push1                     007644 RLA    pusha                     00764D RLA    
pusha0                    007661 RLA    pushax                    007663 RLA    
pusheax                   00745C RLA    pushw                     007679 RLA    
pushw0sp                  007688 RLA    pushwysp                  00768A RLA    
regbank                   000016 RLZ    return0                   0076DE RLA    
scratch                   0076E2 RLA    shlax1                    006ED9 RLA    
shlax2                    006EE1 RLA    shlax3                    006EEC RLA    
shlax4                    006EFA RLA    shrax1                    00771B RLA    
shrax3                    007723 RLA    sp                        000002 RLZ    
sreg                      000004 RLZ    staspidx                  00775C RLA    
stax0sp                   007772 RLA    staxysp                   007774 RLA    
subeq0sp                  007846 RLA    subysp                    00785B RLA    
tmp1                      000012 RLZ    tmp2                      000013 RLZ    
tmp3                      000014 RLZ    tosaddax                  006EA0 RLA    
tosicmp                   0072CA RLA    toslcmp                   0073B9 RLA    
tosmoda0                  00759E RLA    tosmula0                  0075AF RLA    
tossuba0                  007831 RLA    tossubax                  007833 RLA    
tossubeax                 00747A RLA    tosudiva0                 007871 RLA    
tosulteax                 007530 RLA    tosumula0                 0075AF RLA    
udiv16                    007882 RLA    vsnprintf                 00793B RLA    
writefndiskcmd            0071E0 RLA    zerobss                   007A24 RLA    



Exports list by value:
----------------------
__DESTRUCTOR_COUNT__      000001 REA    __EXEHDR__                000001 REA    
__LOADADDR__              000001 REA    __STARTUP__               000001 REA    
__CONSTRUCTOR_COUNT__     000002 REA    sp                        000002 RLZ    
sreg                      000004 RLZ    ptr1                      00000A RLZ    
ptr2                      00000C RLZ    ptr3                      00000E RLZ    
ptr4                      000010 RLZ    tmp1                      000012 RLZ    
tmp2                      000013 RLZ    tmp3                      000014 RLZ    
regbank                   000016 RLZ    ST                        000090 RLZ    
devnum                    0000BA RLZ    CURS_Y                    0000EB RLZ    
CURS_X                    0000EC RLZ    __STACKSIZE__             000800 REA    
__BSS_SIZE__              0011B2 REA    __MAIN_START__            001C0D RLA    
_exit                     001C42 RLA    joy_libref                001C42 RLA    
initcgetc                 001C5E  LAI   initlib                   001C71 RLA    
initcurunit               001C7D  LAI   __CONSTRUCTOR_TABLE__     001C89 RLA    
_VDC_ReadRegister_core    001C8D RLA    _VDC_WriteRegister_core   001C9F RLA    
_VDC_Poke_core            001CAE RLA    _VDC_Peek_core            001CDE RLA    
_VDC_MemCopy_core         001D0E RLA    _VDC_HChar_core           001D86 RLA    
_VDC_VChar_core           001E2A RLA    _VDC_CopyMemToVDC_core    001EA4 RLA    
_VDC_CopyVDCToMem_core    001F13 RLA    _VDC_RedefineCharset_core 001F8D RLA    
_VDC_FillArea_core        002035 RLA    _SetLoadSaveBank_core     00204F RLA    
_main                     006164 RLA    _VDC_HChar                006427 RLA    
_VDC_VChar                006470 RLA    _VDC_CopyMemToVDC         0064AC RLA    
_VDC_CopyVDCToMem         0064EC RLA    _VDC_FillArea             00655A RLA    
_VDC_Init                 0065AA RLA    _VDC_Exit                 0065C1 RLA    
_VDC_PetsciiToScreenCode  0065C9 RLA    _VDC_PrintAt              0067EB RLA    
_VDC_LoadCharset          00686F RLA    _VDC_LoadScreen           0068FC RLA    
_VDC_Plot                 006A30 RLA    _VDC_PlotString           006A68 RLA    
_SetLoadSaveBank          006AB6 RLA    __directerrno             006AC6 RLA    
__mappederrno             006AD0 RLA    __printf                  006BD3 RLA    
__seterrno                006E85 RLA    _set_c128_speed           006E8E RLA    
tosaddax                  006EA0 RLA    addeq0sp                  006EBA RLA    
addysp1                   006ECB RLA    addysp                    006ECC RLA    
aslax1                    006ED9 RLA    shlax1                    006ED9 RLA    
aslax2                    006EE1 RLA    shlax2                    006EE1 RLA    
aslax3                    006EEC RLA    shlax3                    006EEC RLA    
aslax4                    006EFA RLA    shlax4                    006EFA RLA    
axlong                    006F0B RLA    axulong                   006F11 RLA    
_cbm_k_load               006F18 RLA    _cbm_k_save               006F35 RLA    
_cbm_k_setlfs             006F4B RLA    _cbm_k_setnam             006F59 RLA    
callmain                  006F6C RLA    _cgetc                    006F83 RLA    
donecgetc                 006FA4  LAI   _clock                    006FB3 RLA    
_textcolor                006FBD RLA    _bgcolor                  006FE6 RLA    
_bordercolor              00700C RLA    donelib                   00701D RLA    
_cprintf                  007029 RLA    _cputc                    007058 RLA    
plot                      007094 RLA    _cputsxy                  00709C RLA    
_cputs                    0070A6 RLA    ctypemaskdirect           0070C3 RLA    
_getcurrentdevice         0070DD RLA    decax1                    0070E3 RLA    
decaxy                    0070EA RLA    decsp1                    0070F3 RLA    
decsp2                    0070FC RLA    decsp3                    007109 RLA    
decsp4                    007116 RLA    decsp5                    007123 RLA    
decsp6                    007130 RLA    decsp7                    00713D RLA    
decsp8                    00714A RLA    opencmdchannel            007160 RLA    
closecmdchannel           00718D RLA    writefndiskcmd            0071E0 RLA    
fnparse                   007236 RLA    gotoxy                    0072BB RLA    
_gotoxy                   0072BE RLA    tosicmp                   0072CA RLA    
incax1                    0072F6 RLA    incax2                    0072FD RLA    
incax3                    007304 RLA    incax5                    007309 RLA    
incax6                    00730E RLA    incax7                    007313 RLA    
incax8                    007318 RLA    incax4                    00731D RLA    
incaxy                    00731F RLA    incsp1                    007328 RLA    
popax                     00732F RLA    incsp2                    007337 RLA    
incsp3                    007345 RLA    incsp4                    00734A RLA    
incsp5                    00734F RLA    incsp6                    007354 RLA    
incsp7                    007359 RLA    incsp8                    00735E RLA    
_joy_install              007363 RLA    _joy_uninstall            0073A3 RLA    
_kbhit                    0073B0 RLA    toslcmp                   0073B9 RLA    
ldaidx                    0073F4 RLA    ldaxi                     007400 RLA    
ldax0sp                   00740D RLA    ldaxysp                   00740F RLA    
ldeaxysp                  007418 RLA    leaa0sp                   007429 RLA    
leaaxsp                   00742B RLA    negeax                    007435 RLA    
pusheax                   00745C RLA    tossubeax                 00747A RLA    
_ltoa                     0074B3 RLA    _ultoa                    0074F4 RLA    
tosulteax                 007530 RLA    booleq                    00753C RLA    
boolult                   007555 RLA    boolugt                   00755B RLA    
_memcpy                   007562 RLA    tosmoda0                  00759E RLA    
tosmula0                  0075AF RLA    tosumula0                 0075AF RLA    
mulax10                   0075E9 RLA    negax                     007606 RLA    
__osmaperrno              007614 RLA    popa                      00762A RLA    
popptr1                   007636 RLA    push1                     007644 RLA    
pusha                     00764D RLA    push0                     00765F RLA    
pusha0                    007661 RLA    pushax                    007663 RLA    
pushw                     007679 RLA    pushw0sp                  007688 RLA    
pushwysp                  00768A RLA    _srand                    0076A4 RLA    
_rand                     0076B0 RLA    _remove                   0076D8 RLA    
return0                   0076DE RLA    scratch                   0076E2 RLA    
popsargsudiv16            0076FB RLA    shrax1                    00771B RLA    
shrax3                    007723 RLA    _sprintf                  007731 RLA    
staspidx                  00775C RLA    stax0sp                   007772 RLA    
staxysp                   007774 RLA    _strcat                   00777D RLA    
_strchr                   0077AE RLA    _strcpy                   0077D5 RLA    
_strlen                   0077F4 RLA    _strlower                 00780A RLA    
tossuba0                  007831 RLA    tossubax                  007833 RLA    
subeq0sp                  007846 RLA    subysp                    00785B RLA    
__sysremove               007868 RLA    tosudiva0                 007871 RLA    
udiv16                    007882 RLA    _vcprintf                 007908 RLA    
vsnprintf                 00793B RLA    _vsprintf                 007A12 RLA    
zerobss                   007A24 RLA    __hextab                  007E1F RLA    
__longminstr              007E2F RLA    __ctype                   007E3B RLA    
__ctypeidx                007E46 RLA    __DESTRUCTOR_TABLE__      007F24 RLA    
fncmd                     0083A9 RLA    __filetype                0083CD RLA    
_joy_read                 0083D7 REA    joy_read                  0083D7 RLA    
_c128_stdjoy_joy          0083EE RLA    _joy_static_stddrv        0083EE RLA    
curunit                   008418 RLA    _VDC_regadd               008419 RLA    
__BSS_RUN__               008419 RLA    _VDC_regval               00841A RLA    
_VDC_addrh                00841B RLA    _VDC_addrl                00841C RLA    
_VDC_desth                00841D RLA    _VDC_destl                00841E RLA    
_VDC_value                00841F RLA    _VDC_tmp1                 008420 RLA    
_VDC_tmp2                 008421 RLA    _VDC_tmp3                 008422 RLA    
_VDC_tmp4                 008423 RLA    cursor                    00957C RLA    
__oserror                 00957D RLA    __errno                   0095C3 RLA    
fnunit                    0095C5 RLA    fnlen                     0095C6 RLA    
__MAIN_SIZE__             009BF3 REA    _clrscr                   00C142 REA    
SETLFS                    00FFBA RLA    SETNAM                    00FFBD RLA    
OPEN                      00FFC0 RLA    CLOSE                     00FFC3 RLA    
CHKIN                     00FFC6 RLA    CKOUT                     00FFC9 RLA    
CLRCH                     00FFCC RLA    BASIN                     00FFCF RLA    
BSOUT                     00FFD2 RLA    LOAD                      00FFD5 RLA    
SAVE                      00FFD8 RLA    RDTIM                     00FFDE RLA    



Imports list:
-------------
BASIN (kernal.o):
    diskcmd.o                 cbm/cbm.inc:47
BSOUT (kernal.o):
    diskcmd.o                 cbm/cbm.inc:49
    crt0.o                    c128/crt0.s:10
CHKIN (kernal.o):
    diskcmd.o                 cbm/cbm.inc:44
CKOUT (kernal.o):
    diskcmd.o                 cbm/cbm.inc:45
CLOSE (kernal.o):
    diskcmd.o                 cbm/cbm.inc:36
CLRCH (kernal.o):
    diskcmd.o                 cbm/cbm.inc:46
CURS_X (conio.o):
    gotoxy.o                  cbm/gotoxy.s:9
CURS_Y (conio.o):
    gotoxy.o                  cbm/gotoxy.s:9
LOAD (kernal.o):
    c_load.o                  cbm/cbm.inc:37
OPEN (kernal.o):
    diskcmd.o                 cbm/cbm.inc:35
RDTIM (kernal.o):
    clock.o                   cbm/cbm.inc:40
SAVE (kernal.o):
    c_save.o                  cbm/cbm.inc:38
SETLFS (kernal.o):
    diskcmd.o                 cbm/cbm.inc:33
    c_setlfs.o                cbm/cbm.inc:33
SETNAM (kernal.o):
    diskcmd.o                 cbm/cbm.inc:34
    filename.o                cbm/cbm.inc:34
    c_setnam.o                cbm/cbm.inc:34
ST (status.o):
    crt0.o                    c128/crt0.s:12
_SetLoadSaveBank (vdc_core.o):
    main.o                    src/main.s:54
_SetLoadSaveBank_core (vdc_core_assembly.o):
    vdc_core.o                src/vdc_core.s:45
_VDC_CopyMemToVDC (vdc_core.o):
    main.o                    src/main.s:43
_VDC_CopyMemToVDC_core (vdc_core_assembly.o):
    vdc_core.o                src/vdc_core.s:41
_VDC_CopyVDCToMem (vdc_core.o):
    main.o                    src/main.s:44
_VDC_CopyVDCToMem_core (vdc_core_assembly.o):
    vdc_core.o                src/vdc_core.s:42
_VDC_Exit (vdc_core.o):
    main.o                    src/main.s:47
_VDC_FillArea (vdc_core.o):
    main.o                    src/main.s:45
_VDC_FillArea_core (vdc_core_assembly.o):
    vdc_core.o                src/vdc_core.s:44
_VDC_HChar (vdc_core.o):
    main.o                    src/main.s:41
_VDC_HChar_core (vdc_core_assembly.o):
    vdc_core.o                src/vdc_core.s:39
_VDC_Init (vdc_core.o):
    main.o                    src/main.s:46
_VDC_LoadCharset (vdc_core.o):
    main.o                    src/main.s:50
_VDC_LoadScreen (vdc_core.o):
    main.o                    src/main.s:51
_VDC_MemCopy_core (vdc_core_assembly.o):
    vdc_core.o                src/vdc_core.s:38
_VDC_Peek_core (vdc_core_assembly.o):
    vdc_core.o                src/vdc_core.s:37
_VDC_PetsciiToScreenCode (vdc_core.o):
    main.o                    src/main.s:48
_VDC_Plot (vdc_core.o):
    main.o                    src/main.s:52
_VDC_PlotString (vdc_core.o):
    main.o                    src/main.s:53
_VDC_Poke_core (vdc_core_assembly.o):
    vdc_core.o                src/vdc_core.s:36
_VDC_PrintAt (vdc_core.o):
    main.o                    src/main.s:49
_VDC_ReadRegister_core (vdc_core_assembly.o):
    vdc_core.o                src/vdc_core.s:34
_VDC_RedefineCharset_core (vdc_core_assembly.o):
    vdc_core.o                src/vdc_core.s:43
_VDC_VChar (vdc_core.o):
    main.o                    src/main.s:42
_VDC_VChar_core (vdc_core_assembly.o):
    vdc_core.o                src/vdc_core.s:40
_VDC_WriteRegister_core (vdc_core_assembly.o):
    vdc_core.o                src/vdc_core.s:35
_VDC_addrh (vdc_core_assembly.o):
    vdc_core.o                src/vdc_core.s:25
_VDC_addrl (vdc_core_assembly.o):
    vdc_core.o                src/vdc_core.s:26
_VDC_desth (vdc_core_assembly.o):
    vdc_core.o                src/vdc_core.s:27
_VDC_destl (vdc_core_assembly.o):
    vdc_core.o                src/vdc_core.s:28
_VDC_regadd (vdc_core_assembly.o):
    vdc_core.o                src/vdc_core.s:23
_VDC_regval (vdc_core_assembly.o):
    vdc_core.o                src/vdc_core.s:24
_VDC_tmp1 (vdc_core_assembly.o):
    vdc_core.o                src/vdc_core.s:30
_VDC_tmp2 (vdc_core_assembly.o):
    vdc_core.o                src/vdc_core.s:31
_VDC_tmp3 (vdc_core_assembly.o):
    vdc_core.o                src/vdc_core.s:32
_VDC_tmp4 (vdc_core_assembly.o):
    vdc_core.o                src/vdc_core.s:33
_VDC_value (vdc_core_assembly.o):
    vdc_core.o                src/vdc_core.s:29
__BSS_RUN__ ([linker generated]):
    zerobss.o                 common/zerobss.s:8
__BSS_SIZE__ ([linker generated]):
    zerobss.o                 common/zerobss.s:8
__CONSTRUCTOR_COUNT__ ([linker generated]):
    condes.o                  runtime/condes.s:18
__CONSTRUCTOR_TABLE__ ([linker generated]):
    condes.o                  runtime/condes.s:18
__DESTRUCTOR_COUNT__ ([linker generated]):
    condes.o                  runtime/condes.s:19
__DESTRUCTOR_TABLE__ ([linker generated]):
    condes.o                  runtime/condes.s:19
__EXEHDR__ (exehdr.o):
    [linker generated]        /home/xahmol/retro/cc65/cfg/c128.cfg:3
__LOADADDR__ (loadaddr.o):
    [linker generated]        /home/xahmol/retro/cc65/cfg/c128.cfg:2
__MAIN_SIZE__ ([linker generated]):
    crt0.o                    c128/crt0.s:11
__MAIN_START__ ([linker generated]):
    crt0.o                    c128/crt0.s:11
__STACKSIZE__ ([linker generated]):
    crt0.o                    c128/crt0.s:11
    [linker generated]        /home/xahmol/retro/cc65/cfg/c128.cfg:10
__STARTUP__ (crt0.o):
    main.o                    src/main.s:13
__ctype (ctype.o):
    ctypemask.o               common/ctypemask.s:23
__ctypeidx (ctype.o):
    ctypemask.o               common/ctypemask.s:24
__directerrno (_directerrno.o):
    vsnprintf.o               /home/xahmol/retro/cc65/asminc/errno.inc:10
__errno (errno.o):
    _seterrno.o               /home/xahmol/retro/cc65/asminc/errno.inc:7
__filetype (filetype.o):
    filename.o                cbm/filename.s:11
__hextab (_hextab.o):
    ltoa.o                    common/ltoa.s:10
__longminstr (_longminstr.o):
    ltoa.o                    common/ltoa.s:10
__mappederrno (_mappederrno.o):
    remove.o                  common/remove.s:10
__oserror (_oserror.o):
    _directerrno.o            /home/xahmol/retro/cc65/asminc/errno.inc:7
    _mappederrno.o            /home/xahmol/retro/cc65/asminc/errno.inc:7
    c_load.o                  cbm/c_load.s:10
__osmaperrno (oserror.o):
    _mappederrno.o            /home/xahmol/retro/cc65/asminc/errno.inc:8
__printf (_printf.o):
    vsnprintf.o               common/vsnprintf.s:10
    vcprintf.o                conio/vcprintf.s:9
__seterrno (_seterrno.o):
    _directerrno.o            /home/xahmol/retro/cc65/asminc/errno.inc:9
    _mappederrno.o            /home/xahmol/retro/cc65/asminc/errno.inc:9
__sysremove (sysremove.o):
    remove.o                  common/remove.s:9
_bgcolor (color.o):
    vdc_core.o                src/vdc_core.s:19
_bordercolor (color.o):
    vdc_core.o                src/vdc_core.s:20
_c128_stdjoy_joy (c128-stdjoy-joy.o):
    joy_stat_stddrv.o         c128/joy_stat_stddrv.s:10
_cbm_k_load (c_load.o):
    vdc_core.o                src/vdc_core.s:13
    main.o                    src/main.s:21
_cbm_k_save (c_save.o):
    vdc_core.o                src/vdc_core.s:14
    main.o                    src/main.s:22
_cbm_k_setlfs (c_setlfs.o):
    vdc_core.o                src/vdc_core.s:15
    main.o                    src/main.s:23
_cbm_k_setnam (c_setnam.o):
    vdc_core.o                src/vdc_core.s:16
    main.o                    src/main.s:24
_cgetc (cgetc.o):
    main.o                    src/main.s:31
_clock (clock.o):
    main.o                    src/main.s:36
_clrscr (clrscr.o):
    vdc_core.o                src/vdc_core.s:17
_cprintf (cprintf.o):
    main.o                    src/main.s:30
_cputc (cputc.o):
    vcprintf.o                conio/vcprintf.s:9
    cputs.o                   conio/cputs.s:9
    main.o                    src/main.s:27
_cputs (cputs.o):
    main.o                    src/main.s:28
_cputsxy (cputs.o):
    main.o                    src/main.s:29
_exit (crt0.o):
    libref.o                  c128/libref.s:11
_getcurrentdevice (curdevice.o):
    vdc_core.o                src/vdc_core.s:21
    main.o                    src/main.s:35
_gotoxy (gotoxy.o):
    main.o                    src/main.s:26
_joy_install (joy-kernel.o):
    main.o                    src/main.s:38
_joy_read (joy_read.o):
    main.o                    src/main.s:40
_joy_static_stddrv (joy_stat_stddrv.o):
    main.o                    src/main.s:37
_joy_uninstall (joy-kernel.o):
    main.o                    src/main.s:39
_kbhit (kbhit.o):
    main.o                    src/main.s:25
_ltoa (ltoa.o):
    _printf.o                 common/_printf.s:12
_main (main.o):
    callmain.o                runtime/callmain.s:11
_memcpy (memcpy.o):
    vsnprintf.o               common/vsnprintf.s:10
_rand (rand.o):
    main.o                    src/main.s:33
_remove (remove.o):
    main.o                    src/main.s:14
_set_c128_speed (acc_c128_speed.o):
    vdc_core.o                src/vdc_core.s:22
_sprintf (sprintf.o):
    main.o                    src/main.s:15
_srand (rand.o):
    main.o                    src/main.s:34
_strcat (strcat.o):
    main.o                    src/main.s:16
_strchr (strchr.o):
    main.o                    src/main.s:17
_strcpy (strcpy.o):
    main.o                    src/main.s:18
_strlen (strlen.o):
    _printf.o                 common/_printf.s:13
    main.o                    src/main.s:19
_strlower (strlower.o):
    _printf.o                 common/_printf.s:13
_textcolor (color.o):
    vdc_core.o                src/vdc_core.s:18
    main.o                    src/main.s:32
_ultoa (ltoa.o):
    _printf.o                 common/_printf.s:12
_vcprintf (vcprintf.o):
    cprintf.o                 conio/cprintf.s:8
_vsprintf (vsprintf.o):
    sprintf.o                 common/sprintf.s:8
addeq0sp (addeqsp.o):
    vdc_core.o                src/vdc_core.s:1256
addysp (addysp.o):
    sprintf.o                 common/sprintf.s:8
    incsp8.o                  runtime/incsp8.s:8
    incsp7.o                  runtime/incsp7.s:8
    incsp6.o                  runtime/incsp6.s:8
    incsp5.o                  runtime/incsp5.s:8
    incsp4.o                  runtime/incsp4.s:8
    incsp3.o                  runtime/incsp3.s:8
    cprintf.o                 conio/cprintf.s:8
    vdc_core.o                src/vdc_core.s:1256
    main.o                    src/main.s:9664
    main.o                    src/main.s:9664
    main.o                    src/main.s:9664
    main.o                    src/main.s:9664
    main.o                    src/main.s:9664
    main.o                    src/main.s:9664
    main.o                    src/main.s:9664
    main.o                    src/main.s:9664
    main.o                    src/main.s:9664
    main.o                    src/main.s:9664
addysp1 (addysp.o):
    sub.o                     runtime/sub.s:8
    lsub.o                    runtime/lsub.s:11
aslax1 (aslax1.o):
    main.o                    src/main.s:9664
aslax2 (aslax2.o):
    main.o                    src/main.s:9664
    main.o                    src/main.s:9664
    main.o                    src/main.s:9664
    main.o                    src/main.s:9664
    main.o                    src/main.s:9664
    main.o                    src/main.s:9664
    main.o                    src/main.s:9664
    main.o                    src/main.s:9664
    main.o                    src/main.s:9664
    main.o                    src/main.s:9664
    main.o                    src/main.s:9664
aslax3 (aslax3.o):
    main.o                    src/main.s:9664
    main.o                    src/main.s:9664
    main.o                    src/main.s:9664
    main.o                    src/main.s:9664
    main.o                    src/main.s:9664
    main.o                    src/main.s:9664
aslax4 (aslax4.o):
    main.o                    src/main.s:9664
    main.o                    src/main.s:9664
    main.o                    src/main.s:9664
    main.o                    src/main.s:9664
axlong (axlong.o):
    _printf.o                 common/_printf.s:11
axulong (axlong.o):
    _printf.o                 common/_printf.s:11
booleq (makebool.o):
    main.o                    src/main.s:9664
boolugt (makebool.o):
    main.o                    src/main.s:9664
boolult (makebool.o):
    lult.o                    runtime/lult.s:8
callmain (callmain.o):
    crt0.o                    c128/crt0.s:9
closecmdchannel (diskcmd.o):
    scratch.o                 cbm/scratch.s:8
ctypemaskdirect (ctypemask.o):
    strlower.o                common/strlower.s:14
cursor (_cursor.o):
    cgetc.o                   c128/cgetc.s:11
curunit (filevars.o):
    filename.o                cbm/filename.s:11
    curdevice.o               cbm/curdevice.s:8
decax1 (decax1.o):
    main.o                    src/main.s:9664
    main.o                    src/main.s:9664
    main.o                    src/main.s:9664
    main.o                    src/main.s:9664
decaxy (decaxy.o):
    vdc_core.o                src/vdc_core.s:1256
    vdc_core.o                src/vdc_core.s:1256
    main.o                    src/main.s:9664
decsp1 (decsp1.o):
    vdc_core.o                src/vdc_core.s:1256
    vdc_core.o                src/vdc_core.s:1256
    main.o                    src/main.s:9664
    main.o                    src/main.s:9664
    main.o                    src/main.s:9664
    main.o                    src/main.s:9664
    main.o                    src/main.s:9664
    main.o                    src/main.s:9664
    main.o                    src/main.s:9664
    main.o                    src/main.s:9664
    main.o                    src/main.s:9664
decsp2 (decsp2.o):
    vdc_core.o                src/vdc_core.s:1256
    vdc_core.o                src/vdc_core.s:1256
    vdc_core.o                src/vdc_core.s:1256
    vdc_core.o                src/vdc_core.s:1256
    main.o                    src/main.s:9664
    main.o                    src/main.s:9664
    main.o                    src/main.s:9664
    main.o                    src/main.s:9664
decsp3 (decsp3.o):
    vdc_core.o                src/vdc_core.s:1256
    main.o                    src/main.s:9664
    main.o                    src/main.s:9664
    main.o                    src/main.s:9664
decsp4 (decsp4.o):
    sprintf.o                 common/sprintf.s:8
    lpush.o                   runtime/lpush.s:12
    main.o                    src/main.s:9664
    main.o                    src/main.s:9664
    main.o                    src/main.s:9664
    main.o                    src/main.s:9664
decsp5 (decsp5.o):
    main.o                    src/main.s:9664
    main.o                    src/main.s:9664
decsp6 (decsp6.o):
    _printf.o                 common/_printf.s:11
decsp7 (decsp7.o):
    main.o                    src/main.s:9664
decsp8 (decsp8.o):
    main.o                    src/main.s:9664
    main.o                    src/main.s:9664
devnum (devnum.o):
    filevars.o                cbm/filevars.s:9
donelib (condes.o):
    crt0.o                    c128/crt0.s:7
fncmd (filename.o):
    diskcmd.o                 cbm/diskcmd.s:14
    scratch.o                 cbm/scratch.s:9
fnlen (filename.o):
    diskcmd.o                 cbm/diskcmd.s:14
fnparse (filename.o):
    sysremove.o               cbm/sysremove.s:8
fnunit (filename.o):
    diskcmd.o                 cbm/diskcmd.s:14
    scratch.o                 cbm/scratch.s:9
gotoxy (gotoxy.o):
    cputs.o                   conio/cputs.s:9
    cputc.o                   c128/cputc.s:11
incax1 (incax1.o):
    vdc_core.o                src/vdc_core.s:1256
    main.o                    src/main.s:9664
    main.o                    src/main.s:9664
    main.o                    src/main.s:9664
    main.o                    src/main.s:9664
    main.o                    src/main.s:9664
    main.o                    src/main.s:9664
    main.o                    src/main.s:9664
    main.o                    src/main.s:9664
    main.o                    src/main.s:9664
    main.o                    src/main.s:9664
incax2 (incax2.o):
    main.o                    src/main.s:9664
    main.o                    src/main.s:9664
    main.o                    src/main.s:9664
incax3 (incax3.o):
    main.o                    src/main.s:9664
    main.o                    src/main.s:9664
incax4 (incaxy.o):
    main.o                    src/main.s:9664
    main.o                    src/main.s:9664
    main.o                    src/main.s:9664
incax5 (incax5.o):
    main.o                    src/main.s:9664
    main.o                    src/main.s:9664
    main.o                    src/main.s:9664
incax6 (incax6.o):
    main.o                    src/main.s:9664
incax7 (incax7.o):
    main.o                    src/main.s:9664
incax8 (incax8.o):
    main.o                    src/main.s:9664
incaxy (incaxy.o):
    incax8.o                  runtime/incax8.s:8
    incax7.o                  runtime/incax7.s:8
    incax6.o                  runtime/incax6.s:8
    incax5.o                  runtime/incax5.s:8
    incax3.o                  runtime/incax3.s:8
    vdc_core.o                src/vdc_core.s:1256
    vdc_core.o                src/vdc_core.s:1256
    main.o                    src/main.s:9664
    main.o                    src/main.s:9664
    main.o                    src/main.s:9664
    main.o                    src/main.s:9664
    main.o                    src/main.s:9664
    main.o                    src/main.s:9664
incsp1 (incsp1.o):
    vdc_core.o                src/vdc_core.s:1256
    vdc_core.o                src/vdc_core.s:1256
    vdc_core.o                src/vdc_core.s:1256
    vdc_core.o                src/vdc_core.s:1256
    main.o                    src/main.s:9664
    main.o                    src/main.s:9664
    main.o                    src/main.s:9664
    main.o                    src/main.s:9664
    main.o                    src/main.s:9664
    main.o                    src/main.s:9664
incsp2 (incsp2.o):
    vsnprintf.o               common/vsnprintf.s:9
    staspidx.o                runtime/staspidx.s:8
    popptr1.o                 runtime/popptr1.s:8
    vdc_core.o                src/vdc_core.s:1256
    vdc_core.o                src/vdc_core.s:1256
    vdc_core.o                src/vdc_core.s:1256
    main.o                    src/main.s:9664
    main.o                    src/main.s:9664
    main.o                    src/main.s:9664
    main.o                    src/main.s:9664
    main.o                    src/main.s:9664
incsp3 (incsp3.o):
    vdc_core.o                src/vdc_core.s:1256
    main.o                    src/main.s:9664
incsp4 (incsp4.o):
    lcmp.o                    runtime/lcmp.s:9
    vdc_core.o                src/vdc_core.s:1256
    vdc_core.o                src/vdc_core.s:1256
    main.o                    src/main.s:9664
incsp5 (incsp5.o):
    vdc_core.o                src/vdc_core.s:1256
    main.o                    src/main.s:9664
    main.o                    src/main.s:9664
incsp6 (incsp6.o):
    vsnprintf.o               common/vsnprintf.s:9
    vdc_core.o                src/vdc_core.s:1256
    vdc_core.o                src/vdc_core.s:1256
    vdc_core.o                src/vdc_core.s:1256
    vdc_core.o                src/vdc_core.s:1256
    main.o                    src/main.s:9664
    main.o                    src/main.s:9664
    main.o                    src/main.s:9664
incsp7 (incsp7.o):
    vdc_core.o                src/vdc_core.s:1256
    vdc_core.o                src/vdc_core.s:1256
    vdc_core.o                src/vdc_core.s:1256
    vdc_core.o                src/vdc_core.s:1256
    vdc_core.o                src/vdc_core.s:1256
incsp8 (incsp8.o):
    vdc_core.o                src/vdc_core.s:1256
    vdc_core.o                src/vdc_core.s:1256
    vdc_core.o                src/vdc_core.s:1256
    main.o                    src/main.s:9664
    main.o                    src/main.s:9664
initlib (condes.o):
    crt0.o                    c128/crt0.s:7
joy_libref (libref.o):
    joy-kernel.o              joystick/joy-kernel.s:7
joy_read (joy-kernel.o):
    joy_read.o                /home/xahmol/retro/cc65/asminc/joy-kernel.inc:71
ldaidx (ldai.o):
    main.o                    src/main.s:9664
    main.o                    src/main.s:9664
ldax0sp (ldaxsp.o):
    vdc_core.o                src/vdc_core.s:1256
ldaxi (ldaxi.o):
    main.o                    src/main.s:9664
    main.o                    src/main.s:9664
ldaxysp (ldaxsp.o):
    vsnprintf.o               common/vsnprintf.s:9
    vdc_core.o                src/vdc_core.s:1256
    vdc_core.o                src/vdc_core.s:1256
    vdc_core.o                src/vdc_core.s:1256
    vdc_core.o                src/vdc_core.s:1256
    vdc_core.o                src/vdc_core.s:1256
    main.o                    src/main.s:9664
    main.o                    src/main.s:9664
    main.o                    src/main.s:9664
    main.o                    src/main.s:9664
ldeaxysp (ldeaxysp.o):
    main.o                    src/main.s:9664
leaa0sp (leaaxsp.o):
    main.o                    src/main.s:9664
    main.o                    src/main.s:9664
    main.o                    src/main.s:9664
    main.o                    src/main.s:9664
    main.o                    src/main.s:9664
    main.o                    src/main.s:9664
    main.o                    src/main.s:9664
    main.o                    src/main.s:9664
leaaxsp (leaaxsp.o):
    main.o                    src/main.s:9664
    main.o                    src/main.s:9664
    main.o                    src/main.s:9664
mulax10 (mulax10.o):
    main.o                    src/main.s:9664
    main.o                    src/main.s:9664
negax (negabs.o):
    shelp.o                   runtime/shelp.s:11
    mod.o                     runtime/mod.s:11
negeax (lneg.o):
    ltoa.o                    common/ltoa.s:9
opencmdchannel (diskcmd.o):
    scratch.o                 cbm/scratch.s:8
plot (cputc.o):
    gotoxy.o                  cbm/gotoxy.s:8
popa (popa.o):
    gotoxy.o                  cbm/gotoxy.s:8
    c_setlfs.o                cbm/c_setlfs.s:12
    c_load.o                  cbm/c_load.s:11
popax (incsp2.o):
    memcpy.o                  common/memcpy.s:14
    vsnprintf.o               common/vsnprintf.s:9
    ltoa.o                    common/ltoa.s:9
    _printf.o                 common/_printf.s:11
    vcprintf.o                conio/vcprintf.s:8
    strcpy.o                  common/strcpy.s:8
    strchr.o                  common/strchr.s:9
    strcat.o                  common/strcat.s:9
    shelp.o                   runtime/shelp.s:11
popptr1 (popptr1.o):
    memcpy.o                  common/memcpy.s:14
    ltoa.o                    common/ltoa.s:9
    vcprintf.o                conio/vcprintf.s:8
    udiv.o                    runtime/udiv.s:9
    mul8.o                    runtime/mul8.s:9
    c_save.o                  cbm/c_save.s:10
popsargsudiv16 (shelp.o):
    mod.o                     runtime/mod.s:11
ptr1 (zeropage.o):
    memcpy.o                  common/memcpy.s:15
    diskcmd.o                 cbm/diskcmd.s:15
    vsnprintf.o               common/vsnprintf.s:11
    strlower.o                common/strlower.s:13
    ltoa.o                    common/ltoa.s:11
    lcmp.o                    runtime/lcmp.s:10
    filename.o                cbm/filename.s:12
    _printf.o                 /home/xahmol/retro/cc65/asminc/zeropage.inc:12
    zerobss.o                 common/zerobss.s:9
    vcprintf.o                conio/vcprintf.s:10
    udiv.o                    runtime/udiv.s:10
    strcpy.o                  common/strcpy.s:9
    strchr.o                  common/strchr.s:10
    strcat.o                  common/strcat.s:10
    staspidx.o                runtime/staspidx.s:9
    sprintf.o                 common/sprintf.s:9
    shelp.o                   runtime/shelp.s:12
    pushw.o                   runtime/pushw.s:9
    popptr1.o                 runtime/popptr1.s:9
    mulax10.o                 runtime/mulax10.s:9
    mul8.o                    runtime/mul8.s:10
    ldaxi.o                   runtime/ldaxi.s:8
    ldai.o                    runtime/ldai.s:8
    joy-kernel.o              joystick/joy-kernel.s:8
    cputs.o                   conio/cputs.s:10
    cprintf.o                 conio/cprintf.s:9
    c_setnam.o                cbm/c_setnam.s:10
    c_save.o                  cbm/c_save.s:11
    c_load.o                  cbm/c_load.s:12
    vdc_core.o                src/vdc_core.s:11
    main.o                    src/main.s:11
ptr2 (zeropage.o):
    memcpy.o                  common/memcpy.s:15
    strlower.o                common/strlower.s:13
    ltoa.o                    common/ltoa.s:11
    _printf.o                 /home/xahmol/retro/cc65/asminc/zeropage.inc:12
    vcprintf.o                conio/vcprintf.s:10
    strlen.o                  common/strlen.s:12
    strcpy.o                  common/strcpy.s:9
    strcat.o                  common/strcat.s:10
ptr3 (zeropage.o):
    memcpy.o                  common/memcpy.s:15
    ltoa.o                    common/ltoa.s:11
    vcprintf.o                conio/vcprintf.s:10
ptr4 (zeropage.o):
    udiv.o                    runtime/udiv.s:10
    shelp.o                   runtime/shelp.s:12
    mul8.o                    runtime/mul8.s:10
push0 (pushax.o):
    vdc_core.o                src/vdc_core.s:1256
    vdc_core.o                src/vdc_core.s:1256
    main.o                    src/main.s:9664
push1 (push1.o):
    _printf.o                 common/_printf.s:11
pusha (pusha.o):
    vdc_core.o                src/vdc_core.s:1256
    vdc_core.o                src/vdc_core.s:1256
    vdc_core.o                src/vdc_core.s:1256
    vdc_core.o                src/vdc_core.s:1256
    vdc_core.o                src/vdc_core.s:1256
    vdc_core.o                src/vdc_core.s:1256
    vdc_core.o                src/vdc_core.s:1256
    vdc_core.o                src/vdc_core.s:1256
    vdc_core.o                src/vdc_core.s:1256
    vdc_core.o                src/vdc_core.s:1256
    vdc_core.o                src/vdc_core.s:1256
    vdc_core.o                src/vdc_core.s:1256
    vdc_core.o                src/vdc_core.s:1256
    vdc_core.o                src/vdc_core.s:1256
    vdc_core.o                src/vdc_core.s:1256
    vdc_core.o                src/vdc_core.s:1256
    vdc_core.o                src/vdc_core.s:1256
    vdc_core.o                src/vdc_core.s:1256
    vdc_core.o                src/vdc_core.s:1256
    vdc_core.o                src/vdc_core.s:1256
    main.o                    src/main.s:9664
    main.o                    src/main.s:9664
    main.o                    src/main.s:9664
    main.o                    src/main.s:9664
    main.o                    src/main.s:9664
    main.o                    src/main.s:9664
    main.o                    src/main.s:9664
    main.o                    src/main.s:9664
    main.o                    src/main.s:9664
    main.o                    src/main.s:9664
    main.o                    src/main.s:9664
    main.o                    src/main.s:9664
    main.o                    src/main.s:9664
    main.o                    src/main.s:9664
    main.o                    src/main.s:9664
    main.o                    src/main.s:9664
    main.o                    src/main.s:9664
    main.o                    src/main.s:9664
    main.o                    src/main.s:9664
    main.o                    src/main.s:9664
    main.o                    src/main.s:9664
    main.o                    src/main.s:9664
    main.o                    src/main.s:9664
    main.o                    src/main.s:9664
    main.o                    src/main.s:9664
    main.o                    src/main.s:9664
    main.o                    src/main.s:9664
    main.o                    src/main.s:9664
    main.o                    src/main.s:9664
    main.o                    src/main.s:9664
pusha0 (pushax.o):
    push1.o                   runtime/push1.s:8
    vdc_core.o                src/vdc_core.s:1256
    main.o                    src/main.s:9664
    main.o                    src/main.s:9664
    main.o                    src/main.s:9664
    main.o                    src/main.s:9664
    main.o                    src/main.s:9664
    main.o                    src/main.s:9664
    main.o                    src/main.s:9664
    main.o                    src/main.s:9664
    main.o                    src/main.s:9664
    main.o                    src/main.s:9664
    main.o                    src/main.s:9664
    main.o                    src/main.s:9664
    main.o                    src/main.s:9664
    main.o                    src/main.s:9664
    main.o                    src/main.s:9664
    main.o                    src/main.s:9664
    main.o                    src/main.s:9664
    main.o                    src/main.s:9664
pushax (pushax.o):
    callmain.o                runtime/callmain.s:11
    _printf.o                 common/_printf.s:11
    vcprintf.o                conio/vcprintf.s:8
    pushw.o                   runtime/pushw.s:8
    cprintf.o                 conio/cprintf.s:8
    vdc_core.o                src/vdc_core.s:1256
    vdc_core.o                src/vdc_core.s:1256
    vdc_core.o                src/vdc_core.s:1256
    vdc_core.o                src/vdc_core.s:1256
    vdc_core.o                src/vdc_core.s:1256
    vdc_core.o                src/vdc_core.s:1256
    vdc_core.o                src/vdc_core.s:1256
    vdc_core.o                src/vdc_core.s:1256
    vdc_core.o                src/vdc_core.s:1256
    vdc_core.o                src/vdc_core.s:1256
    main.o                    src/main.s:9664
    main.o                    src/main.s:9664
    main.o                    src/main.s:9664
    main.o                    src/main.s:9664
    main.o                    src/main.s:9664
    main.o                    src/main.s:9664
    main.o                    src/main.s:9664
    main.o                    src/main.s:9664
    main.o                    src/main.s:9664
    main.o                    src/main.s:9664
    main.o                    src/main.s:9664
    main.o                    src/main.s:9664
    main.o                    src/main.s:9664
    main.o                    src/main.s:9664
    main.o                    src/main.s:9664
    main.o                    src/main.s:9664
    main.o                    src/main.s:9664
    main.o                    src/main.s:9664
    main.o                    src/main.s:9664
    main.o                    src/main.s:9664
    main.o                    src/main.s:9664
    main.o                    src/main.s:9664
    main.o                    src/main.s:9664
    main.o                    src/main.s:9664
pusheax (lpush.o):
    _printf.o                 common/_printf.s:11
    main.o                    src/main.s:9664
pushw (pushw.o):
    main.o                    src/main.s:9664
pushw0sp (pushwsp.o):
    vsprintf.o                common/vsprintf.s:8
    vdc_core.o                src/vdc_core.s:1256
    vdc_core.o                src/vdc_core.s:1256
pushwysp (pushwsp.o):
    vdc_core.o                src/vdc_core.s:1256
    vdc_core.o                src/vdc_core.s:1256
    vdc_core.o                src/vdc_core.s:1256
    main.o                    src/main.s:9664
    main.o                    src/main.s:9664
regbank (zeropage.o):
    _printf.o                 /home/xahmol/retro/cc65/asminc/zeropage.inc:14
return0 (return0.o):
    color.o                   c128/color.s:10
scratch (scratch.o):
    sysremove.o               cbm/sysremove.s:8
shlax1 (aslax1.o):
    vdc_core.o                src/vdc_core.s:1256
shlax2 (aslax2.o):
    vdc_core.o                src/vdc_core.s:1256
    main.o                    src/main.s:9664
    main.o                    src/main.s:9664
shlax3 (aslax3.o):
    vdc_core.o                src/vdc_core.s:1256
    main.o                    src/main.s:9664
    main.o                    src/main.s:9664
shlax4 (aslax4.o):
    vdc_core.o                src/vdc_core.s:1256
    main.o                    src/main.s:9664
    main.o                    src/main.s:9664
shrax1 (shrax1.o):
    main.o                    src/main.s:9664
shrax3 (shrax3.o):
    vdc_core.o                src/vdc_core.s:1256
sp (zeropage.o):
    memcpy.o                  common/memcpy.s:15
    vsnprintf.o               common/vsnprintf.s:11
    lcmp.o                    runtime/lcmp.s:10
    decsp6.o                  runtime/decsp6.s:8
    _printf.o                 /home/xahmol/retro/cc65/asminc/zeropage.inc:11
    vcprintf.o                conio/vcprintf.s:10
    subysp.o                  runtime/subysp.s:9
    subeqsp.o                 runtime/subeqsp.s:8
    sub.o                     runtime/sub.s:9
    staxsp.o                  runtime/staxsp.s:8
    staspidx.o                runtime/staspidx.s:9
    sprintf.o                 common/sprintf.s:9
    pushwsp.o                 runtime/pushwsp.s:8
    pushax.o                  runtime/pushax.s:8
    pusha.o                   runtime/pusha.s:8
    popptr1.o                 runtime/popptr1.s:9
    popa.o                    runtime/popa.s:8
    lsub.o                    runtime/lsub.s:12
    lpush.o                   runtime/lpush.s:13
    leaaxsp.o                 runtime/leaaxsp.s:8
    ldeaxysp.o                runtime/ldeaxysp.s:12
    ldaxsp.o                  runtime/ldaxsp.s:8
    incsp2.o                  runtime/incsp2.s:8
    incsp1.o                  runtime/incsp1.s:8
    icmp.o                    runtime/icmp.s:9
    decsp8.o                  runtime/decsp8.s:8
    decsp7.o                  runtime/decsp7.s:8
    decsp5.o                  runtime/decsp5.s:8
    decsp4.o                  runtime/decsp4.s:8
    decsp3.o                  runtime/decsp3.s:8
    decsp2.o                  runtime/decsp2.s:8
    decsp1.o                  runtime/decsp1.s:8
    crt0.o                    /home/xahmol/retro/cc65/asminc/zeropage.inc:11
    cprintf.o                 conio/cprintf.s:9
    addysp.o                  runtime/addysp.s:8
    addeqsp.o                 runtime/addeqsp.s:8
    add.o                     runtime/add.s:12
    vdc_core.o                src/vdc_core.s:10
    main.o                    src/main.s:10
sreg (zeropage.o):
    lneg.o                    runtime/lneg.s:11
    ltoa.o                    common/ltoa.s:11
    lcmp.o                    runtime/lcmp.s:10
    axlong.o                  runtime/axlong.s:9
    _printf.o                 /home/xahmol/retro/cc65/asminc/zeropage.inc:11
    udiv.o                    runtime/udiv.s:10
    mod.o                     runtime/mod.s:12
    lsub.o                    runtime/lsub.s:12
    lpush.o                   runtime/lpush.s:13
    ldeaxysp.o                runtime/ldeaxysp.s:12
    icmp.o                    runtime/icmp.s:9
    clock.o                   cbm/clock.s:9
    main.o                    src/main.s:10
staspidx (staspidx.o):
    main.o                    src/main.s:9664
    main.o                    src/main.s:9664
    main.o                    src/main.s:9664
stax0sp (staxsp.o):
    vdc_core.o                src/vdc_core.s:1256
    vdc_core.o                src/vdc_core.s:1256
    vdc_core.o                src/vdc_core.s:1256
    vdc_core.o                src/vdc_core.s:1256
    main.o                    src/main.s:9664
staxysp (staxsp.o):
    vsprintf.o                common/vsprintf.s:8
    vdc_core.o                src/vdc_core.s:1256
    main.o                    src/main.s:9664
    main.o                    src/main.s:9664
subeq0sp (subeqsp.o):
    vdc_core.o                src/vdc_core.s:1256
    vdc_core.o                src/vdc_core.s:1256
subysp (subysp.o):
    main.o                    src/main.s:9664
    main.o                    src/main.s:9664
    main.o                    src/main.s:9664
    main.o                    src/main.s:9664
    main.o                    src/main.s:9664
    main.o                    src/main.s:9664
    main.o                    src/main.s:9664
    main.o                    src/main.s:9664
tmp1 (zeropage.o):
    diskcmd.o                 cbm/diskcmd.s:15
    ltoa.o                    common/ltoa.s:11
    filename.o                cbm/filename.s:12
    _printf.o                 /home/xahmol/retro/cc65/asminc/zeropage.inc:13
    vcprintf.o                conio/vcprintf.s:10
    strchr.o                  common/strchr.s:10
    staspidx.o                runtime/staspidx.s:9
    shrax3.o                  runtime/shrax3.s:8
    shrax1.o                  runtime/shrax1.s:8
    shelp.o                   runtime/shelp.s:12
    mod.o                     runtime/mod.s:12
    incaxy.o                  runtime/incaxy.s:8
    decaxy.o                  runtime/decaxy.s:8
    cputs.o                   conio/cputs.s:10
    c_setlfs.o                cbm/c_setlfs.s:13
    c_save.o                  cbm/c_save.s:11
    aslax4.o                  runtime/aslax4.s:8
    aslax3.o                  runtime/aslax3.s:8
    aslax2.o                  runtime/aslax2.s:8
    aslax1.o                  runtime/aslax1.s:8
    add.o                     runtime/add.s:12
    vdc_core.o                src/vdc_core.s:11
    main.o                    src/main.s:11
tmp2 (zeropage.o):
    shelp.o                   runtime/shelp.s:12
tmp3 (zeropage.o):
    strcat.o                  common/strcat.s:10
tosaddax (add.o):
    main.o                    src/main.s:9664
    main.o                    src/main.s:9664
    main.o                    src/main.s:9664
tosicmp (icmp.o):
    main.o                    src/main.s:9664
    main.o                    src/main.s:9664
    main.o                    src/main.s:9664
toslcmp (lcmp.o):
    lult.o                    runtime/lult.s:8
tosmoda0 (mod.o):
    main.o                    src/main.s:9664
tosmula0 (mul8.o):
    main.o                    src/main.s:9664
    main.o                    src/main.s:9664
    main.o                    src/main.s:9664
    main.o                    src/main.s:9664
    main.o                    src/main.s:9664
    main.o                    src/main.s:9664
    main.o                    src/main.s:9664
    main.o                    src/main.s:9664
    main.o                    src/main.s:9664
tossuba0 (sub.o):
    main.o                    src/main.s:9664
tossubax (sub.o):
    main.o                    src/main.s:9664
    main.o                    src/main.s:9664
tossubeax (lsub.o):
    main.o                    src/main.s:9664
tosudiva0 (udiv.o):
    main.o                    src/main.s:9664
tosulteax (lult.o):
    main.o                    src/main.s:9664
tosumula0 (mul8.o):
    vdc_core.o                src/vdc_core.s:1256
    main.o                    src/main.s:9664
    main.o                    src/main.s:9664
    main.o                    src/main.s:9664
    main.o                    src/main.s:9664
udiv16 (udiv.o):
    shelp.o                   runtime/shelp.s:11
vsnprintf (vsnprintf.o):
    vsprintf.o                common/vsprintf.s:9
writefndiskcmd (diskcmd.o):
    scratch.o                 cbm/scratch.s:8
zerobss (zerobss.o):
    crt0.o                    c128/crt0.s:8

