Modules list:
-------------
main.o:
    CODE              Offs=000000  Size=000208  Align=00001  Fill=0000
    RODATA            Offs=000000  Size=0000A5  Align=00001  Fill=0000
libsedoric-ca65.o:
    CODE              Offs=000208  Size=0001EA  Align=00001  Fill=0000
/mnt/c/cc65/lib/atmos.lib(_cursor.o):
    BSS               Offs=000000  Size=000001  Align=00001  Fill=0000
/mnt/c/cc65/lib/atmos.lib(_hextab.o):
    RODATA            Offs=0000A5  Size=000010  Align=00001  Fill=0000
/mnt/c/cc65/lib/atmos.lib(_longminstr.o):
    RODATA            Offs=0000B5  Size=00000C  Align=00001  Fill=0000
/mnt/c/cc65/lib/atmos.lib(_printf.o):
    CODE              Offs=0003F2  Size=0003A5  Align=00001  Fill=0000
    BSS               Offs=000001  Size=00002B  Align=00001  Fill=0000
    DATA              Offs=000000  Size=000003  Align=00001  Fill=0000
/mnt/c/cc65/lib/atmos.lib(addeqsp.o):
    CODE              Offs=000797  Size=000011  Align=00001  Fill=0000
/mnt/c/cc65/lib/atmos.lib(addysp.o):
    CODE              Offs=0007A8  Size=00000E  Align=00001  Fill=0000
/mnt/c/cc65/lib/atmos.lib(axlong.o):
    CODE              Offs=0007B6  Size=00000D  Align=00001  Fill=0000
/mnt/c/cc65/lib/atmos.lib(callmain.o):
    CODE              Offs=0007C3  Size=000017  Align=00001  Fill=0000
    DATA              Offs=000003  Size=000004  Align=00001  Fill=0000
/mnt/c/cc65/lib/atmos.lib(capslock.o):
    CODE              Offs=0007DA  Size=000007  Align=00001  Fill=0000
    ONCE              Offs=000000  Size=00000C  Align=00001  Fill=0000
    INIT              Offs=000000  Size=000001  Align=00001  Fill=0000
/mnt/c/cc65/lib/atmos.lib(cgetc.o):
    CODE              Offs=0007E1  Size=00002F  Align=00001  Fill=0000
/mnt/c/cc65/lib/atmos.lib(clock.o):
    CODE              Offs=000810  Size=000011  Align=00001  Fill=0000
/mnt/c/cc65/lib/atmos.lib(clrscr.o):
    CODE              Offs=000821  Size=000026  Align=00001  Fill=0000
/mnt/c/cc65/lib/atmos.lib(color.o):
/mnt/c/cc65/lib/atmos.lib(condes.o):
    CODE              Offs=000847  Size=00000C  Align=00001  Fill=0000
    DATA              Offs=000007  Size=000025  Align=00001  Fill=0000
    ONCE              Offs=00000C  Size=00000C  Align=00001  Fill=0000
/mnt/c/cc65/lib/atmos.lib(cprintf.o):
    CODE              Offs=000853  Size=00002A  Align=00001  Fill=0000
    BSS               Offs=00002C  Size=000001  Align=00001  Fill=0000
/mnt/c/cc65/lib/atmos.lib(cputc.o):
    CODE              Offs=00087D  Size=00004A  Align=00001  Fill=0000
    RODATA            Offs=0000C1  Size=000038  Align=00001  Fill=0000
    ONCE              Offs=000018  Size=000007  Align=00001  Fill=0000
/mnt/c/cc65/lib/atmos.lib(cputs.o):
    CODE              Offs=0008C7  Size=000023  Align=00001  Fill=0000
/mnt/c/cc65/lib/atmos.lib(crt0.o):
    STARTUP           Offs=000000  Size=000025  Align=00001  Fill=0000
    ONCE              Offs=00001F  Size=000020  Align=00001  Fill=0000
    INIT              Offs=000001  Size=00001C  Align=00001  Fill=0000
/mnt/c/cc65/lib/atmos.lib(ctype.o):
    RODATA            Offs=0000F9  Size=00008B  Align=00001  Fill=0000
/mnt/c/cc65/lib/atmos.lib(ctypemask.o):
    CODE              Offs=0008EA  Size=00001E  Align=00001  Fill=0000
/mnt/c/cc65/lib/atmos.lib(decsp4.o):
    CODE              Offs=000908  Size=00000D  Align=00001  Fill=0000
/mnt/c/cc65/lib/atmos.lib(decsp6.o):
    CODE              Offs=000915  Size=00000D  Align=00001  Fill=0000
/mnt/c/cc65/lib/atmos.lib(gotoxy.o):
    CODE              Offs=000922  Size=00000D  Align=00001  Fill=0000
/mnt/c/cc65/lib/atmos.lib(incsp2.o):
    CODE              Offs=00092F  Size=000016  Align=00001  Fill=0000
/mnt/c/cc65/lib/atmos.lib(incsp6.o):
    CODE              Offs=000945  Size=000005  Align=00001  Fill=0000
/mnt/c/cc65/lib/atmos.lib(lneg.o):
    CODE              Offs=00094A  Size=00001E  Align=00001  Fill=0000
/mnt/c/cc65/lib/atmos.lib(lpush.o):
    CODE              Offs=000968  Size=000021  Align=00001  Fill=0000
/mnt/c/cc65/lib/atmos.lib(ltoa.o):
    CODE              Offs=000989  Size=000095  Align=00001  Fill=0000
/mnt/c/cc65/lib/atmos.lib(mul8.o):
    CODE              Offs=000A1E  Size=00003A  Align=00001  Fill=0000
/mnt/c/cc65/lib/atmos.lib(negabs.o):
    CODE              Offs=000A58  Size=000012  Align=00001  Fill=0000
/mnt/c/cc65/lib/atmos.lib(popa.o):
    CODE              Offs=000A6A  Size=00000C  Align=00001  Fill=0000
/mnt/c/cc65/lib/atmos.lib(popptr1.o):
    CODE              Offs=000A76  Size=00000E  Align=00001  Fill=0000
/mnt/c/cc65/lib/atmos.lib(push1.o):
    CODE              Offs=000A84  Size=000005  Align=00001  Fill=0000
/mnt/c/cc65/lib/atmos.lib(pushax.o):
    CODE              Offs=000A89  Size=00001A  Align=00001  Fill=0000
/mnt/c/cc65/lib/atmos.lib(pushwsp.o):
    CODE              Offs=000AA3  Size=00001C  Align=00001  Fill=0000
/mnt/c/cc65/lib/atmos.lib(rand.o):
    CODE              Offs=000ABF  Size=000034  Align=00001  Fill=0000
    DATA              Offs=00002C  Size=000004  Align=00001  Fill=0000
/mnt/c/cc65/lib/atmos.lib(return0.o):
    CODE              Offs=000AF3  Size=000004  Align=00001  Fill=0000
/mnt/c/cc65/lib/atmos.lib(return1.o):
    CODE              Offs=000AF7  Size=000005  Align=00001  Fill=0000
/mnt/c/cc65/lib/atmos.lib(revers.o):
    CODE              Offs=000AFC  Size=000016  Align=00001  Fill=0000
    BSS               Offs=00002D  Size=000001  Align=00001  Fill=0000
/mnt/c/cc65/lib/atmos.lib(staspidx.o):
    CODE              Offs=000B12  Size=000016  Align=00001  Fill=0000
/mnt/c/cc65/lib/atmos.lib(staxsp.o):
    CODE              Offs=000B28  Size=00000B  Align=00001  Fill=0000
/mnt/c/cc65/lib/atmos.lib(strlen.o):
    CODE              Offs=000B33  Size=000016  Align=00001  Fill=0000
/mnt/c/cc65/lib/atmos.lib(strlower.o):
    CODE              Offs=000B49  Size=000027  Align=00001  Fill=0000
/mnt/c/cc65/lib/atmos.lib(vcprintf.o):
    CODE              Offs=000B70  Size=00007A  Align=00001  Fill=0000
    DATA              Offs=000030  Size=000008  Align=00001  Fill=0000
/mnt/c/cc65/lib/atmos.lib(zerobss.o):
    CODE              Offs=000BEA  Size=000023  Align=00001  Fill=0000
/mnt/c/cc65/lib/atmos.lib(zeropage.o):
    ZEROPAGE          Offs=000000  Size=00001A  Align=00001  Fill=0000


Segment list:
-------------
Name                   Start     End    Size  Align
----------------------------------------------------
ZEROPAGE              000050  000069  00001A  00001
STARTUP               000501  000525  000025  00001
CODE                  000600  00120C  000C0D  00001
RODATA                00120D  001392  000186  00001
DATA                  001393  0013CA  000038  00001
INIT                  0013CB  0013E7  00001D  00001
BSS                   0013E8  001415  00002E  00001
ONCE                  0013E8  00142A  000043  00001


Exports list by name:
---------------------
__BSS_RUN__               0013E8 RLA    __BSS_SIZE__              00002E REA    
__CONSTRUCTOR_COUNT__     000002 REA    __CONSTRUCTOR_TABLE__     001427 RLA    
__DESTRUCTOR_COUNT__      000001 REA    __DESTRUCTOR_TABLE__      001391 RLA    
__GRAB__                  000000 REA    __MAIN_SIZE__             0092FF REA    
__MAIN_START__            000501 RLA    __ONCE_RUN__              0013E8 RLA    
__RAMEND__                009800 REA    __STACKSIZE__             000800 REA    
__STARTUP__               000001 REA    __ctype                   001306 RLA    
__ctypeidx                001311 RLA    __hextab                  0012B2 RLA    
__longminstr              0012C2 RLA    __printf                  000AE5 RLA    
_bgcolor                  0010F3 REA    _cgetc                    000DE1 RLA    
_clock                    000E10 RLA    _clrscr                   000E21 RLA    
_cprintf                  000E53 RLA    _cputc                    000E88 RLA    
_cputs                    000ED1 RLA    _ltoa                     000FA1 RLA    
_main                     00068B RLA    _rand                     0010CB RLA    
_sed_begin                00080A RLA    _sed_end                  00080C RLA    
_sed_err                  000810 RLA    _sed_fname                000808 RLA    
_sed_loadfile             00086C RLA    _sed_savefile             000812 RLA    
_sed_size                 00080E RLA    _srand                    0010BF RLA    
_strlen                   001133 RLA    _strlower                 001149 RLA    
_textcolor                0010F7 REA    _ultoa                    000FE2 RLA    
_vcprintf                 0011BA RLA    addeqysp                  000D99 RLA    
addysp                    000DA9 RLA    axlong                    000DB6 RLA    
axulong                   000DBC RLA    callmain                  000DC3 RLA    
ctypemaskdirect           000EEE RLA    cursor                    0013E8 RLA    
decsp4                    000F08 RLA    decsp6                    000F15 RLA    
disable_caps              0013E8 RLAI   donelib                   000E47 RLA    
gotoxy                    000F22 RLA    incsp2                    000F37 RLA    
incsp6                    000F45 RLA    initcputc                 001400  LAI   
initlib                   0013F4 RLA    negax                     00105C RLA    
negeax                    000F4A RLA    popa                      00106A RLA    
popax                     000F2F RLA    popptr1                   001076 RLA    
ptr1                      000058 RLZ    ptr2                      00005A RLZ    
ptr3                      00005C RLZ    ptr4                      00005E RLZ    
push1                     001084 RLA    pusha0                    00108B RLA    
pushax                    00108D RLA    pusheax                   000F71 RLA    
pushwysp                  0010A5 RLA    regbank                   000064 RLZ    
restore_caps              000DDA  LAI   return0                   0010F3 RLA    
return1                   0010F7 RLA    rvs                       001415 RLA    
sp                        000050 RLZ    sreg                      000052 RLZ    
staspidx                  001112 RLA    staxysp                   00112A RLA    
tmp1                      000060 RLZ    tosumula0                 00101E RLA    
zerobss                   0011EA RLA    


Exports list by value:
----------------------
__GRAB__                  000000 REA    __DESTRUCTOR_COUNT__      000001 REA    
__STARTUP__               000001 REA    __CONSTRUCTOR_COUNT__     000002 REA    
__BSS_SIZE__              00002E REA    sp                        000050 RLZ    
sreg                      000052 RLZ    ptr1                      000058 RLZ    
ptr2                      00005A RLZ    ptr3                      00005C RLZ    
ptr4                      00005E RLZ    tmp1                      000060 RLZ    
regbank                   000064 RLZ    __MAIN_START__            000501 RLA    
_main                     00068B RLA    __STACKSIZE__             000800 REA    
_sed_fname                000808 RLA    _sed_begin                00080A RLA    
_sed_end                  00080C RLA    _sed_size                 00080E RLA    
_sed_err                  000810 RLA    _sed_savefile             000812 RLA    
_sed_loadfile             00086C RLA    __printf                  000AE5 RLA    
addeqysp                  000D99 RLA    addysp                    000DA9 RLA    
axlong                    000DB6 RLA    axulong                   000DBC RLA    
callmain                  000DC3 RLA    restore_caps              000DDA  LAI   
_cgetc                    000DE1 RLA    _clock                    000E10 RLA    
_clrscr                   000E21 RLA    donelib                   000E47 RLA    
_cprintf                  000E53 RLA    _cputc                    000E88 RLA    
_cputs                    000ED1 RLA    ctypemaskdirect           000EEE RLA    
decsp4                    000F08 RLA    decsp6                    000F15 RLA    
gotoxy                    000F22 RLA    popax                     000F2F RLA    
incsp2                    000F37 RLA    incsp6                    000F45 RLA    
negeax                    000F4A RLA    pusheax                   000F71 RLA    
_ltoa                     000FA1 RLA    _ultoa                    000FE2 RLA    
tosumula0                 00101E RLA    negax                     00105C RLA    
popa                      00106A RLA    popptr1                   001076 RLA    
push1                     001084 RLA    pusha0                    00108B RLA    
pushax                    00108D RLA    pushwysp                  0010A5 RLA    
_srand                    0010BF RLA    _rand                     0010CB RLA    
_bgcolor                  0010F3 REA    return0                   0010F3 RLA    
_textcolor                0010F7 REA    return1                   0010F7 RLA    
staspidx                  001112 RLA    staxysp                   00112A RLA    
_strlen                   001133 RLA    _strlower                 001149 RLA    
_vcprintf                 0011BA RLA    zerobss                   0011EA RLA    
__hextab                  0012B2 RLA    __longminstr              0012C2 RLA    
__ctype                   001306 RLA    __ctypeidx                001311 RLA    
__DESTRUCTOR_TABLE__      001391 RLA    __BSS_RUN__               0013E8 RLA    
__ONCE_RUN__              0013E8 RLA    cursor                    0013E8 RLA    
disable_caps              0013E8 RLAI   initlib                   0013F4 RLA    
initcputc                 001400  LAI   rvs                       001415 RLA    
__CONSTRUCTOR_TABLE__     001427 RLA    __MAIN_SIZE__             0092FF REA    
__RAMEND__                009800 REA    


Imports list:
-------------
__BSS_RUN__ ([linker generated]):
    zerobss.o                 common/zerobss.s(8)
__BSS_SIZE__ ([linker generated]):
    zerobss.o                 common/zerobss.s(8)
__CONSTRUCTOR_COUNT__ ([linker generated]):
    condes.o                  runtime/condes.s(18)
__CONSTRUCTOR_TABLE__ ([linker generated]):
    condes.o                  runtime/condes.s(18)
__DESTRUCTOR_COUNT__ ([linker generated]):
    condes.o                  runtime/condes.s(19)
__DESTRUCTOR_TABLE__ ([linker generated]):
    condes.o                  runtime/condes.s(19)
__GRAB__ ([linker generated]):
    [linker generated]        /mnt/c/cc65/cfg/atmos.cfg(8)
__MAIN_SIZE__ ([linker generated]):
    crt0.o                    atmos/crt0.s(13)
__MAIN_START__ ([linker generated]):
    crt0.o                    atmos/crt0.s(13)
    [linker generated]        /mnt/c/cc65/cfg/atmos.cfg(14)
__ONCE_RUN__ ([linker generated]):
    [linker generated]        /mnt/c/cc65/cfg/atmos.cfg(15)
    [linker generated]        /mnt/c/cc65/cfg/atmos.cfg(15)
__RAMEND__ ([linker generated]):
    [linker generated]        /mnt/c/cc65/cfg/atmos.cfg(15)
    [linker generated]        /mnt/c/cc65/cfg/atmos.cfg(14)
__STACKSIZE__ ([linker generated]):
    [linker generated]        /mnt/c/cc65/cfg/atmos.cfg(15)
__STARTUP__ (crt0.o):
    main.o                    src/main.s(13)
__ctype (ctype.o):
    ctypemask.o               common/ctypemask.s(23)
__ctypeidx (ctype.o):
    ctypemask.o               common/ctypemask.s(24)
__hextab (_hextab.o):
    ltoa.o                    common/ltoa.s(10)
__longminstr (_longminstr.o):
    ltoa.o                    common/ltoa.s(10)
__printf (_printf.o):
    vcprintf.o                conio/vcprintf.s(9)
_bgcolor (color.o):
    main.o                    src/main.s(21)
_cgetc (cgetc.o):
    main.o                    src/main.s(19)
_clock (clock.o):
    main.o                    src/main.s(22)
_clrscr (clrscr.o):
    main.o                    src/main.s(16)
_cprintf (cprintf.o):
    main.o                    src/main.s(18)
_cputc (cputc.o):
    vcprintf.o                conio/vcprintf.s(9)
    cputs.o                   conio/cputs.s(9)
_cputs (cputs.o):
    main.o                    src/main.s(17)
_ltoa (ltoa.o):
    _printf.o                 common/_printf.s(12)
_main (main.o):
    callmain.o                runtime/callmain.s(11)
_rand (rand.o):
    main.o                    src/main.s(14)
_sed_begin (libsedoric-ca65.o):
    main.o                    src/main.s(24)
_sed_end (libsedoric-ca65.o):
    main.o                    src/main.s(25)
_sed_err (libsedoric-ca65.o):
    main.o                    src/main.s(27)
_sed_fname (libsedoric-ca65.o):
    main.o                    src/main.s(23)
_sed_loadfile (libsedoric-ca65.o):
    main.o                    src/main.s(349)
_sed_savefile (libsedoric-ca65.o):
    main.o                    src/main.s(349)
_sed_size (libsedoric-ca65.o):
    main.o                    src/main.s(26)
_srand (rand.o):
    main.o                    src/main.s(15)
_strlen (strlen.o):
    _printf.o                 common/_printf.s(13)
_strlower (strlower.o):
    _printf.o                 common/_printf.s(13)
_textcolor (color.o):
    main.o                    src/main.s(20)
_ultoa (ltoa.o):
    _printf.o                 common/_printf.s(12)
_vcprintf (vcprintf.o):
    cprintf.o                 conio/cprintf.s(8)
addeqysp (addeqsp.o):
    main.o                    src/main.s(349)
addysp (addysp.o):
    incsp6.o                  runtime/incsp6.s(8)
    cprintf.o                 conio/cprintf.s(8)
axlong (axlong.o):
    _printf.o                 common/_printf.s(11)
axulong (axlong.o):
    _printf.o                 common/_printf.s(11)
callmain (callmain.o):
    crt0.o                    atmos/crt0.s(12)
ctypemaskdirect (ctypemask.o):
    strlower.o                common/strlower.s(14)
cursor (_cursor.o):
    cgetc.o                   atmos/cgetc.s(10)
decsp4 (decsp4.o):
    lpush.o                   runtime/lpush.s(12)
    main.o                    src/main.s(349)
decsp6 (decsp6.o):
    _printf.o                 common/_printf.s(11)
    main.o                    src/main.s(349)
disable_caps (capslock.o):
    cgetc.o                   atmos/cgetc.s(11)
donelib (condes.o):
    crt0.o                    atmos/crt0.s(11)
gotoxy (gotoxy.o):
    cputs.o                   conio/cputs.s(9)
incsp2 (incsp2.o):
    staspidx.o                runtime/staspidx.s(8)
    popptr1.o                 runtime/popptr1.s(8)
incsp6 (incsp6.o):
    main.o                    src/main.s(349)
    main.o                    src/main.s(349)
    main.o                    src/main.s(349)
initlib (condes.o):
    crt0.o                    atmos/crt0.s(11)
negax (negabs.o):
    clock.o                   atmos/clock.s(8)
negeax (lneg.o):
    ltoa.o                    common/ltoa.s(9)
popa (popa.o):
    gotoxy.o                  atmos/gotoxy.s(10)
popax (incsp2.o):
    ltoa.o                    common/ltoa.s(9)
    cputc.o                   atmos/cputc.s(13)
    _printf.o                 common/_printf.s(11)
    vcprintf.o                conio/vcprintf.s(8)
popptr1 (popptr1.o):
    ltoa.o                    common/ltoa.s(9)
    vcprintf.o                conio/vcprintf.s(8)
    mul8.o                    runtime/mul8.s(9)
ptr1 (zeropage.o):
    strlower.o                common/strlower.s(13)
    ltoa.o                    common/ltoa.s(11)
    _printf.o                 /mnt/c/cc65/asminc/zeropage.inc(12)
    zerobss.o                 common/zerobss.s(9)
    vcprintf.o                conio/vcprintf.s(10)
    staspidx.o                runtime/staspidx.s(9)
    popptr1.o                 runtime/popptr1.s(9)
    mul8.o                    runtime/mul8.s(10)
    cputs.o                   conio/cputs.s(10)
    cprintf.o                 conio/cprintf.s(9)
    main.o                    src/main.s(11)
ptr2 (zeropage.o):
    strlower.o                common/strlower.s(13)
    strlen.o                  common/strlen.s(12)
    ltoa.o                    common/ltoa.s(11)
    cputc.o                   atmos/cputc.s(14)
    _printf.o                 /mnt/c/cc65/asminc/zeropage.inc(12)
    vcprintf.o                conio/vcprintf.s(10)
    clrscr.o                  atmos/clrscr.s(7)
ptr3 (zeropage.o):
    ltoa.o                    common/ltoa.s(11)
    vcprintf.o                conio/vcprintf.s(10)
ptr4 (zeropage.o):
    mul8.o                    runtime/mul8.s(10)
push1 (push1.o):
    _printf.o                 common/_printf.s(11)
pusha0 (pushax.o):
    push1.o                   runtime/push1.s(8)
    main.o                    src/main.s(349)
pushax (pushax.o):
    callmain.o                runtime/callmain.s(11)
    _printf.o                 common/_printf.s(11)
    vcprintf.o                conio/vcprintf.s(8)
    cprintf.o                 conio/cprintf.s(8)
    main.o                    src/main.s(349)
    main.o                    src/main.s(349)
    main.o                    src/main.s(349)
pusheax (lpush.o):
    _printf.o                 common/_printf.s(11)
pushwysp (pushwsp.o):
    main.o                    src/main.s(349)
regbank (zeropage.o):
    _printf.o                 /mnt/c/cc65/asminc/zeropage.inc(14)
return0 (return0.o):
    color.o                   atmos/color.s(10)
return1 (return1.o):
    color.o                   atmos/color.s(10)
rvs (revers.o):
    cputc.o                   atmos/cputc.s(12)
sp (zeropage.o):
    lpush.o                   runtime/lpush.s(13)
    incsp2.o                  runtime/incsp2.s(8)
    addysp.o                  runtime/addysp.s(8)
    _printf.o                 /mnt/c/cc65/asminc/zeropage.inc(11)
    vcprintf.o                conio/vcprintf.s(10)
    staxsp.o                  runtime/staxsp.s(8)
    staspidx.o                runtime/staspidx.s(9)
    pushwsp.o                 runtime/pushwsp.s(8)
    pushax.o                  runtime/pushax.s(8)
    popptr1.o                 runtime/popptr1.s(9)
    popa.o                    runtime/popa.s(8)
    decsp6.o                  runtime/decsp6.s(8)
    decsp4.o                  runtime/decsp4.s(8)
    crt0.o                    /mnt/c/cc65/asminc/zeropage.inc(11)
    cprintf.o                 conio/cprintf.s(9)
    addeqsp.o                 runtime/addeqsp.s(8)
    main.o                    src/main.s(10)
sreg (zeropage.o):
    lneg.o                    runtime/lneg.s(11)
    ltoa.o                    common/ltoa.s(11)
    lpush.o                   runtime/lpush.s(13)
    axlong.o                  runtime/axlong.s(9)
    _printf.o                 /mnt/c/cc65/asminc/zeropage.inc(11)
    clock.o                   atmos/clock.s(9)
staspidx (staspidx.o):
    main.o                    src/main.s(349)
staxysp (staxsp.o):
    main.o                    src/main.s(349)
tmp1 (zeropage.o):
    ltoa.o                    common/ltoa.s(11)
    _printf.o                 /mnt/c/cc65/asminc/zeropage.inc(13)
    vcprintf.o                conio/vcprintf.s(10)
    staspidx.o                runtime/staspidx.s(9)
    cputs.o                   conio/cputs.s(10)
tosumula0 (mul8.o):
    main.o                    src/main.s(349)
zerobss (zerobss.o):
    crt0.o                    atmos/crt0.s(12)

